
Allocating common symbols
Common symbol       size              file

task_stack_mm       0x2800            kernel/proc.o
pf_list             0x4               mm/main.o
task_stack_hd       0x2800            kernel/proc.o
inode_table         0x18000           fs/main.o
exe_msg             0x2c              exe/main.o
task_stack_init     0x2800            kernel/proc.o
dirent_buf          0x200             fs/main.o
task_stack_c        0x2800            kernel/proc.o
task_stack_b        0x2800            kernel/proc.o
inode_buf           0x10000           fs/main.o
tty_table           0x250             driver/tty.o
fs_msg              0x2c              fs/main.o
nr_current_console  0x4               kernel/start.o
task_stack_exe      0x2800            kernel/proc.o
f_desc_table        0x180             fs/main.o
fsbuf               0x11000           fs/main.o
hd_msg              0x2c              driver/hd.o
p_current_proc      0x4               kernel/start.o
mi                  0x4               mm/main.o
mm_msg              0x2c              mm/main.o
task_stack_d        0x2800            kernel/proc.o
task_stack_tty      0x2800            kernel/proc.o
p_current_tty       0x4               driver/keyboard.o
ticks               0x4               kernel/start.o
exception_table     0x50              kernel/exception.o
task_stack_fs       0x2800            kernel/proc.o
console_table       0x40              driver/console.o
irq_table           0x40              kernel/irq.o
task_stack_e        0x2800            kernel/proc.o
hd_buf              0x400             driver/hd.o
proc_table          0x1600            kernel/proc.o
task_stack_a        0x2800            kernel/proc.o
re_enter            0x4               kernel/main.o
smap_buf            0xa00             fs/main.o
imap_buf            0x200             fs/main.o

Discarded input sections

 .note.GNU-stack
                0x0000000000000000        0x0 kernel/start.o
 .note.GNU-stack
                0x0000000000000000        0x0 kernel/main.o
 .note.GNU-stack
                0x0000000000000000        0x0 kernel/protect.o
 .note.GNU-stack
                0x0000000000000000        0x0 kernel/clock.o
 .note.GNU-stack
                0x0000000000000000        0x0 kernel/proc.o
 .note.GNU-stack
                0x0000000000000000        0x0 kernel/irq.o
 .note.GNU-stack
                0x0000000000000000        0x0 kernel/exception.o
 .note.GNU-stack
                0x0000000000000000        0x0 kernel/test.o
 .note.GNU-stack
                0x0000000000000000        0x0 driver/keyboard.o
 .note.GNU-stack
                0x0000000000000000        0x0 driver/tty.o
 .note.GNU-stack
                0x0000000000000000        0x0 driver/hd.o
 .note.GNU-stack
                0x0000000000000000        0x0 driver/console.o
 .note.GNU-stack
                0x0000000000000000        0x0 lib/string.o
 .note.GNU-stack
                0x0000000000000000        0x0 lib/printf.o
 .note.GNU-stack
                0x0000000000000000        0x0 lib/vsprintf.o
 .note.GNU-stack
                0x0000000000000000        0x0 lib/io.o
 .note.GNU-stack
                0x0000000000000000        0x0 fs/main.o
 .note.GNU-stack
                0x0000000000000000        0x0 fs/open.o
 .note.GNU-stack
                0x0000000000000000        0x0 fs/misc.o
 .note.GNU-stack
                0x0000000000000000        0x0 fs/close.o
 .note.GNU-stack
                0x0000000000000000        0x0 fs/rdwt.o
 .note.GNU-stack
                0x0000000000000000        0x0 fs/unlink.o
 .note.GNU-stack
                0x0000000000000000        0x0 mm/main.o
 .note.GNU-stack
                0x0000000000000000        0x0 mm/vmalloc.o
 .note.GNU-stack
                0x0000000000000000        0x0 mm/vmfree.o
 .note.GNU-stack
                0x0000000000000000        0x0 mm/misc.o
 .note.GNU-stack
                0x0000000000000000        0x0 mm/brk.o
 .note.GNU-stack
                0x0000000000000000        0x0 exe/main.o
 .note.GNU-stack
                0x0000000000000000        0x0 exe/fork.o

Memory Configuration

Name             Origin             Length             Attributes
*default*        0x0000000000000000 0xffffffffffffffff

Linker script and memory map

Address of section .text set to 0x1b400
LOAD kernel/kernel.o
LOAD kernel/start.o
LOAD kernel/8259A.o
LOAD kernel/main.o
LOAD kernel/protect.o
LOAD kernel/clock.o
LOAD kernel/syscall.o
LOAD kernel/proc.o
LOAD kernel/irq.o
LOAD kernel/exception.o
LOAD kernel/test.o
LOAD driver/keyboard.o
LOAD driver/tty.o
LOAD driver/hd.o
LOAD driver/console.o
LOAD lib/klib.o
LOAD lib/string.o
LOAD lib/printf.o
LOAD lib/vsprintf.o
LOAD lib/io.o
LOAD fs/main.o
LOAD fs/open.o
LOAD fs/misc.o
LOAD fs/close.o
LOAD fs/rdwt.o
LOAD fs/unlink.o
LOAD mm/main.o
LOAD mm/vmalloc.o
LOAD mm/vmfree.o
LOAD mm/misc.o
LOAD mm/brk.o
LOAD exe/main.o
LOAD exe/fork.o
                0x0000000008048000                PROVIDE (__executable_start, 0x8048000)
                0x0000000008048094                . = (0x8048000 + SIZEOF_HEADERS)

.interp
 *(.interp)

.note.gnu.build-id
 *(.note.gnu.build-id)

.hash
 *(.hash)

.gnu.hash
 *(.gnu.hash)

.dynsym
 *(.dynsym)

.dynstr
 *(.dynstr)

.gnu.version
 *(.gnu.version)

.gnu.version_d
 *(.gnu.version_d)

.gnu.version_r
 *(.gnu.version_r)

.rel.dyn        0x0000000008048094        0x0
 *(.rel.init)
 *(.rel.text .rel.text.* .rel.gnu.linkonce.t.*)
 .rel.text      0x0000000000000000        0x0 kernel/kernel.o
 *(.rel.fini)
 *(.rel.rodata .rel.rodata.* .rel.gnu.linkonce.r.*)
 *(.rel.data.rel.ro .rel.data.rel.ro.* .rel.gnu.linkonce.d.rel.ro.*)
 *(.rel.data .rel.data.* .rel.gnu.linkonce.d.*)
 .rel.data      0x0000000000000000        0x0 kernel/kernel.o
 *(.rel.tdata .rel.tdata.* .rel.gnu.linkonce.td.*)
 *(.rel.tbss .rel.tbss.* .rel.gnu.linkonce.tb.*)
 *(.rel.ctors)
 *(.rel.dtors)
 *(.rel.got)
 *(.rel.bss .rel.bss.* .rel.gnu.linkonce.b.*)
 *(.rel.ifunc)

.rel.plt        0x0000000008048094        0x0
 *(.rel.plt)
                0x0000000008048094                PROVIDE (__rel_iplt_start, .)
 *(.rel.iplt)
 .rel.iplt      0x0000000000000000        0x0 kernel/kernel.o
                0x0000000008048094                PROVIDE (__rel_iplt_end, .)

.init
 *(SORT(.init))

.plt            0x00000000080480a0        0x0
 *(.plt)
 *(.iplt)
 .iplt          0x0000000000000000        0x0 kernel/kernel.o

.text           0x000000000001b400     0x7504
 *(.text.unlikely .text.*_unlikely .text.unlikely.*)
 *(.text.exit .text.exit.*)
 *(.text.startup .text.startup.*)
 *(.text.hot .text.hot.*)
 *(.text .stub .text.* .gnu.linkonce.t.*)
 .text          0x000000000001b400      0xbb1 kernel/kernel.o
                0x000000000001b400                _start
                0x000000000001b475                divide_error
                0x000000000001b4c2                debug_exception
                0x000000000001b50f                nmi
                0x000000000001b55c                breakpoint
                0x000000000001b5a9                overflow
                0x000000000001b5f6                out_of_bound
                0x000000000001b643                invalid_opcode
                0x000000000001b690                no_math_coprocessor
                0x000000000001b6dd                double_fault
                0x000000000001b728                coprocessor_error
                0x000000000001b775                invalid_tss
                0x000000000001b7c0                not_present
                0x000000000001b80b                stack_error
                0x000000000001b856                general_protect
                0x000000000001b8a1                page_fault
                0x000000000001b8ec                mcu_fault
                0x000000000001b939                align_check
                0x000000000001b984                mechine
                0x000000000001b9d1                simd_error
                0x000000000001ba1e                hwint_0
                0x000000000001ba6e                hwint_1
                0x000000000001babe                hwint_2
                0x000000000001bb0e                hwint_3
                0x000000000001bb5e                hwint_4
                0x000000000001bbae                hwint_5
                0x000000000001bbfe                hwint_6
                0x000000000001bc4e                hwint_7
                0x000000000001bc9e                hwint_8
                0x000000000001bcf0                hwint_9
                0x000000000001bd42                hwint_10
                0x000000000001bd94                hwint_11
                0x000000000001bde6                hwint_12
                0x000000000001be38                hwint_13
                0x000000000001be8a                hwint_14
                0x000000000001bedc                hwint_15
                0x000000000001bf2e                sys_call
                0x000000000001bf85                proc_begin
 .text          0x000000000001bfb1      0x6ce kernel/start.o
                0x000000000001bfb1                cstart
 *fill*         0x000000000001c67f        0x1 
 .text          0x000000000001c680       0x5c kernel/8259A.o
                0x000000000001c680                init_8259A
 .text          0x000000000001c6dc      0x2c8 kernel/main.o
                0x000000000001c6dc                kernel_main
 .text          0x000000000001c9a4      0x204 kernel/protect.o
                0x000000000001c9a4                init_desc
                0x000000000001ca05                init_idt_desc
                0x000000000001ca66                init_prot
                0x000000000001caeb                get_base
                0x000000000001cb39                get_limit
                0x000000000001cb6e                granularity
 .text          0x000000000001cba8      0x1e0 kernel/clock.o
                0x000000000001cba8                disp_time
                0x000000000001cce9                clock_handler
                0x000000000001cd16                init_clock
 *fill*         0x000000000001cd88        0x8 
 .text          0x000000000001cd90       0x8c kernel/syscall.o
                0x000000000001cd90                get_ticks
                0x000000000001cd98                sendrecv
                0x000000000001cdac                getpid
                0x000000000001cdb4                getppid
                0x000000000001cdbc                printk
                0x000000000001cdc8                sem_init
                0x000000000001cdd8                sem_post
                0x000000000001cde4                sem_wait
                0x000000000001cdf0                getcr3
                0x000000000001cdf8                write_process_memory
                0x000000000001ce10                sleep
 .text          0x000000000001ce1c      0xbfc kernel/proc.o
                0x000000000001ce1c                sys_get_ticks
                0x000000000001ce26                sys_sendrecv
                0x000000000001ced4                sys_getpid
                0x000000000001cee1                sys_getppid
                0x000000000001ceee                sys_printk
                0x000000000001cf21                sys_sem_init
                0x000000000001cf5e                sys_sem_post
                0x000000000001cfc5                sys_sem_wait
                0x000000000001d037                sys_write_process_memory
                0x000000000001d084                sys_sleep
                0x000000000001d0d6                schedule
                0x000000000001d180                inform_int
                0x000000000001d222                interrupt_wait
                0x000000000001d245                init_send_queue
                0x000000000001d27b                va2la
                0x000000000001d2a8                va2pa
                0x000000000001d313                dump_msg
                0x000000000001d344                failure
                0x000000000001d3b7                panic
                0x000000000001d41a                msg_send
                0x000000000001d5ad                msg_recv
                0x000000000001d830                block
                0x000000000001d86b                unblock
                0x000000000001d870                deadlock
                0x000000000001d8f2                enqueue
                0x000000000001d978                dequeue
                0x000000000001da06                empty
 .text          0x000000000001da18      0x128 kernel/irq.o
                0x000000000001da18                put_irq_handler
                0x000000000001da38                enable_irq
                0x000000000001dabe                disable_irq
 .text          0x000000000001db40      0x294 kernel/exception.o
                0x000000000001db40                put_excep_handler
                0x000000000001db52                do_invalid_opcode
                0x000000000001db9b                do_general_protection
                0x000000000001dbe4                do_page_fault
 .text          0x000000000001ddd4      0xaa1 kernel/test.o
                0x000000000001ddd4                Init
                0x000000000001de3e                TaskA
                0x000000000001df9b                TaskB
                0x000000000001e0f8                TaskC
                0x000000000001e32b                TaskD
                0x000000000001e41e                TaskE
 .text          0x000000000001e875      0x11b driver/keyboard.o
                0x000000000001e875                keyboard_handler
                0x000000000001e90b                keyboard_read
                0x000000000001e95e                init_keyboard
 .text          0x000000000001e990      0x60e driver/tty.o
                0x000000000001e990                TaskTTY
                0x000000000001ea09                init_tty
                0x000000000001ea54                tty_printstr
                0x000000000001ea9c                tty_backspace
                0x000000000001eb50                tty_put_text_ch
                0x000000000001eb83                disp_tips
                0x000000000001ebe1                reset_kb_buf
                0x000000000001ec50                parse_input
                0x000000000001ecab                tty_printchar
                0x000000000001ed00                init_console
                0x000000000001ed9f                is_current_console
                0x000000000001edcf                tty_dev_read
                0x000000000001edfe                tty_dev_write
 .text          0x000000000001ef9e      0x619 driver/hd.o
                0x000000000001ef9e                TaskHD
                0x000000000001f043                init_hd
                0x000000000001f0dd                hd_open
                0x000000000001f107                hd_read
                0x000000000001f149                hd_write
                0x000000000001f18b                do_hd_open
                0x000000000001f1c5                do_hd_read
                0x000000000001f254                do_hd_write
                0x000000000001f2e3                hd_handler
                0x000000000001f306                wait_disk
                0x000000000001f31f                hd_cmd_out
                0x000000000001f3f5                get_hd_info
                0x000000000001f433                disp_hd_info
 .text          0x000000000001f5b7       0xb2 driver/console.o
                0x000000000001f5b7                select_console
                0x000000000001f600                scroll_screen
 *fill*         0x000000000001f669        0x7 
 .text          0x000000000001f670      0x1a3 lib/klib.o
                0x000000000001f670                println
                0x000000000001f6af                print
                0x000000000001f6ea                printmsg
                0x000000000001f734                printchar
                0x000000000001f762                backspace
                0x000000000001f77a                itoa
                0x000000000001f7b9                in_byte
                0x000000000001f7c3                out_byte
                0x000000000001f7cf                port_read
                0x000000000001f7e7                port_write
                0x000000000001f7ff                disable_int
                0x000000000001f801                enable_int
                0x000000000001f803                getcr2
                0x000000000001f807                load_cr3
                0x000000000001f80f                sys_getcr3
 .text          0x000000000001f813      0x1c5 lib/string.o
                0x000000000001f813                strlen
                0x000000000001f83b                strcmp
                0x000000000001f89b                strcpy
                0x000000000001f8bf                memcpy
                0x000000000001f93c                memset
                0x000000000001f968                memcmp
 .text          0x000000000001f9d8       0x85 lib/printf.o
                0x000000000001f9d8                printf
                0x000000000001fa33                sprintf
 .text          0x000000000001fa5d      0x296 lib/vsprintf.o
                0x000000000001fa5d                pow
                0x000000000001fa96                tohex
                0x000000000001fb3f                vsprintf
 .text          0x000000000001fcf3      0x123 lib/io.o
                0x000000000001fcf3                set_cursor_pos
                0x000000000001fd5c                set_video_start
                0x000000000001fdc5                init_video
 .text          0x000000000001fe16      0x46a fs/main.o
                0x000000000001fe16                TaskFS
                0x000000000001fede                init_fs
                0x000000000001ff58                mkfs
 .text          0x0000000000020280      0x82b fs/open.o
                0x0000000000020280                open
                0x00000000000202c7                do_open
                0x0000000000020573                create_file
                0x00000000000205dd                alloc_imap_bit
                0x000000000002071b                alloc_smap_bits
                0x0000000000020880                alloc_inode
                0x00000000000209ba                alloc_dir_entry
 .text          0x0000000000020aab      0x137 fs/misc.o
                0x0000000000020aab                find_file
                0x0000000000020b34                get_inode
 .text          0x0000000000020be2      0x11a fs/close.o
                0x0000000000020be2                close
                0x0000000000020c15                do_close
                0x0000000000020c8d                clear_inode
 .text          0x0000000000020cfc      0x3db fs/rdwt.o
                0x0000000000020cfc                write
                0x0000000000020d3b                read
                0x0000000000020d7a                do_rdwt
 .text          0x00000000000210d7      0x4e6 fs/unlink.o
                0x00000000000210d7                unlink
                0x0000000000021118                do_unlink
 .text          0x00000000000215bd      0x39d mm/main.o
                0x00000000000215bd                TaskMM
                0x000000000002167d                init_mm
 .text          0x000000000002195a      0x22f mm/vmalloc.o
                0x000000000002195a                vm_alloc
                0x00000000000219af                vm_alloc_ex
                0x0000000000021a0c                do_vm_alloc
 .text          0x0000000000021b89      0x102 mm/vmfree.o
                0x0000000000021b89                vm_free
                0x0000000000021bd5                do_vm_free
 .text          0x0000000000021c8b      0x5fb mm/misc.o
                0x0000000000021c8b                alloc_frame
                0x0000000000021d09                find_pf_list_item
                0x0000000000021d41                alloc_page
                0x0000000000021dd7                check_free_page
                0x0000000000021e1a                check_free_frame
                0x0000000000021e7a                relocate_pde
                0x0000000000021ee5                map_frame
                0x00000000000220cd                unmap_frame
 .text          0x0000000000022286      0x2bf mm/brk.o
                0x0000000000022286                brk
                0x00000000000222b9                sbrk
                0x00000000000222ec                do_brk
                0x00000000000224f9                do_sbrk
 .text          0x0000000000022545       0x86 exe/main.o
                0x0000000000022545                TaskEXE
 .text          0x00000000000225cb      0x339 exe/fork.o
                0x00000000000225cb                fork
                0x0000000000022623                do_fork
                0x00000000000228da                alloc_mem
 *(.gnu.warning)

.fini
 *(SORT(.fini))
                0x0000000000022904                PROVIDE (__etext, .)
                0x0000000000022904                PROVIDE (_etext, .)
                0x0000000000022904                PROVIDE (etext, .)

.rodata         0x0000000000022904      0xea7
 *(.rodata .rodata.* .gnu.linkonce.r.*)
 .rodata        0x0000000000022904       0x25 kernel/start.o
 *fill*         0x0000000000022929        0x3 
 .rodata        0x000000000002292c       0x26 kernel/main.o
 .rodata        0x0000000000022952       0x1e kernel/clock.o
 .rodata        0x0000000000022970       0xda kernel/proc.o
 *fill*         0x0000000000022a4a        0x2 
 .rodata        0x0000000000022a4c       0xdd kernel/exception.o
 *fill*         0x0000000000022b29        0x3 
 .rodata        0x0000000000022b2c      0x38a kernel/test.o
 .rodata        0x0000000000022eb6        0xd driver/tty.o
 *fill*         0x0000000000022ec3        0x1 
 .rodata        0x0000000000022ec4      0x15b driver/hd.o
 *fill*         0x000000000002301f        0x1 
 .rodata        0x0000000000023020      0x10b fs/main.o
 *fill*         0x000000000002312b        0x1 
 .rodata        0x000000000002312c      0x16c fs/open.o
 .rodata        0x0000000000023298       0x2a fs/misc.o
 .rodata        0x00000000000232c2       0x1e fs/close.o
 .rodata        0x00000000000232e0       0x17 fs/rdwt.o
 *fill*         0x00000000000232f7        0x1 
 .rodata        0x00000000000232f8      0x16b fs/unlink.o
 *fill*         0x0000000000023463        0x1 
 .rodata        0x0000000000023464       0x64 mm/main.o
 .rodata        0x00000000000234c8       0x9b mm/vmalloc.o
 .rodata        0x0000000000023563       0x31 mm/vmfree.o
 .rodata        0x0000000000023594       0x34 mm/misc.o
 .rodata        0x00000000000235c8       0xc6 mm/brk.o
 *fill*         0x000000000002368e        0x2 
 .rodata        0x0000000000023690       0x50 exe/main.o
 .rodata        0x00000000000236e0       0xcb exe/fork.o

.rodata1
 *(.rodata1)

.eh_frame_hdr
 *(.eh_frame_hdr)

.eh_frame       0x00000000000237ac     0x11b0
 *(.eh_frame)
 .eh_frame      0x00000000000237ac       0x38 kernel/start.o
 .eh_frame      0x00000000000237e4       0x1c kernel/main.o
                                         0x34 (size before relaxing)
 .eh_frame      0x0000000000023800       0xc0 kernel/protect.o
                                         0xd8 (size before relaxing)
 .eh_frame      0x00000000000238c0       0x70 kernel/clock.o
                                         0x88 (size before relaxing)
 .eh_frame      0x0000000000023930      0x374 kernel/proc.o
                                        0x38c (size before relaxing)
 .eh_frame      0x0000000000023ca4       0x68 kernel/irq.o
                                         0x80 (size before relaxing)
 .eh_frame      0x0000000000023d0c       0x78 kernel/exception.o
                                         0x90 (size before relaxing)
 .eh_frame      0x0000000000023d84       0xa8 kernel/test.o
                                         0xc0 (size before relaxing)
 .eh_frame      0x0000000000023e2c       0x60 driver/keyboard.o
                                         0x78 (size before relaxing)
 .eh_frame      0x0000000000023e8c      0x19c driver/tty.o
                                        0x1b4 (size before relaxing)
 .eh_frame      0x0000000000024028      0x1ac driver/hd.o
                                        0x1c4 (size before relaxing)
 .eh_frame      0x00000000000241d4       0x40 driver/console.o
                                         0x58 (size before relaxing)
 .eh_frame      0x0000000000024214       0xc0 lib/string.o
                                         0xd8 (size before relaxing)
 .eh_frame      0x00000000000242d4       0x48 lib/printf.o
                                         0x60 (size before relaxing)
 .eh_frame      0x000000000002431c       0x64 lib/vsprintf.o
                                         0x7c (size before relaxing)
 .eh_frame      0x0000000000024380       0x60 lib/io.o
                                         0x78 (size before relaxing)
 .eh_frame      0x00000000000243e0       0x64 fs/main.o
                                         0x7c (size before relaxing)
 .eh_frame      0x0000000000024444       0xf8 fs/open.o
                                        0x110 (size before relaxing)
 .eh_frame      0x000000000002453c       0x40 fs/misc.o
                                         0x58 (size before relaxing)
 .eh_frame      0x000000000002457c       0x60 fs/close.o
                                         0x78 (size before relaxing)
 .eh_frame      0x00000000000245dc       0x60 fs/rdwt.o
                                         0x78 (size before relaxing)
 .eh_frame      0x000000000002463c       0x48 fs/unlink.o
                                         0x60 (size before relaxing)
 .eh_frame      0x0000000000024684       0x3c mm/main.o
                                         0x54 (size before relaxing)
 .eh_frame      0x00000000000246c0       0x60 mm/vmalloc.o
                                         0x78 (size before relaxing)
 .eh_frame      0x0000000000024720       0x40 mm/vmfree.o
                                         0x58 (size before relaxing)
 .eh_frame      0x0000000000024760      0x100 mm/misc.o
                                        0x118 (size before relaxing)
 .eh_frame      0x0000000000024860       0x80 mm/brk.o
                                         0x98 (size before relaxing)
 .eh_frame      0x00000000000248e0       0x1c exe/main.o
                                         0x34 (size before relaxing)
 .eh_frame      0x00000000000248fc       0x60 exe/fork.o
                                         0x78 (size before relaxing)

.gcc_except_table
 *(.gcc_except_table .gcc_except_table.*)

.exception_ranges
 *(.exception_ranges .exception_ranges*)
                0x000000000002495c                . = (ALIGN (0x1000) - ((0x1000 - .) & 0xfff))
                0x0000000000025000                . = DATA_SEGMENT_ALIGN (0x1000, 0x1000)

.eh_frame
 *(.eh_frame)

.gcc_except_table
 *(.gcc_except_table .gcc_except_table.*)

.exception_ranges
 *(.exception_ranges .exception_ranges*)

.tdata
 *(.tdata .tdata.* .gnu.linkonce.td.*)

.tbss
 *(.tbss .tbss.* .gnu.linkonce.tb.*)
 *(.tcommon)

.preinit_array  0x0000000000025000        0x0
                0x0000000000025000                PROVIDE (__preinit_array_start, .)
 *(.preinit_array)
                0x0000000000025000                PROVIDE (__preinit_array_end, .)

.init_array     0x0000000000025000        0x0
                0x0000000000025000                PROVIDE (__init_array_start, .)
 *(SORT(.init_array.*) SORT(.ctors.*))
 *(.init_array EXCLUDE_FILE(*crtend?.o *crtend.o *crtbegin?.o *crtbegin.o) .ctors)
                0x0000000000025000                PROVIDE (__init_array_end, .)

.fini_array     0x0000000000025000        0x0
                0x0000000000025000                PROVIDE (__fini_array_start, .)
 *(SORT(.fini_array.*) SORT(.dtors.*))
 *(.fini_array EXCLUDE_FILE(*crtend?.o *crtend.o *crtbegin?.o *crtbegin.o) .dtors)
                0x0000000000025000                PROVIDE (__fini_array_end, .)

.ctors
 *crtbegin.o(.ctors)
 *crtbegin?.o(.ctors)
 *(EXCLUDE_FILE(*crtend?.o *crtend.o) .ctors)
 *(SORT(.ctors.*))
 *(.ctors)

.dtors
 *crtbegin.o(.dtors)
 *crtbegin?.o(.dtors)
 *(EXCLUDE_FILE(*crtend?.o *crtend.o) .dtors)
 *(SORT(.dtors.*))
 *(.dtors)

.jcr
 *(.jcr)

.data.rel.ro
 *(.data.rel.ro.local* .gnu.linkonce.d.rel.ro.local.*)
 *(.data.rel.ro .data.rel.ro.* .gnu.linkonce.d.rel.ro.*)

.dynamic
 *(.dynamic)

.got
 *(.got)
 *(.igot)
                0x0000000000025000                . = DATA_SEGMENT_RELRO_END (., (SIZEOF (.got.plt) >= 0xc)?0xc:0x0)

.got.plt        0x0000000000025000        0x0
 *(.got.plt)
 *(.igot.plt)
 .igot.plt      0x0000000000000000        0x0 kernel/kernel.o

.data           0x0000000000025000     0x1190
 *(.data .data.* .gnu.linkonce.d.*)
 .data          0x0000000000025000     0x1074 kernel/kernel.o
                0x0000000000025000                GDT
                0x0000000000025806                IDT
                0x000000000002600c                TSS
 .data          0x0000000000026074        0x0 kernel/start.o
 .data          0x0000000000026074        0x0 kernel/main.o
 .data          0x0000000000026074        0x0 kernel/protect.o
 .data          0x0000000000026074        0x0 kernel/clock.o
 *fill*         0x0000000000026074        0xc 
 .data          0x0000000000026080       0xac kernel/proc.o
                0x0000000000026080                task_table
                0x0000000000026100                syscall_table
 .data          0x000000000002612c        0x0 kernel/irq.o
 .data          0x000000000002612c        0x0 kernel/exception.o
 .data          0x000000000002612c        0x0 kernel/test.o
 *fill*         0x000000000002612c       0x14 
 .data          0x0000000000026140       0x45 driver/keyboard.o
                0x0000000000026140                keymap
 .data          0x0000000000026185        0x0 driver/tty.o
 .data          0x0000000000026185        0x0 driver/hd.o
 .data          0x0000000000026185        0x0 driver/console.o
 *fill*         0x0000000000026185        0x3 
 .data          0x0000000000026188        0x8 lib/klib.o
                0x0000000000026188                print_pos
                0x000000000002618c                main_print_pos
 .data          0x0000000000026190        0x0 lib/string.o
 .data          0x0000000000026190        0x0 lib/printf.o
 .data          0x0000000000026190        0x0 lib/vsprintf.o
 .data          0x0000000000026190        0x0 lib/io.o
 .data          0x0000000000026190        0x0 fs/main.o
 .data          0x0000000000026190        0x0 fs/open.o
 .data          0x0000000000026190        0x0 fs/misc.o
 .data          0x0000000000026190        0x0 fs/close.o
 .data          0x0000000000026190        0x0 fs/rdwt.o
 .data          0x0000000000026190        0x0 fs/unlink.o
 .data          0x0000000000026190        0x0 mm/main.o
 .data          0x0000000000026190        0x0 mm/vmalloc.o
 .data          0x0000000000026190        0x0 mm/vmfree.o
 .data          0x0000000000026190        0x0 mm/misc.o
 .data          0x0000000000026190        0x0 mm/brk.o
 .data          0x0000000000026190        0x0 exe/main.o
 .data          0x0000000000026190        0x0 exe/fork.o

.data1
 *(.data1)
                0x0000000000026190                _edata = .
                0x0000000000026190                PROVIDE (edata, .)
                0x0000000000026190                . = .
                0x0000000000026190                __bss_start = .

.bss            0x00000000000261a0    0x57dec
 *(.dynbss)
 *(.bss .bss.* .gnu.linkonce.b.*)
 .bss           0x00000000000261a0      0x800 kernel/kernel.o
 .bss           0x00000000000269a0        0x0 kernel/start.o
 .bss           0x00000000000269a0        0x0 kernel/main.o
 .bss           0x00000000000269a0        0x0 kernel/protect.o
 .bss           0x00000000000269a0        0x0 kernel/clock.o
 .bss           0x00000000000269a0        0x0 kernel/proc.o
 .bss           0x00000000000269a0        0x0 kernel/irq.o
 .bss           0x00000000000269a0        0x0 kernel/exception.o
 .bss           0x00000000000269a0        0x0 kernel/test.o
 .bss           0x00000000000269a0        0x0 driver/keyboard.o
 .bss           0x00000000000269a0        0x0 driver/tty.o
 .bss           0x00000000000269a0        0x0 driver/hd.o
 .bss           0x00000000000269a0        0x0 driver/console.o
 .bss           0x00000000000269a0        0x0 lib/string.o
 .bss           0x00000000000269a0        0x0 lib/printf.o
 .bss           0x00000000000269a0        0x0 lib/vsprintf.o
 .bss           0x00000000000269a0        0x0 lib/io.o
 .bss           0x00000000000269a0        0x0 fs/main.o
 .bss           0x00000000000269a0        0x0 fs/open.o
 .bss           0x00000000000269a0        0x0 fs/misc.o
 .bss           0x00000000000269a0        0x0 fs/close.o
 .bss           0x00000000000269a0        0x0 fs/rdwt.o
 .bss           0x00000000000269a0        0x0 fs/unlink.o
 .bss           0x00000000000269a0        0x0 mm/main.o
 .bss           0x00000000000269a0        0x0 mm/vmalloc.o
 .bss           0x00000000000269a0        0x0 mm/vmfree.o
 .bss           0x00000000000269a0        0x0 mm/misc.o
 .bss           0x00000000000269a0        0x0 mm/brk.o
 .bss           0x00000000000269a0        0x0 exe/main.o
 .bss           0x00000000000269a0        0x0 exe/fork.o
 *(COMMON)
 COMMON         0x00000000000269a0        0xc kernel/start.o
                0x00000000000269a0                nr_current_console
                0x00000000000269a4                p_current_proc
                0x00000000000269a8                ticks
 COMMON         0x00000000000269ac        0x4 kernel/main.o
                0x00000000000269ac                re_enter
 *fill*         0x00000000000269b0       0x10 
 COMMON         0x00000000000269c0    0x1ce00 kernel/proc.o
                0x00000000000269c0                task_stack_mm
                0x00000000000291c0                task_stack_hd
                0x000000000002b9c0                task_stack_init
                0x000000000002e1c0                task_stack_c
                0x00000000000309c0                task_stack_b
                0x00000000000331c0                task_stack_exe
                0x00000000000359c0                task_stack_d
                0x00000000000381c0                task_stack_tty
                0x000000000003a9c0                task_stack_fs
                0x000000000003d1c0                task_stack_e
                0x000000000003f9c0                proc_table
                0x0000000000040fc0                task_stack_a
 COMMON         0x00000000000437c0       0x40 kernel/irq.o
                0x00000000000437c0                irq_table
 COMMON         0x0000000000043800       0x50 kernel/exception.o
                0x0000000000043800                exception_table
 COMMON         0x0000000000043850        0x4 driver/keyboard.o
                0x0000000000043850                p_current_tty
 *fill*         0x0000000000043854        0xc 
 COMMON         0x0000000000043860      0x250 driver/tty.o
                0x0000000000043860                tty_table
 *fill*         0x0000000000043ab0       0x10 
 COMMON         0x0000000000043ac0      0x440 driver/hd.o
                0x0000000000043ac0                hd_msg
                0x0000000000043b00                hd_buf
 COMMON         0x0000000000043f00       0x40 driver/console.o
                0x0000000000043f00                console_table
 COMMON         0x0000000000043f40    0x39fc0 fs/main.o
                0x0000000000043f40                inode_table
                0x000000000005bf40                dirent_buf
                0x000000000005c140                inode_buf
                0x000000000006c140                fs_msg
                0x000000000006c180                f_desc_table
                0x000000000006c300                fsbuf
                0x000000000007d300                smap_buf
                0x000000000007dd00                imap_buf
 COMMON         0x000000000007df00       0x4c mm/main.o
                0x000000000007df00                pf_list
                0x000000000007df04                mi
                0x000000000007df20                mm_msg
 *fill*         0x000000000007df4c       0x14 
 COMMON         0x000000000007df60       0x2c exe/main.o
                0x000000000007df60                exe_msg
                0x000000000007df8c                . = ALIGN ((. != 0x0)?0x4:0x1)
                0x000000000007df8c                . = ALIGN (0x4)
                0x000000000007df8c                . = SEGMENT_START ("ldata-segment", .)
                0x000000000007df8c                . = ALIGN (0x4)
                0x000000000007df8c                _end = .
                0x000000000007df8c                PROVIDE (end, .)
                0x000000000007df8c                . = DATA_SEGMENT_END (.)

.stab
 *(.stab)

.stabstr
 *(.stabstr)

.stab.excl
 *(.stab.excl)

.stab.exclstr
 *(.stab.exclstr)

.stab.index
 *(.stab.index)

.stab.indexstr
 *(.stab.indexstr)

.comment        0x0000000000000000       0x2b
 *(.comment)
 .comment       0x0000000000000000       0x2b kernel/start.o
                                         0x2c (size before relaxing)
 .comment       0x0000000000000000       0x2c kernel/main.o
 .comment       0x0000000000000000       0x2c kernel/protect.o
 .comment       0x0000000000000000       0x2c kernel/clock.o
 .comment       0x0000000000000000       0x2c kernel/proc.o
 .comment       0x0000000000000000       0x2c kernel/irq.o
 .comment       0x0000000000000000       0x2c kernel/exception.o
 .comment       0x0000000000000000       0x2c kernel/test.o
 .comment       0x0000000000000000       0x2c driver/keyboard.o
 .comment       0x0000000000000000       0x2c driver/tty.o
 .comment       0x0000000000000000       0x2c driver/hd.o
 .comment       0x0000000000000000       0x2c driver/console.o
 .comment       0x0000000000000000       0x2c lib/string.o
 .comment       0x0000000000000000       0x2c lib/printf.o
 .comment       0x0000000000000000       0x2c lib/vsprintf.o
 .comment       0x0000000000000000       0x2c lib/io.o
 .comment       0x0000000000000000       0x2c fs/main.o
 .comment       0x0000000000000000       0x2c fs/open.o
 .comment       0x0000000000000000       0x2c fs/misc.o
 .comment       0x0000000000000000       0x2c fs/close.o
 .comment       0x0000000000000000       0x2c fs/rdwt.o
 .comment       0x0000000000000000       0x2c fs/unlink.o
 .comment       0x0000000000000000       0x2c mm/main.o
 .comment       0x0000000000000000       0x2c mm/vmalloc.o
 .comment       0x0000000000000000       0x2c mm/vmfree.o
 .comment       0x0000000000000000       0x2c mm/misc.o
 .comment       0x0000000000000000       0x2c mm/brk.o
 .comment       0x0000000000000000       0x2c exe/main.o
 .comment       0x0000000000000000       0x2c exe/fork.o

.debug
 *(.debug)

.line
 *(.line)

.debug_srcinfo
 *(.debug_srcinfo)

.debug_sfnames
 *(.debug_sfnames)

.debug_aranges
 *(.debug_aranges)

.debug_pubnames
 *(.debug_pubnames)

.debug_info
 *(.debug_info .gnu.linkonce.wi.*)

.debug_abbrev
 *(.debug_abbrev)

.debug_line
 *(.debug_line .debug_line.* .debug_line_end)

.debug_frame
 *(.debug_frame)

.debug_str
 *(.debug_str)

.debug_loc
 *(.debug_loc)

.debug_macinfo
 *(.debug_macinfo)

.debug_weaknames
 *(.debug_weaknames)

.debug_funcnames
 *(.debug_funcnames)

.debug_typenames
 *(.debug_typenames)

.debug_varnames
 *(.debug_varnames)

.debug_pubtypes
 *(.debug_pubtypes)

.debug_ranges
 *(.debug_ranges)

.debug_macro
 *(.debug_macro)

.gnu.attributes
 *(.gnu.attributes)

/DISCARD/
 *(.note.GNU-stack)
 *(.gnu_debuglink)
 *(.gnu.lto_*)
OUTPUT(kernel.bin elf32-i386)
