
Allocating common symbols
Common symbol       size              file

task_stack_mm       0x2800            kernel/proc.o
pf_list             0x4               mm/main.o
task_stack_hd       0x2800            kernel/proc.o
inode_table         0x18000           fs/main.o
exe_msg             0x2c              exe/main.o
task_stack_init     0x2800            kernel/proc.o
dirent_buf          0x200             fs/main.o
task_stack_c        0x2800            kernel/proc.o
task_stack_b        0x2800            kernel/proc.o
inode_buf           0x10000           fs/main.o
tty_table           0x250             driver/tty.o
fs_msg              0x2c              fs/main.o
nr_current_console  0x4               kernel/start.o
task_stack_exe      0x2800            kernel/proc.o
f_desc_table        0x180             fs/main.o
fsbuf               0x11000           fs/main.o
hd_msg              0x2c              driver/hd.o
p_current_proc      0x4               kernel/start.o
mi                  0x4               mm/main.o
mm_msg              0x2c              mm/main.o
task_stack_d        0x2800            kernel/proc.o
task_stack_tty      0x2800            kernel/proc.o
p_current_tty       0x4               driver/keyboard.o
ticks               0x4               kernel/start.o
exception_table     0x50              kernel/exception.o
task_stack_fs       0x2800            kernel/proc.o
console_table       0x40              driver/console.o
irq_table           0x40              kernel/irq.o
task_stack_e        0x2800            kernel/proc.o
hd_buf              0x400             driver/hd.o
proc_table          0x15c0            kernel/proc.o
task_stack_a        0x2800            kernel/proc.o
re_enter            0x4               kernel/main.o
smap_buf            0xa00             fs/main.o
imap_buf            0x200             fs/main.o

Discarded input sections

 .note.GNU-stack
                0x0000000000000000        0x0 kernel/start.o
 .note.GNU-stack
                0x0000000000000000        0x0 kernel/main.o
 .note.GNU-stack
                0x0000000000000000        0x0 kernel/protect.o
 .note.GNU-stack
                0x0000000000000000        0x0 kernel/clock.o
 .note.GNU-stack
                0x0000000000000000        0x0 kernel/proc.o
 .note.GNU-stack
                0x0000000000000000        0x0 kernel/irq.o
 .note.GNU-stack
                0x0000000000000000        0x0 kernel/exception.o
 .note.GNU-stack
                0x0000000000000000        0x0 kernel/test.o
 .note.GNU-stack
                0x0000000000000000        0x0 driver/keyboard.o
 .note.GNU-stack
                0x0000000000000000        0x0 driver/tty.o
 .note.GNU-stack
                0x0000000000000000        0x0 driver/hd.o
 .note.GNU-stack
                0x0000000000000000        0x0 driver/console.o
 .note.GNU-stack
                0x0000000000000000        0x0 lib/string.o
 .note.GNU-stack
                0x0000000000000000        0x0 lib/printf.o
 .note.GNU-stack
                0x0000000000000000        0x0 lib/vsprintf.o
 .note.GNU-stack
                0x0000000000000000        0x0 lib/io.o
 .note.GNU-stack
                0x0000000000000000        0x0 fs/main.o
 .note.GNU-stack
                0x0000000000000000        0x0 fs/open.o
 .note.GNU-stack
                0x0000000000000000        0x0 fs/misc.o
 .note.GNU-stack
                0x0000000000000000        0x0 fs/close.o
 .note.GNU-stack
                0x0000000000000000        0x0 fs/rdwt.o
 .note.GNU-stack
                0x0000000000000000        0x0 fs/unlink.o
 .note.GNU-stack
                0x0000000000000000        0x0 mm/main.o
 .note.GNU-stack
                0x0000000000000000        0x0 mm/vmalloc.o
 .note.GNU-stack
                0x0000000000000000        0x0 mm/vmfree.o
 .note.GNU-stack
                0x0000000000000000        0x0 mm/misc.o
 .note.GNU-stack
                0x0000000000000000        0x0 mm/brk.o
 .note.GNU-stack
                0x0000000000000000        0x0 exe/main.o
 .note.GNU-stack
                0x0000000000000000        0x0 exe/fork.o

Memory Configuration

Name             Origin             Length             Attributes
*default*        0x0000000000000000 0xffffffffffffffff

Linker script and memory map

Address of section .text set to 0x1b400
LOAD kernel/kernel.o
LOAD kernel/start.o
LOAD kernel/8259A.o
LOAD kernel/main.o
LOAD kernel/protect.o
LOAD kernel/clock.o
LOAD kernel/syscall.o
LOAD kernel/proc.o
LOAD kernel/irq.o
LOAD kernel/exception.o
LOAD kernel/test.o
LOAD driver/keyboard.o
LOAD driver/tty.o
LOAD driver/hd.o
LOAD driver/console.o
LOAD lib/klib.o
LOAD lib/string.o
LOAD lib/printf.o
LOAD lib/vsprintf.o
LOAD lib/io.o
LOAD fs/main.o
LOAD fs/open.o
LOAD fs/misc.o
LOAD fs/close.o
LOAD fs/rdwt.o
LOAD fs/unlink.o
LOAD mm/main.o
LOAD mm/vmalloc.o
LOAD mm/vmfree.o
LOAD mm/misc.o
LOAD mm/brk.o
LOAD exe/main.o
LOAD exe/fork.o
                0x0000000008048000                PROVIDE (__executable_start, 0x8048000)
                0x0000000008048094                . = (0x8048000 + SIZEOF_HEADERS)

.interp
 *(.interp)

.note.gnu.build-id
 *(.note.gnu.build-id)

.hash
 *(.hash)

.gnu.hash
 *(.gnu.hash)

.dynsym
 *(.dynsym)

.dynstr
 *(.dynstr)

.gnu.version
 *(.gnu.version)

.gnu.version_d
 *(.gnu.version_d)

.gnu.version_r
 *(.gnu.version_r)

.rel.dyn        0x0000000008048094        0x0
 *(.rel.init)
 *(.rel.text .rel.text.* .rel.gnu.linkonce.t.*)
 .rel.text      0x0000000000000000        0x0 kernel/kernel.o
 *(.rel.fini)
 *(.rel.rodata .rel.rodata.* .rel.gnu.linkonce.r.*)
 *(.rel.data.rel.ro .rel.data.rel.ro.* .rel.gnu.linkonce.d.rel.ro.*)
 *(.rel.data .rel.data.* .rel.gnu.linkonce.d.*)
 .rel.data      0x0000000000000000        0x0 kernel/kernel.o
 *(.rel.tdata .rel.tdata.* .rel.gnu.linkonce.td.*)
 *(.rel.tbss .rel.tbss.* .rel.gnu.linkonce.tb.*)
 *(.rel.ctors)
 *(.rel.dtors)
 *(.rel.got)
 *(.rel.bss .rel.bss.* .rel.gnu.linkonce.b.*)
 *(.rel.ifunc)

.rel.plt        0x0000000008048094        0x0
 *(.rel.plt)
                0x0000000008048094                PROVIDE (__rel_iplt_start, .)
 *(.rel.iplt)
 .rel.iplt      0x0000000000000000        0x0 kernel/kernel.o
                0x0000000008048094                PROVIDE (__rel_iplt_end, .)

.init
 *(SORT(.init))

.plt            0x00000000080480a0        0x0
 *(.plt)
 *(.iplt)
 .iplt          0x0000000000000000        0x0 kernel/kernel.o

.text           0x000000000001b400     0x73b2
 *(.text.unlikely .text.*_unlikely .text.unlikely.*)
 *(.text.exit .text.exit.*)
 *(.text.startup .text.startup.*)
 *(.text.hot .text.hot.*)
 *(.text .stub .text.* .gnu.linkonce.t.*)
 .text          0x000000000001b400      0xbb1 kernel/kernel.o
                0x000000000001b400                _start
                0x000000000001b475                divide_error
                0x000000000001b4c2                debug_exception
                0x000000000001b50f                nmi
                0x000000000001b55c                breakpoint
                0x000000000001b5a9                overflow
                0x000000000001b5f6                out_of_bound
                0x000000000001b643                invalid_opcode
                0x000000000001b690                no_math_coprocessor
                0x000000000001b6dd                double_fault
                0x000000000001b728                coprocessor_error
                0x000000000001b775                invalid_tss
                0x000000000001b7c0                not_present
                0x000000000001b80b                stack_error
                0x000000000001b856                general_protect
                0x000000000001b8a1                page_fault
                0x000000000001b8ec                mcu_fault
                0x000000000001b939                align_check
                0x000000000001b984                mechine
                0x000000000001b9d1                simd_error
                0x000000000001ba1e                hwint_0
                0x000000000001ba6e                hwint_1
                0x000000000001babe                hwint_2
                0x000000000001bb0e                hwint_3
                0x000000000001bb5e                hwint_4
                0x000000000001bbae                hwint_5
                0x000000000001bbfe                hwint_6
                0x000000000001bc4e                hwint_7
                0x000000000001bc9e                hwint_8
                0x000000000001bcf0                hwint_9
                0x000000000001bd42                hwint_10
                0x000000000001bd94                hwint_11
                0x000000000001bde6                hwint_12
                0x000000000001be38                hwint_13
                0x000000000001be8a                hwint_14
                0x000000000001bedc                hwint_15
                0x000000000001bf2e                sys_call
                0x000000000001bf85                proc_begin
 .text          0x000000000001bfb1      0x6ce kernel/start.o
                0x000000000001bfb1                cstart
 *fill*         0x000000000001c67f        0x1 
 .text          0x000000000001c680       0x5c kernel/8259A.o
                0x000000000001c680                init_8259A
 .text          0x000000000001c6dc      0x2bb kernel/main.o
                0x000000000001c6dc                kernel_main
 .text          0x000000000001c997      0x204 kernel/protect.o
                0x000000000001c997                init_desc
                0x000000000001c9f8                init_idt_desc
                0x000000000001ca59                init_prot
                0x000000000001cade                get_base
                0x000000000001cb2c                get_limit
                0x000000000001cb61                granularity
 .text          0x000000000001cb9b      0x1e0 kernel/clock.o
                0x000000000001cb9b                disp_time
                0x000000000001ccdc                clock_handler
                0x000000000001cd09                init_clock
 *fill*         0x000000000001cd7b        0x5 
 .text          0x000000000001cd80       0x8c kernel/syscall.o
                0x000000000001cd80                get_ticks
                0x000000000001cd88                sendrecv
                0x000000000001cd9c                getpid
                0x000000000001cda4                getppid
                0x000000000001cdac                printk
                0x000000000001cdb8                sem_init
                0x000000000001cdc8                sem_post
                0x000000000001cdd4                sem_wait
                0x000000000001cde0                getcr3
                0x000000000001cde8                write_process_memory
                0x000000000001ce00                sleep
 .text          0x000000000001ce0c      0xbfc kernel/proc.o
                0x000000000001ce0c                sys_get_ticks
                0x000000000001ce16                sys_sendrecv
                0x000000000001cec4                sys_getpid
                0x000000000001ced1                sys_getppid
                0x000000000001cede                sys_printk
                0x000000000001cf11                sys_sem_init
                0x000000000001cf4e                sys_sem_post
                0x000000000001cfb5                sys_sem_wait
                0x000000000001d027                sys_write_process_memory
                0x000000000001d074                sys_sleep
                0x000000000001d0c6                schedule
                0x000000000001d170                inform_int
                0x000000000001d212                interrupt_wait
                0x000000000001d235                init_send_queue
                0x000000000001d26b                va2la
                0x000000000001d298                va2pa
                0x000000000001d303                dump_msg
                0x000000000001d334                failure
                0x000000000001d3a7                panic
                0x000000000001d40a                msg_send
                0x000000000001d59d                msg_recv
                0x000000000001d820                block
                0x000000000001d85b                unblock
                0x000000000001d860                deadlock
                0x000000000001d8e2                enqueue
                0x000000000001d968                dequeue
                0x000000000001d9f6                empty
 .text          0x000000000001da08      0x128 kernel/irq.o
                0x000000000001da08                put_irq_handler
                0x000000000001da28                enable_irq
                0x000000000001daae                disable_irq
 .text          0x000000000001db30      0x294 kernel/exception.o
                0x000000000001db30                put_excep_handler
                0x000000000001db42                do_invalid_opcode
                0x000000000001db8b                do_general_protection
                0x000000000001dbd4                do_page_fault
 .text          0x000000000001ddc4      0x960 kernel/test.o
                0x000000000001ddc4                Init
                0x000000000001de2e                TaskA
                0x000000000001df8b                TaskB
                0x000000000001e0e8                TaskC
                0x000000000001e31b                TaskD
                0x000000000001e40e                TaskE
 .text          0x000000000001e724      0x11b driver/keyboard.o
                0x000000000001e724                keyboard_handler
                0x000000000001e7ba                keyboard_read
                0x000000000001e80d                init_keyboard
 .text          0x000000000001e83f      0x60e driver/tty.o
                0x000000000001e83f                TaskTTY
                0x000000000001e8b8                init_tty
                0x000000000001e903                tty_printstr
                0x000000000001e94b                tty_backspace
                0x000000000001e9ff                tty_put_text_ch
                0x000000000001ea32                disp_tips
                0x000000000001ea90                reset_kb_buf
                0x000000000001eaff                parse_input
                0x000000000001eb5a                tty_printchar
                0x000000000001ebaf                init_console
                0x000000000001ec4e                is_current_console
                0x000000000001ec7e                tty_dev_read
                0x000000000001ecad                tty_dev_write
 .text          0x000000000001ee4d      0x619 driver/hd.o
                0x000000000001ee4d                TaskHD
                0x000000000001eef2                init_hd
                0x000000000001ef8c                hd_open
                0x000000000001efb6                hd_read
                0x000000000001eff8                hd_write
                0x000000000001f03a                do_hd_open
                0x000000000001f074                do_hd_read
                0x000000000001f103                do_hd_write
                0x000000000001f192                hd_handler
                0x000000000001f1b5                wait_disk
                0x000000000001f1ce                hd_cmd_out
                0x000000000001f2a4                get_hd_info
                0x000000000001f2e2                disp_hd_info
 .text          0x000000000001f466       0xb2 driver/console.o
                0x000000000001f466                select_console
                0x000000000001f4af                scroll_screen
 *fill*         0x000000000001f518        0x8 
 .text          0x000000000001f520      0x1a3 lib/klib.o
                0x000000000001f520                println
                0x000000000001f55f                print
                0x000000000001f59a                printmsg
                0x000000000001f5e4                printchar
                0x000000000001f612                backspace
                0x000000000001f62a                itoa
                0x000000000001f669                in_byte
                0x000000000001f673                out_byte
                0x000000000001f67f                port_read
                0x000000000001f697                port_write
                0x000000000001f6af                disable_int
                0x000000000001f6b1                enable_int
                0x000000000001f6b3                getcr2
                0x000000000001f6b7                load_cr3
                0x000000000001f6bf                sys_getcr3
 .text          0x000000000001f6c3      0x1c5 lib/string.o
                0x000000000001f6c3                strlen
                0x000000000001f6eb                strcmp
                0x000000000001f74b                strcpy
                0x000000000001f76f                memcpy
                0x000000000001f7ec                memset
                0x000000000001f818                memcmp
 .text          0x000000000001f888       0x85 lib/printf.o
                0x000000000001f888                printf
                0x000000000001f8e3                sprintf
 .text          0x000000000001f90d      0x296 lib/vsprintf.o
                0x000000000001f90d                pow
                0x000000000001f946                tohex
                0x000000000001f9ef                vsprintf
 .text          0x000000000001fba3      0x123 lib/io.o
                0x000000000001fba3                set_cursor_pos
                0x000000000001fc0c                set_video_start
                0x000000000001fc75                init_video
 .text          0x000000000001fcc6      0x46a fs/main.o
                0x000000000001fcc6                TaskFS
                0x000000000001fd8e                init_fs
                0x000000000001fe08                mkfs
 .text          0x0000000000020130      0x82b fs/open.o
                0x0000000000020130                open
                0x0000000000020177                do_open
                0x0000000000020423                create_file
                0x000000000002048d                alloc_imap_bit
                0x00000000000205cb                alloc_smap_bits
                0x0000000000020730                alloc_inode
                0x000000000002086a                alloc_dir_entry
 .text          0x000000000002095b      0x137 fs/misc.o
                0x000000000002095b                find_file
                0x00000000000209e4                get_inode
 .text          0x0000000000020a92      0x11a fs/close.o
                0x0000000000020a92                close
                0x0000000000020ac5                do_close
                0x0000000000020b3d                clear_inode
 .text          0x0000000000020bac      0x3db fs/rdwt.o
                0x0000000000020bac                write
                0x0000000000020beb                read
                0x0000000000020c2a                do_rdwt
 .text          0x0000000000020f87      0x4e6 fs/unlink.o
                0x0000000000020f87                unlink
                0x0000000000020fc8                do_unlink
 .text          0x000000000002146d      0x39d mm/main.o
                0x000000000002146d                TaskMM
                0x000000000002152d                init_mm
 .text          0x000000000002180a      0x22f mm/vmalloc.o
                0x000000000002180a                vm_alloc
                0x000000000002185f                vm_alloc_ex
                0x00000000000218bc                do_vm_alloc
 .text          0x0000000000021a39      0x102 mm/vmfree.o
                0x0000000000021a39                vm_free
                0x0000000000021a85                do_vm_free
 .text          0x0000000000021b3b      0x5fb mm/misc.o
                0x0000000000021b3b                alloc_frame
                0x0000000000021bb9                find_pf_list_item
                0x0000000000021bf1                alloc_page
                0x0000000000021c87                check_free_page
                0x0000000000021cca                check_free_frame
                0x0000000000021d2a                relocate_pde
                0x0000000000021d95                map_frame
                0x0000000000021f7d                unmap_frame
 .text          0x0000000000022136      0x2bd mm/brk.o
                0x0000000000022136                brk
                0x0000000000022169                sbrk
                0x000000000002219c                do_brk
                0x00000000000222f1                do_sbrk
 .text          0x00000000000223f3       0x86 exe/main.o
                0x00000000000223f3                TaskEXE
 .text          0x0000000000022479      0x339 exe/fork.o
                0x0000000000022479                fork
                0x00000000000224d1                do_fork
                0x0000000000022788                alloc_mem
 *(.gnu.warning)

.fini
 *(SORT(.fini))
                0x00000000000227b2                PROVIDE (__etext, .)
                0x00000000000227b2                PROVIDE (_etext, .)
                0x00000000000227b2                PROVIDE (etext, .)

.rodata         0x00000000000227b4      0xe7b
 *(.rodata .rodata.* .gnu.linkonce.r.*)
 .rodata        0x00000000000227b4       0x25 kernel/start.o
 *fill*         0x00000000000227d9        0x3 
 .rodata        0x00000000000227dc       0x26 kernel/main.o
 .rodata        0x0000000000022802       0x1e kernel/clock.o
 .rodata        0x0000000000022820       0xda kernel/proc.o
 *fill*         0x00000000000228fa        0x2 
 .rodata        0x00000000000228fc       0xdd kernel/exception.o
 *fill*         0x00000000000229d9        0x3 
 .rodata        0x00000000000229dc      0x314 kernel/test.o
 .rodata        0x0000000000022cf0        0xd driver/tty.o
 *fill*         0x0000000000022cfd        0x3 
 .rodata        0x0000000000022d00      0x15b driver/hd.o
 *fill*         0x0000000000022e5b        0x1 
 .rodata        0x0000000000022e5c      0x10b fs/main.o
 *fill*         0x0000000000022f67        0x1 
 .rodata        0x0000000000022f68      0x16c fs/open.o
 .rodata        0x00000000000230d4       0x2a fs/misc.o
 .rodata        0x00000000000230fe       0x1e fs/close.o
 .rodata        0x000000000002311c       0x17 fs/rdwt.o
 *fill*         0x0000000000023133        0x1 
 .rodata        0x0000000000023134      0x16b fs/unlink.o
 *fill*         0x000000000002329f        0x1 
 .rodata        0x00000000000232a0       0x64 mm/main.o
 .rodata        0x0000000000023304       0x9b mm/vmalloc.o
 .rodata        0x000000000002339f       0x31 mm/vmfree.o
 .rodata        0x00000000000233d0       0x34 mm/misc.o
 .rodata        0x0000000000023404      0x110 mm/brk.o
 .rodata        0x0000000000023514       0x50 exe/main.o
 .rodata        0x0000000000023564       0xcb exe/fork.o

.rodata1
 *(.rodata1)

.eh_frame_hdr
 *(.eh_frame_hdr)

.eh_frame       0x0000000000023630     0x11b0
 *(.eh_frame)
 .eh_frame      0x0000000000023630       0x38 kernel/start.o
 .eh_frame      0x0000000000023668       0x1c kernel/main.o
                                         0x34 (size before relaxing)
 .eh_frame      0x0000000000023684       0xc0 kernel/protect.o
                                         0xd8 (size before relaxing)
 .eh_frame      0x0000000000023744       0x70 kernel/clock.o
                                         0x88 (size before relaxing)
 .eh_frame      0x00000000000237b4      0x374 kernel/proc.o
                                        0x38c (size before relaxing)
 .eh_frame      0x0000000000023b28       0x68 kernel/irq.o
                                         0x80 (size before relaxing)
 .eh_frame      0x0000000000023b90       0x78 kernel/exception.o
                                         0x90 (size before relaxing)
 .eh_frame      0x0000000000023c08       0xa8 kernel/test.o
                                         0xc0 (size before relaxing)
 .eh_frame      0x0000000000023cb0       0x60 driver/keyboard.o
                                         0x78 (size before relaxing)
 .eh_frame      0x0000000000023d10      0x19c driver/tty.o
                                        0x1b4 (size before relaxing)
 .eh_frame      0x0000000000023eac      0x1ac driver/hd.o
                                        0x1c4 (size before relaxing)
 .eh_frame      0x0000000000024058       0x40 driver/console.o
                                         0x58 (size before relaxing)
 .eh_frame      0x0000000000024098       0xc0 lib/string.o
                                         0xd8 (size before relaxing)
 .eh_frame      0x0000000000024158       0x48 lib/printf.o
                                         0x60 (size before relaxing)
 .eh_frame      0x00000000000241a0       0x64 lib/vsprintf.o
                                         0x7c (size before relaxing)
 .eh_frame      0x0000000000024204       0x60 lib/io.o
                                         0x78 (size before relaxing)
 .eh_frame      0x0000000000024264       0x64 fs/main.o
                                         0x7c (size before relaxing)
 .eh_frame      0x00000000000242c8       0xf8 fs/open.o
                                        0x110 (size before relaxing)
 .eh_frame      0x00000000000243c0       0x40 fs/misc.o
                                         0x58 (size before relaxing)
 .eh_frame      0x0000000000024400       0x60 fs/close.o
                                         0x78 (size before relaxing)
 .eh_frame      0x0000000000024460       0x60 fs/rdwt.o
                                         0x78 (size before relaxing)
 .eh_frame      0x00000000000244c0       0x48 fs/unlink.o
                                         0x60 (size before relaxing)
 .eh_frame      0x0000000000024508       0x3c mm/main.o
                                         0x54 (size before relaxing)
 .eh_frame      0x0000000000024544       0x60 mm/vmalloc.o
                                         0x78 (size before relaxing)
 .eh_frame      0x00000000000245a4       0x40 mm/vmfree.o
                                         0x58 (size before relaxing)
 .eh_frame      0x00000000000245e4      0x100 mm/misc.o
                                        0x118 (size before relaxing)
 .eh_frame      0x00000000000246e4       0x80 mm/brk.o
                                         0x98 (size before relaxing)
 .eh_frame      0x0000000000024764       0x1c exe/main.o
                                         0x34 (size before relaxing)
 .eh_frame      0x0000000000024780       0x60 exe/fork.o
                                         0x78 (size before relaxing)

.gcc_except_table
 *(.gcc_except_table .gcc_except_table.*)

.exception_ranges
 *(.exception_ranges .exception_ranges*)
                0x00000000000247e0                . = (ALIGN (0x1000) - ((0x1000 - .) & 0xfff))
                0x0000000000025000                . = DATA_SEGMENT_ALIGN (0x1000, 0x1000)

.eh_frame
 *(.eh_frame)

.gcc_except_table
 *(.gcc_except_table .gcc_except_table.*)

.exception_ranges
 *(.exception_ranges .exception_ranges*)

.tdata
 *(.tdata .tdata.* .gnu.linkonce.td.*)

.tbss
 *(.tbss .tbss.* .gnu.linkonce.tb.*)
 *(.tcommon)

.preinit_array  0x0000000000025000        0x0
                0x0000000000025000                PROVIDE (__preinit_array_start, .)
 *(.preinit_array)
                0x0000000000025000                PROVIDE (__preinit_array_end, .)

.init_array     0x0000000000025000        0x0
                0x0000000000025000                PROVIDE (__init_array_start, .)
 *(SORT(.init_array.*) SORT(.ctors.*))
 *(.init_array EXCLUDE_FILE(*crtend?.o *crtend.o *crtbegin?.o *crtbegin.o) .ctors)
                0x0000000000025000                PROVIDE (__init_array_end, .)

.fini_array     0x0000000000025000        0x0
                0x0000000000025000                PROVIDE (__fini_array_start, .)
 *(SORT(.fini_array.*) SORT(.dtors.*))
 *(.fini_array EXCLUDE_FILE(*crtend?.o *crtend.o *crtbegin?.o *crtbegin.o) .dtors)
                0x0000000000025000                PROVIDE (__fini_array_end, .)

.ctors
 *crtbegin.o(.ctors)
 *crtbegin?.o(.ctors)
 *(EXCLUDE_FILE(*crtend?.o *crtend.o) .ctors)
 *(SORT(.ctors.*))
 *(.ctors)

.dtors
 *crtbegin.o(.dtors)
 *crtbegin?.o(.dtors)
 *(EXCLUDE_FILE(*crtend?.o *crtend.o) .dtors)
 *(SORT(.dtors.*))
 *(.dtors)

.jcr
 *(.jcr)

.data.rel.ro
 *(.data.rel.ro.local* .gnu.linkonce.d.rel.ro.local.*)
 *(.data.rel.ro .data.rel.ro.* .gnu.linkonce.d.rel.ro.*)

.dynamic
 *(.dynamic)

.got
 *(.got)
 *(.igot)
                0x0000000000025000                . = DATA_SEGMENT_RELRO_END (., (SIZEOF (.got.plt) >= 0xc)?0xc:0x0)

.got.plt        0x0000000000025000        0x0
 *(.got.plt)
 *(.igot.plt)
 .igot.plt      0x0000000000000000        0x0 kernel/kernel.o

.data           0x0000000000025000     0x1190
 *(.data .data.* .gnu.linkonce.d.*)
 .data          0x0000000000025000     0x1074 kernel/kernel.o
                0x0000000000025000                GDT
                0x0000000000025806                IDT
                0x000000000002600c                TSS
 .data          0x0000000000026074        0x0 kernel/start.o
 .data          0x0000000000026074        0x0 kernel/main.o
 .data          0x0000000000026074        0x0 kernel/protect.o
 .data          0x0000000000026074        0x0 kernel/clock.o
 *fill*         0x0000000000026074        0xc 
 .data          0x0000000000026080       0xac kernel/proc.o
                0x0000000000026080                task_table
                0x0000000000026100                syscall_table
 .data          0x000000000002612c        0x0 kernel/irq.o
 .data          0x000000000002612c        0x0 kernel/exception.o
 .data          0x000000000002612c        0x0 kernel/test.o
 *fill*         0x000000000002612c       0x14 
 .data          0x0000000000026140       0x45 driver/keyboard.o
                0x0000000000026140                keymap
 .data          0x0000000000026185        0x0 driver/tty.o
 .data          0x0000000000026185        0x0 driver/hd.o
 .data          0x0000000000026185        0x0 driver/console.o
 *fill*         0x0000000000026185        0x3 
 .data          0x0000000000026188        0x8 lib/klib.o
                0x0000000000026188                print_pos
                0x000000000002618c                main_print_pos
 .data          0x0000000000026190        0x0 lib/string.o
 .data          0x0000000000026190        0x0 lib/printf.o
 .data          0x0000000000026190        0x0 lib/vsprintf.o
 .data          0x0000000000026190        0x0 lib/io.o
 .data          0x0000000000026190        0x0 fs/main.o
 .data          0x0000000000026190        0x0 fs/open.o
 .data          0x0000000000026190        0x0 fs/misc.o
 .data          0x0000000000026190        0x0 fs/close.o
 .data          0x0000000000026190        0x0 fs/rdwt.o
 .data          0x0000000000026190        0x0 fs/unlink.o
 .data          0x0000000000026190        0x0 mm/main.o
 .data          0x0000000000026190        0x0 mm/vmalloc.o
 .data          0x0000000000026190        0x0 mm/vmfree.o
 .data          0x0000000000026190        0x0 mm/misc.o
 .data          0x0000000000026190        0x0 mm/brk.o
 .data          0x0000000000026190        0x0 exe/main.o
 .data          0x0000000000026190        0x0 exe/fork.o

.data1
 *(.data1)
                0x0000000000026190                _edata = .
                0x0000000000026190                PROVIDE (edata, .)
                0x0000000000026190                . = .
                0x0000000000026190                __bss_start = .

.bss            0x00000000000261a0    0x57dac
 *(.dynbss)
 *(.bss .bss.* .gnu.linkonce.b.*)
 .bss           0x00000000000261a0      0x800 kernel/kernel.o
 .bss           0x00000000000269a0        0x0 kernel/start.o
 .bss           0x00000000000269a0        0x0 kernel/main.o
 .bss           0x00000000000269a0        0x0 kernel/protect.o
 .bss           0x00000000000269a0        0x0 kernel/clock.o
 .bss           0x00000000000269a0        0x0 kernel/proc.o
 .bss           0x00000000000269a0        0x0 kernel/irq.o
 .bss           0x00000000000269a0        0x0 kernel/exception.o
 .bss           0x00000000000269a0        0x0 kernel/test.o
 .bss           0x00000000000269a0        0x0 driver/keyboard.o
 .bss           0x00000000000269a0        0x0 driver/tty.o
 .bss           0x00000000000269a0        0x0 driver/hd.o
 .bss           0x00000000000269a0        0x0 driver/console.o
 .bss           0x00000000000269a0        0x0 lib/string.o
 .bss           0x00000000000269a0        0x0 lib/printf.o
 .bss           0x00000000000269a0        0x0 lib/vsprintf.o
 .bss           0x00000000000269a0        0x0 lib/io.o
 .bss           0x00000000000269a0        0x0 fs/main.o
 .bss           0x00000000000269a0        0x0 fs/open.o
 .bss           0x00000000000269a0        0x0 fs/misc.o
 .bss           0x00000000000269a0        0x0 fs/close.o
 .bss           0x00000000000269a0        0x0 fs/rdwt.o
 .bss           0x00000000000269a0        0x0 fs/unlink.o
 .bss           0x00000000000269a0        0x0 mm/main.o
 .bss           0x00000000000269a0        0x0 mm/vmalloc.o
 .bss           0x00000000000269a0        0x0 mm/vmfree.o
 .bss           0x00000000000269a0        0x0 mm/misc.o
 .bss           0x00000000000269a0        0x0 mm/brk.o
 .bss           0x00000000000269a0        0x0 exe/main.o
 .bss           0x00000000000269a0        0x0 exe/fork.o
 *(COMMON)
 COMMON         0x00000000000269a0        0xc kernel/start.o
                0x00000000000269a0                nr_current_console
                0x00000000000269a4                p_current_proc
                0x00000000000269a8                ticks
 COMMON         0x00000000000269ac        0x4 kernel/main.o
                0x00000000000269ac                re_enter
 *fill*         0x00000000000269b0       0x10 
 COMMON         0x00000000000269c0    0x1cdc0 kernel/proc.o
                0x00000000000269c0                task_stack_mm
                0x00000000000291c0                task_stack_hd
                0x000000000002b9c0                task_stack_init
                0x000000000002e1c0                task_stack_c
                0x00000000000309c0                task_stack_b
                0x00000000000331c0                task_stack_exe
                0x00000000000359c0                task_stack_d
                0x00000000000381c0                task_stack_tty
                0x000000000003a9c0                task_stack_fs
                0x000000000003d1c0                task_stack_e
                0x000000000003f9c0                proc_table
                0x0000000000040f80                task_stack_a
 COMMON         0x0000000000043780       0x40 kernel/irq.o
                0x0000000000043780                irq_table
 COMMON         0x00000000000437c0       0x50 kernel/exception.o
                0x00000000000437c0                exception_table
 COMMON         0x0000000000043810        0x4 driver/keyboard.o
                0x0000000000043810                p_current_tty
 *fill*         0x0000000000043814        0xc 
 COMMON         0x0000000000043820      0x250 driver/tty.o
                0x0000000000043820                tty_table
 *fill*         0x0000000000043a70       0x10 
 COMMON         0x0000000000043a80      0x440 driver/hd.o
                0x0000000000043a80                hd_msg
                0x0000000000043ac0                hd_buf
 COMMON         0x0000000000043ec0       0x40 driver/console.o
                0x0000000000043ec0                console_table
 COMMON         0x0000000000043f00    0x39fc0 fs/main.o
                0x0000000000043f00                inode_table
                0x000000000005bf00                dirent_buf
                0x000000000005c100                inode_buf
                0x000000000006c100                fs_msg
                0x000000000006c140                f_desc_table
                0x000000000006c2c0                fsbuf
                0x000000000007d2c0                smap_buf
                0x000000000007dcc0                imap_buf
 COMMON         0x000000000007dec0       0x4c mm/main.o
                0x000000000007dec0                pf_list
                0x000000000007dec4                mi
                0x000000000007dee0                mm_msg
 *fill*         0x000000000007df0c       0x14 
 COMMON         0x000000000007df20       0x2c exe/main.o
                0x000000000007df20                exe_msg
                0x000000000007df4c                . = ALIGN ((. != 0x0)?0x4:0x1)
                0x000000000007df4c                . = ALIGN (0x4)
                0x000000000007df4c                . = SEGMENT_START ("ldata-segment", .)
                0x000000000007df4c                . = ALIGN (0x4)
                0x000000000007df4c                _end = .
                0x000000000007df4c                PROVIDE (end, .)
                0x000000000007df4c                . = DATA_SEGMENT_END (.)

.stab
 *(.stab)

.stabstr
 *(.stabstr)

.stab.excl
 *(.stab.excl)

.stab.exclstr
 *(.stab.exclstr)

.stab.index
 *(.stab.index)

.stab.indexstr
 *(.stab.indexstr)

.comment        0x0000000000000000       0x2b
 *(.comment)
 .comment       0x0000000000000000       0x2b kernel/start.o
                                         0x2c (size before relaxing)
 .comment       0x0000000000000000       0x2c kernel/main.o
 .comment       0x0000000000000000       0x2c kernel/protect.o
 .comment       0x0000000000000000       0x2c kernel/clock.o
 .comment       0x0000000000000000       0x2c kernel/proc.o
 .comment       0x0000000000000000       0x2c kernel/irq.o
 .comment       0x0000000000000000       0x2c kernel/exception.o
 .comment       0x0000000000000000       0x2c kernel/test.o
 .comment       0x0000000000000000       0x2c driver/keyboard.o
 .comment       0x0000000000000000       0x2c driver/tty.o
 .comment       0x0000000000000000       0x2c driver/hd.o
 .comment       0x0000000000000000       0x2c driver/console.o
 .comment       0x0000000000000000       0x2c lib/string.o
 .comment       0x0000000000000000       0x2c lib/printf.o
 .comment       0x0000000000000000       0x2c lib/vsprintf.o
 .comment       0x0000000000000000       0x2c lib/io.o
 .comment       0x0000000000000000       0x2c fs/main.o
 .comment       0x0000000000000000       0x2c fs/open.o
 .comment       0x0000000000000000       0x2c fs/misc.o
 .comment       0x0000000000000000       0x2c fs/close.o
 .comment       0x0000000000000000       0x2c fs/rdwt.o
 .comment       0x0000000000000000       0x2c fs/unlink.o
 .comment       0x0000000000000000       0x2c mm/main.o
 .comment       0x0000000000000000       0x2c mm/vmalloc.o
 .comment       0x0000000000000000       0x2c mm/vmfree.o
 .comment       0x0000000000000000       0x2c mm/misc.o
 .comment       0x0000000000000000       0x2c mm/brk.o
 .comment       0x0000000000000000       0x2c exe/main.o
 .comment       0x0000000000000000       0x2c exe/fork.o

.debug
 *(.debug)

.line
 *(.line)

.debug_srcinfo
 *(.debug_srcinfo)

.debug_sfnames
 *(.debug_sfnames)

.debug_aranges
 *(.debug_aranges)

.debug_pubnames
 *(.debug_pubnames)

.debug_info
 *(.debug_info .gnu.linkonce.wi.*)

.debug_abbrev
 *(.debug_abbrev)

.debug_line
 *(.debug_line .debug_line.* .debug_line_end)

.debug_frame
 *(.debug_frame)

.debug_str
 *(.debug_str)

.debug_loc
 *(.debug_loc)

.debug_macinfo
 *(.debug_macinfo)

.debug_weaknames
 *(.debug_weaknames)

.debug_funcnames
 *(.debug_funcnames)

.debug_typenames
 *(.debug_typenames)

.debug_varnames
 *(.debug_varnames)

.debug_pubtypes
 *(.debug_pubtypes)

.debug_ranges
 *(.debug_ranges)

.debug_macro
 *(.debug_macro)

.gnu.attributes
 *(.gnu.attributes)

/DISCARD/
 *(.note.GNU-stack)
 *(.gnu_debuglink)
 *(.gnu.lto_*)
OUTPUT(kernel.bin elf32-i386)
