
分配公共符号
公共符号            大小              文件

task_stack_mm       0x2800            proc.o
pf_list             0x4               mm_main.o
task_stack_hd       0x2800            proc.o
inode_table         0x18000           fs_main.o
exe_msg             0x2c              exe_main.o
task_stack_init     0x2800            proc.o
dirent_buf          0x200             fs_main.o
task_stack_c        0x2800            proc.o
task_stack_b        0x2800            proc.o
inode_buf           0x10000           fs_main.o
tty_table           0x140             tty.o
fs_msg              0x2c              fs_main.o
nr_current_console  0x4               start.o
task_stack_exe      0x2800            proc.o
f_desc_table        0x180             fs_main.o
fsbuf               0x11000           fs_main.o
hd_msg              0x2c              hd.o
sem_mutex           0x90              main.o
p_current_proc      0x4               start.o
mi                  0x4               mm_main.o
mm_msg              0x2c              mm_main.o
task_stack_tty      0x2800            proc.o
p_current_tty       0x4               keyboard.o
ticks               0x4               start.o
array               0x28              main.o
task_stack_fs       0x2800            proc.o
console_table       0x40              console.o
irq_table           0x40              irq.o
hd_buf              0x400             hd.o
proc_table          0x3100            proc.o
task_stack_a        0x2800            proc.o
re_enter            0x4               main.o
smap_buf            0xa00             fs_main.o
imap_buf            0x200             fs_main.o

舍弃的输入节

 .note.GNU-stack
                0x0000000000000000        0x0 start.o
 .note.GNU-stack
                0x0000000000000000        0x0 main.o
 .note.GNU-stack
                0x0000000000000000        0x0 protect.o
 .note.GNU-stack
                0x0000000000000000        0x0 clock.o
 .note.GNU-stack
                0x0000000000000000        0x0 proc.o
 .note.GNU-stack
                0x0000000000000000        0x0 irq.o
 .note.GNU-stack
                0x0000000000000000        0x0 keyboard.o
 .note.GNU-stack
                0x0000000000000000        0x0 tty.o
 .note.GNU-stack
                0x0000000000000000        0x0 hd.o
 .note.GNU-stack
                0x0000000000000000        0x0 console.o
 .note.GNU-stack
                0x0000000000000000        0x0 printf.o
 .note.GNU-stack
                0x0000000000000000        0x0 vsprintf.o
 .note.GNU-stack
                0x0000000000000000        0x0 io.o
 .note.GNU-stack
                0x0000000000000000        0x0 fs_main.o
 .note.GNU-stack
                0x0000000000000000        0x0 open.o
 .note.GNU-stack
                0x0000000000000000        0x0 misc.o
 .note.GNU-stack
                0x0000000000000000        0x0 close.o
 .note.GNU-stack
                0x0000000000000000        0x0 rdwt.o
 .note.GNU-stack
                0x0000000000000000        0x0 unlink.o
 .note.GNU-stack
                0x0000000000000000        0x0 mm_main.o
 .note.GNU-stack
                0x0000000000000000        0x0 vmalloc.o
 .note.GNU-stack
                0x0000000000000000        0x0 exe_main.o
 .note.GNU-stack
                0x0000000000000000        0x0 fork.o

内存配置

名称           来源             长度             属性
*default*        0x0000000000000000 0xffffffffffffffff

链结器命令稿和内存映射

段 .text 的地址设置为 0x1b400
LOAD kernel.o
LOAD start.o
LOAD 8259A.o
LOAD main.o
LOAD protect.o
LOAD clock.o
LOAD syscall.o
LOAD proc.o
LOAD irq.o
LOAD keyboard.o
LOAD tty.o
LOAD hd.o
LOAD console.o
LOAD klib.o
LOAD string.o
LOAD printf.o
LOAD vsprintf.o
LOAD io.o
LOAD fs_main.o
LOAD open.o
LOAD misc.o
LOAD close.o
LOAD rdwt.o
LOAD unlink.o
LOAD mm_main.o
LOAD vmalloc.o
LOAD exe_main.o
LOAD fork.o
                [!provide]                        PROVIDE (__executable_start, 0x8048000)
                0x0000000008048094                . = (0x8048000 + SIZEOF_HEADERS)

.interp
 *(.interp)

.note.gnu.build-id
 *(.note.gnu.build-id)

.hash
 *(.hash)

.gnu.hash
 *(.gnu.hash)

.dynsym
 *(.dynsym)

.dynstr
 *(.dynstr)

.gnu.version
 *(.gnu.version)

.gnu.version_d
 *(.gnu.version_d)

.gnu.version_r
 *(.gnu.version_r)

.rel.dyn        0x0000000008048094        0x0
 *(.rel.init)
 *(.rel.text .rel.text.* .rel.gnu.linkonce.t.*)
 .rel.text      0x0000000008048094        0x0 kernel.o
 *(.rel.fini)
 *(.rel.rodata .rel.rodata.* .rel.gnu.linkonce.r.*)
 *(.rel.data.rel.ro .rel.data.rel.ro.* .rel.gnu.linkonce.d.rel.ro.*)
 *(.rel.data .rel.data.* .rel.gnu.linkonce.d.*)
 .rel.data      0x0000000008048094        0x0 kernel.o
 *(.rel.tdata .rel.tdata.* .rel.gnu.linkonce.td.*)
 *(.rel.tbss .rel.tbss.* .rel.gnu.linkonce.tb.*)
 *(.rel.ctors)
 *(.rel.dtors)
 *(.rel.got)
 *(.rel.bss .rel.bss.* .rel.gnu.linkonce.b.*)
 *(.rel.ifunc)

.rel.plt        0x0000000008048094        0x0
 *(.rel.plt)
                [!provide]                        PROVIDE (__rel_iplt_start, .)
 *(.rel.iplt)
 .rel.iplt      0x0000000008048094        0x0 kernel.o
                [!provide]                        PROVIDE (__rel_iplt_end, .)

.init
 *(SORT(.init))

.plt            0x00000000080480a0        0x0
 *(.plt)
 *(.iplt)
 .iplt          0x00000000080480a0        0x0 kernel.o

.plt.got
 *(.plt.got)

.text           0x000000000001b400     0x572c
 *(.text.unlikely .text.*_unlikely .text.unlikely.*)
 *(.text.exit .text.exit.*)
 *(.text.startup .text.startup.*)
 *(.text.hot .text.hot.*)
 *(.text .stub .text.* .gnu.linkonce.t.*)
 .text          0x000000000001b400      0x64e kernel.o
                0x000000000001b400                _start
                0x000000000001b475                divide_error
                0x000000000001b47b                debug_exception
                0x000000000001b481                nmi
                0x000000000001b487                breakpoint
                0x000000000001b48d                overflow
                0x000000000001b493                out_of_bound
                0x000000000001b499                invalid_opcode
                0x000000000001b49f                no_math_coprocessor
                0x000000000001b4a5                double_fault
                0x000000000001b4a9                coprocessor_error
                0x000000000001b4af                invalid_tss
                0x000000000001b4b3                not_present
                0x000000000001b4b7                stack_error
                0x000000000001b4bb                general_protect
                0x000000000001b4bf                page_fault
                0x000000000001b4c3                mcu_fault
                0x000000000001b4c9                align_check
                0x000000000001b4cd                mechine
                0x000000000001b4d3                simd_error
                0x000000000001b4e8                hwint_0
                0x000000000001b536                hwint_1
                0x000000000001b584                hwint_2
                0x000000000001b5d2                hwint_3
                0x000000000001b620                hwint_4
                0x000000000001b66e                hwint_5
                0x000000000001b6bc                hwint_6
                0x000000000001b70a                hwint_7
                0x000000000001b758                hwint_8
                0x000000000001b7a8                hwint_9
                0x000000000001b7f8                hwint_10
                0x000000000001b848                hwint_11
                0x000000000001b898                hwint_12
                0x000000000001b8e8                hwint_13
                0x000000000001b938                hwint_14
                0x000000000001b988                hwint_15
                0x000000000001b9d8                sys_call
                0x000000000001ba2c                proc_begin
 .text          0x000000000001ba4e      0x55b start.o
                0x000000000001ba4e                excep_handler
                0x000000000001babb                default_irq_handler
                0x000000000001baf1                cstart
 *fill*         0x000000000001bfa9        0x7 
 .text          0x000000000001bfb0       0x5c 8259A.o
                0x000000000001bfb0                init_8259A
 .text          0x000000000001c00c      0x717 main.o
                0x000000000001c00c                kernel_main
                0x000000000001c271                sleep
                0x000000000001c2ab                Init
                0x000000000001c352                TaskA
                0x000000000001c3df                TaskB
                0x000000000001c465                TaskC
 .text          0x000000000001c723      0x1f7 protect.o
                0x000000000001c723                init_desc
                0x000000000001c785                init_idt_desc
                0x000000000001c7e7                init_prot
                0x000000000001c85d                get_base
                0x000000000001c8ab                get_limit
                0x000000000001c8e0                granularity
 .text          0x000000000001c91a      0x21f clock.o
                0x000000000001c91a                schedule
                0x000000000001c994                disp_time
                0x000000000001caa2                clock_handler
                0x000000000001cad0                init_clock
 *fill*         0x000000000001cb39        0x7 
 .text          0x000000000001cb40       0x84 syscall.o
                0x000000000001cb40                get_ticks
                0x000000000001cb48                sendrecv
                0x000000000001cb5c                getpid
                0x000000000001cb64                getppid
                0x000000000001cb6c                printk
                0x000000000001cb78                sem_init
                0x000000000001cb88                sem_post
                0x000000000001cb94                sem_wait
                0x000000000001cba0                disable_paging
                0x000000000001cba8                enable_paging
                0x000000000001cbb0                reload_cr3
                0x000000000001cbbc                getcr3
 .text          0x000000000001cbc4      0x9a8 proc.o
                0x000000000001cbc4                sys_get_ticks
                0x000000000001cbce                sys_sendrecv
                0x000000000001cc70                sys_getpid
                0x000000000001cc7d                sys_getppid
                0x000000000001cc8a                sys_printk
                0x000000000001ccc6                sys_sem_init
                0x000000000001cd03                sys_sem_post
                0x000000000001cd71                sys_sem_wait
                0x000000000001cde8                enqueue
                0x000000000001ce61                dequeue
                0x000000000001cee1                va2la
                0x000000000001cf11                msg_send
                0x000000000001d048                msg_recv
                0x000000000001d265                block
                0x000000000001d299                unblock
                0x000000000001d29f                deadlock
                0x000000000001d318                inform_int
                0x000000000001d3bb                interrupt_wait
                0x000000000001d3d7                reset_msg
                0x000000000001d3f2                init_send_queue
                0x000000000001d423                empty
                0x000000000001d435                dump_proc
                0x000000000001d491                dump_msg
                0x000000000001d4bb                failure
                0x000000000001d517                panic
 .text          0x000000000001d56c      0x134 irq.o
                0x000000000001d56c                put_irq_handler
                0x000000000001d590                enable_irq
                0x000000000001d61a                disable_irq
 .text          0x000000000001d6a0      0x2aa keyboard.o
                0x000000000001d6a0                keyboard_handler
                0x000000000001d735                keyboard_read
                0x000000000001d922                init_keyboard
 .text          0x000000000001d94a      0x445 tty.o
                0x000000000001d94a                TaskTTY
                0x000000000001d9b2                init_tty
                0x000000000001da12                init_console
                0x000000000001da9e                is_current_console
                0x000000000001dacb                tty_printchar
                0x000000000001db20                tty_printstr
                0x000000000001db6c                tty_backspace
                0x000000000001dbf5                disp_tips
                0x000000000001dc4c                reset_kb_buf
                0x000000000001dc8c                parse_input
 .text          0x000000000001dd8f      0x57f hd.o
                0x000000000001dd8f                TaskHD
                0x000000000001de67                init_hd
                0x000000000001df00                hd_cmd_out
                0x000000000001dffd                get_hd_info
                0x000000000001e038                disp_hd_info
                0x000000000001e1ab                hd_open
                0x000000000001e1e5                hd_write
                0x000000000001e265                hd_read
                0x000000000001e2e5                hd_handler
 .text          0x000000000001e30e       0xbf console.o
                0x000000000001e30e                select_console
                0x000000000001e35f                scroll_screen
 *fill*         0x000000000001e3cd        0x3 
 .text          0x000000000001e3d0      0x21e klib.o
                0x000000000001e3d0                memcpy
                0x000000000001e3f3                memset
                0x000000000001e40e                memcmp
                0x000000000001e437                println
                0x000000000001e476                print
                0x000000000001e4b1                printmsg
                0x000000000001e4fb                printchar
                0x000000000001e529                backspace
                0x000000000001e541                itoa
                0x000000000001e580                in_byte
                0x000000000001e58a                out_byte
                0x000000000001e596                port_read
                0x000000000001e5ae                port_write
                0x000000000001e5c6                disable_int
                0x000000000001e5c8                enable_int
                0x000000000001e5ca                sys_disable_paging
                0x000000000001e5d6                sys_enable_paging
                0x000000000001e5e2                sys_reload_cr3
                0x000000000001e5ea                sys_getcr3
 *fill*         0x000000000001e5ee        0x2 
 .text          0x000000000001e5f0       0x50 string.o
                0x000000000001e5f0                strlen
                0x000000000001e605                strcpy
                0x000000000001e61e                strncmp
 .text          0x000000000001e640       0x7c printf.o
                0x000000000001e640                printf
                0x000000000001e695                sprintf
 .text          0x000000000001e6bc      0x289 vsprintf.o
                0x000000000001e6bc                pow
                0x000000000001e6f5                tohex
                0x000000000001e79a                vsprintf
 .text          0x000000000001e945      0x122 io.o
                0x000000000001e945                set_cursor_pos
                0x000000000001e9ad                set_video_start
                0x000000000001ea15                init_video
 .text          0x000000000001ea67      0x4d3 fs_main.o
                0x000000000001ea67                TaskFS
                0x000000000001eb1b                init_fs
                0x000000000001ebb1                mkfs
                0x000000000001eec2                write_hd
                0x000000000001eefe                read_hd
 .text          0x000000000001ef3a      0x855 open.o
                0x000000000001ef3a                open
                0x000000000001ef7c                do_open
                0x000000000001f233                create_file
                0x000000000001f28e                alloc_imap_bit
                0x000000000001f3b3                alloc_smap_bits
                0x000000000001f500                alloc_inode
                0x000000000001f60d                alloc_dir_entry
                0x000000000001f6dd                get_inode
 .text          0x000000000001f78f       0x81 misc.o
                0x000000000001f78f                find_file
 .text          0x000000000001f810      0x101 close.o
                0x000000000001f810                close
                0x000000000001f83b                do_close
                0x000000000001f8b7                clear_inode
 .text          0x000000000001f911      0x374 rdwt.o
                0x000000000001f911                write
                0x000000000001f948                read
                0x000000000001f97f                do_rdwt
 .text          0x000000000001fc85      0x467 unlink.o
                0x000000000001fc85                unlink
                0x000000000001fcc1                do_unlink
 .text          0x00000000000200ec      0x36c mm_main.o
                0x00000000000200ec                TaskMM
                0x000000000002016d                init_mm
 .text          0x0000000000020458      0x32f vmalloc.o
                0x0000000000020458                vm_alloc
                0x00000000000204af                do_vm_alloc
 .text          0x0000000000020787       0xc3 exe_main.o
                0x0000000000020787                TaskEXE
                0x0000000000020803                alloc_mem
 .text          0x000000000002084a      0x2e2 fork.o
                0x000000000002084a                fork
                0x000000000002088f                do_fork
 *(.gnu.warning)

.fini
 *(SORT(.fini))
                [!provide]                        PROVIDE (__etext, .)
                [!provide]                        PROVIDE (_etext, .)
                [!provide]                        PROVIDE (etext, .)

.rodata         0x0000000000020b2c      0xb5f
 *(.rodata .rodata.* .gnu.linkonce.r.*)
 .rodata        0x0000000000020b2c       0xe7 start.o
 *fill*         0x0000000000020c13        0x1 
 .rodata        0x0000000000020c14      0x16f main.o
 .rodata        0x0000000000020d83       0x1e clock.o
 *fill*         0x0000000000020da1        0x3 
 .rodata        0x0000000000020da4      0x109 proc.o
 .rodata        0x0000000000020ead        0xd tty.o
 *fill*         0x0000000000020eba        0x2 
 .rodata        0x0000000000020ebc      0x13f hd.o
 *fill*         0x0000000000020ffb        0x1 
 .rodata        0x0000000000020ffc       0xeb fs_main.o
 *fill*         0x00000000000210e7        0x1 
 .rodata        0x00000000000210e8      0x1a2 open.o
 .rodata        0x000000000002128a       0x1e close.o
 .rodata        0x00000000000212a8       0x17 rdwt.o
 *fill*         0x00000000000212bf        0x1 
 .rodata        0x00000000000212c0      0x17f unlink.o
 *fill*         0x000000000002143f        0x1 
 .rodata        0x0000000000021440       0xdc mm_main.o
 .rodata        0x000000000002151c       0x2f vmalloc.o
 *fill*         0x000000000002154b        0x1 
 .rodata        0x000000000002154c       0x64 exe_main.o
 .rodata        0x00000000000215b0       0xdb fork.o

.rodata1
 *(.rodata1)

.eh_frame_hdr
 *(.eh_frame_hdr)
 *(.eh_frame_entry .eh_frame_entry.*)

.eh_frame       0x000000000002168c      0xdd4
 *(.eh_frame)
 .eh_frame      0x000000000002168c       0x78 start.o
 .eh_frame      0x0000000000021704       0xac main.o
                                         0xc4 (松开之前的大小)
 .eh_frame      0x00000000000217b0       0xc0 protect.o
                                         0xd8 (松开之前的大小)
 .eh_frame      0x0000000000021870       0x90 clock.o
                                         0xa8 (松开之前的大小)
 .eh_frame      0x0000000000021900      0x328 proc.o
                                        0x340 (松开之前的大小)
 .eh_frame      0x0000000000021c28       0x68 irq.o
                                         0x80 (松开之前的大小)
 .eh_frame      0x0000000000021c90       0x60 keyboard.o
                                         0x78 (松开之前的大小)
 .eh_frame      0x0000000000021cf0      0x140 tty.o
                                        0x158 (松开之前的大小)
 .eh_frame      0x0000000000021e30      0x11c hd.o
                                        0x134 (松开之前的大小)
 .eh_frame      0x0000000000021f4c       0x40 console.o
                                         0x58 (松开之前的大小)
 .eh_frame      0x0000000000021f8c       0x44 printf.o
                                         0x5c (松开之前的大小)
 .eh_frame      0x0000000000021fd0       0x64 vsprintf.o
                                         0x7c (松开之前的大小)
 .eh_frame      0x0000000000022034       0x60 io.o
                                         0x78 (松开之前的大小)
 .eh_frame      0x0000000000022094       0xa0 fs_main.o
                                         0xb8 (松开之前的大小)
 .eh_frame      0x0000000000022134      0x10c open.o
                                        0x124 (松开之前的大小)
 .eh_frame      0x0000000000022240       0x20 misc.o
                                         0x38 (松开之前的大小)
 .eh_frame      0x0000000000022260       0x60 close.o
                                         0x78 (松开之前的大小)
 .eh_frame      0x00000000000222c0       0x60 rdwt.o
                                         0x78 (松开之前的大小)
 .eh_frame      0x0000000000022320       0x44 unlink.o
                                         0x5c (松开之前的大小)
 .eh_frame      0x0000000000022364       0x3c mm_main.o
                                         0x54 (松开之前的大小)
 .eh_frame      0x00000000000223a0       0x40 vmalloc.o
                                         0x58 (松开之前的大小)
 .eh_frame      0x00000000000223e0       0x3c exe_main.o
                                         0x54 (松开之前的大小)
 .eh_frame      0x000000000002241c       0x44 fork.o
                                         0x5c (松开之前的大小)
 *(.eh_frame.*)

.gcc_except_table
 *(.gcc_except_table .gcc_except_table.*)

.gnu_extab
 *(.gnu_extab*)

.exception_ranges
 *(.exception_ranges .exception_ranges*)
                0x0000000000023460                . = DATA_SEGMENT_ALIGN (0x1000, 0x1000)

.eh_frame
 *(.eh_frame)
 *(.eh_frame.*)

.gnu_extab
 *(.gnu_extab)

.gcc_except_table
 *(.gcc_except_table .gcc_except_table.*)

.exception_ranges
 *(.exception_ranges .exception_ranges*)

.tdata
 *(.tdata .tdata.* .gnu.linkonce.td.*)

.tbss
 *(.tbss .tbss.* .gnu.linkonce.tb.*)
 *(.tcommon)

.preinit_array  0x0000000000023460        0x0
                [!provide]                        PROVIDE (__preinit_array_start, .)
 *(.preinit_array)
                [!provide]                        PROVIDE (__preinit_array_end, .)

.init_array     0x0000000000023460        0x0
                [!provide]                        PROVIDE (__init_array_start, .)
 *(SORT(.init_array.*) SORT(.ctors.*))
 *(.init_array EXCLUDE_FILE(*crtend?.o *crtend.o *crtbegin?.o *crtbegin.o) .ctors)
                [!provide]                        PROVIDE (__init_array_end, .)

.fini_array     0x0000000000023460        0x0
                [!provide]                        PROVIDE (__fini_array_start, .)
 *(SORT(.fini_array.*) SORT(.dtors.*))
 *(.fini_array EXCLUDE_FILE(*crtend?.o *crtend.o *crtbegin?.o *crtbegin.o) .dtors)
                [!provide]                        PROVIDE (__fini_array_end, .)

.ctors
 *crtbegin.o(.ctors)
 *crtbegin?.o(.ctors)
 *(EXCLUDE_FILE(*crtend?.o *crtend.o) .ctors)
 *(SORT(.ctors.*))
 *(.ctors)

.dtors
 *crtbegin.o(.dtors)
 *crtbegin?.o(.dtors)
 *(EXCLUDE_FILE(*crtend?.o *crtend.o) .dtors)
 *(SORT(.dtors.*))
 *(.dtors)

.jcr
 *(.jcr)

.data.rel.ro
 *(.data.rel.ro.local* .gnu.linkonce.d.rel.ro.local.*)
 *(.data.rel.ro .data.rel.ro.* .gnu.linkonce.d.rel.ro.*)

.dynamic
 *(.dynamic)

.got
 *(.got)
 *(.igot)
                0x0000000000023460                . = DATA_SEGMENT_RELRO_END (., (SIZEOF (.got.plt) >= 0xc)?0xc:0x0)

.got.plt        0x0000000000023460        0x0
 *(.got.plt)
 *(.igot.plt)
 .igot.plt      0x0000000000023460        0x0 kernel.o

.data           0x0000000000023460     0x1270
 *(.data .data.* .gnu.linkonce.d.*)
 .data          0x0000000000023460     0x1074 kernel.o
                0x0000000000023460                GDT
                0x0000000000023c66                IDT
                0x000000000002446c                TSS
 *fill*         0x00000000000244d4        0xc 
 .data          0x00000000000244e0       0x50 start.o
                0x00000000000244e0                err_msg_list
 .data          0x0000000000024530        0x0 main.o
 .data          0x0000000000024530        0x0 protect.o
 .data          0x0000000000024530        0x0 clock.o
 *fill*         0x0000000000024530       0x10 
 .data          0x0000000000024540      0x130 proc.o
                0x0000000000024540                task_table
                0x0000000000024640                syscall_table
 .data          0x0000000000024670        0x0 irq.o
 *fill*         0x0000000000024670       0x10 
 .data          0x0000000000024680       0x45 keyboard.o
                0x0000000000024680                keymap
 .data          0x00000000000246c5        0x0 tty.o
 .data          0x00000000000246c5        0x0 hd.o
 .data          0x00000000000246c5        0x0 console.o
 *fill*         0x00000000000246c5        0x3 
 .data          0x00000000000246c8        0x8 klib.o
                0x00000000000246c8                PrintPos
                0x00000000000246cc                MainPrintPos
 .data          0x00000000000246d0        0x0 printf.o
 .data          0x00000000000246d0        0x0 vsprintf.o
 .data          0x00000000000246d0        0x0 io.o
 .data          0x00000000000246d0        0x0 fs_main.o
 .data          0x00000000000246d0        0x0 open.o
 .data          0x00000000000246d0        0x0 misc.o
 .data          0x00000000000246d0        0x0 close.o
 .data          0x00000000000246d0        0x0 rdwt.o
 .data          0x00000000000246d0        0x0 unlink.o
 .data          0x00000000000246d0        0x0 mm_main.o
 .data          0x00000000000246d0        0x0 vmalloc.o
 .data          0x00000000000246d0        0x0 exe_main.o
 .data          0x00000000000246d0        0x0 fork.o

.data1
 *(.data1)
                0x00000000000246d0                _edata = .
                [!provide]                        PROVIDE (edata, .)
                0x00000000000246d0                . = .
                0x00000000000246d0                __bss_start = .

.bss            0x00000000000246e0    0x5486c
 *(.dynbss)
 *(.bss .bss.* .gnu.linkonce.b.*)
 .bss           0x00000000000246e0      0x800 kernel.o
 .bss           0x0000000000024ee0        0x0 start.o
 .bss           0x0000000000024ee0        0x0 main.o
 .bss           0x0000000000024ee0        0x0 protect.o
 .bss           0x0000000000024ee0        0x0 clock.o
 .bss           0x0000000000024ee0        0x0 proc.o
 .bss           0x0000000000024ee0        0x0 irq.o
 .bss           0x0000000000024ee0        0x0 keyboard.o
 .bss           0x0000000000024ee0        0x0 tty.o
 .bss           0x0000000000024ee0        0x0 hd.o
 .bss           0x0000000000024ee0        0x0 console.o
 .bss           0x0000000000024ee0        0x0 printf.o
 .bss           0x0000000000024ee0        0x0 vsprintf.o
 .bss           0x0000000000024ee0        0x0 io.o
 .bss           0x0000000000024ee0        0x0 fs_main.o
 .bss           0x0000000000024ee0        0x0 open.o
 .bss           0x0000000000024ee0        0x0 misc.o
 .bss           0x0000000000024ee0        0x0 close.o
 .bss           0x0000000000024ee0        0x0 rdwt.o
 .bss           0x0000000000024ee0        0x0 unlink.o
 .bss           0x0000000000024ee0        0x0 mm_main.o
 .bss           0x0000000000024ee0        0x0 vmalloc.o
 .bss           0x0000000000024ee0        0x0 exe_main.o
 .bss           0x0000000000024ee0        0x0 fork.o
 *(COMMON)
 COMMON         0x0000000000024ee0        0xc start.o
                0x0000000000024ee0                nr_current_console
                0x0000000000024ee4                p_current_proc
                0x0000000000024ee8                ticks
 *fill*         0x0000000000024eec       0x14 
 COMMON         0x0000000000024f00       0xcc main.o
                0x0000000000024f00                sem_mutex
                0x0000000000024fa0                array
                0x0000000000024fc8                re_enter
 *fill*         0x0000000000024fcc       0x14 
 COMMON         0x0000000000024fe0    0x19900 proc.o
                0x0000000000024fe0                task_stack_mm
                0x00000000000277e0                task_stack_hd
                0x0000000000029fe0                task_stack_init
                0x000000000002c7e0                task_stack_c
                0x000000000002efe0                task_stack_b
                0x00000000000317e0                task_stack_exe
                0x0000000000033fe0                task_stack_tty
                0x00000000000367e0                task_stack_fs
                0x0000000000038fe0                proc_table
                0x000000000003c0e0                task_stack_a
 COMMON         0x000000000003e8e0       0x40 irq.o
                0x000000000003e8e0                irq_table
 COMMON         0x000000000003e920        0x4 keyboard.o
                0x000000000003e920                p_current_tty
 *fill*         0x000000000003e924       0x1c 
 COMMON         0x000000000003e940      0x140 tty.o
                0x000000000003e940                tty_table
 COMMON         0x000000000003ea80      0x440 hd.o
                0x000000000003ea80                hd_msg
                0x000000000003eac0                hd_buf
 COMMON         0x000000000003eec0       0x40 console.o
                0x000000000003eec0                console_table
 COMMON         0x000000000003ef00    0x39fc0 fs_main.o
                0x000000000003ef00                inode_table
                0x0000000000056f00                dirent_buf
                0x0000000000057100                inode_buf
                0x0000000000067100                fs_msg
                0x0000000000067140                f_desc_table
                0x00000000000672c0                fsbuf
                0x00000000000782c0                smap_buf
                0x0000000000078cc0                imap_buf
 COMMON         0x0000000000078ec0       0x4c mm_main.o
                0x0000000000078ec0                pf_list
                0x0000000000078ec4                mi
                0x0000000000078ee0                mm_msg
 *fill*         0x0000000000078f0c       0x14 
 COMMON         0x0000000000078f20       0x2c exe_main.o
                0x0000000000078f20                exe_msg
                0x0000000000078f4c                . = ALIGN ((. != 0x0)?0x4:0x1)
                0x0000000000078f4c                . = ALIGN (0x4)
                0x0000000000078f4c                . = SEGMENT_START ("ldata-segment", .)
                0x0000000000078f4c                . = ALIGN (0x4)
                0x0000000000078f4c                _end = .
                [!provide]                        PROVIDE (end, .)
                0x0000000000078f4c                . = DATA_SEGMENT_END (.)

.stab
 *(.stab)

.stabstr
 *(.stabstr)

.stab.excl
 *(.stab.excl)

.stab.exclstr
 *(.stab.exclstr)

.stab.index
 *(.stab.index)

.stab.indexstr
 *(.stab.indexstr)

.comment        0x0000000000000000       0x34
 *(.comment)
 .comment       0x0000000000000000       0x34 start.o
                                         0x35 (松开之前的大小)
 .comment       0x0000000000000034       0x35 main.o
 .comment       0x0000000000000034       0x35 protect.o
 .comment       0x0000000000000034       0x35 clock.o
 .comment       0x0000000000000034       0x35 proc.o
 .comment       0x0000000000000034       0x35 irq.o
 .comment       0x0000000000000034       0x35 keyboard.o
 .comment       0x0000000000000034       0x35 tty.o
 .comment       0x0000000000000034       0x35 hd.o
 .comment       0x0000000000000034       0x35 console.o
 .comment       0x0000000000000034       0x35 printf.o
 .comment       0x0000000000000034       0x35 vsprintf.o
 .comment       0x0000000000000034       0x35 io.o
 .comment       0x0000000000000034       0x35 fs_main.o
 .comment       0x0000000000000034       0x35 open.o
 .comment       0x0000000000000034       0x35 misc.o
 .comment       0x0000000000000034       0x35 close.o
 .comment       0x0000000000000034       0x35 rdwt.o
 .comment       0x0000000000000034       0x35 unlink.o
 .comment       0x0000000000000034       0x35 mm_main.o
 .comment       0x0000000000000034       0x35 vmalloc.o
 .comment       0x0000000000000034       0x35 exe_main.o
 .comment       0x0000000000000034       0x35 fork.o

.debug
 *(.debug)

.line
 *(.line)

.debug_srcinfo
 *(.debug_srcinfo)

.debug_sfnames
 *(.debug_sfnames)

.debug_aranges
 *(.debug_aranges)

.debug_pubnames
 *(.debug_pubnames)

.debug_info
 *(.debug_info .gnu.linkonce.wi.*)

.debug_abbrev
 *(.debug_abbrev)

.debug_line
 *(.debug_line .debug_line.* .debug_line_end)

.debug_frame
 *(.debug_frame)

.debug_str
 *(.debug_str)

.debug_loc
 *(.debug_loc)

.debug_macinfo
 *(.debug_macinfo)

.debug_weaknames
 *(.debug_weaknames)

.debug_funcnames
 *(.debug_funcnames)

.debug_typenames
 *(.debug_typenames)

.debug_varnames
 *(.debug_varnames)

.debug_pubtypes
 *(.debug_pubtypes)

.debug_ranges
 *(.debug_ranges)

.debug_macro
 *(.debug_macro)

.gnu.attributes
 *(.gnu.attributes)

/DISCARD/
 *(.note.GNU-stack)
 *(.gnu_debuglink)
 *(.gnu.lto_*)
OUTPUT(kernel.bin elf32-i386)
