
Allocating common symbols
Common symbol       size              file

task_stack_mm       0x2800            kernel/proc.o
pf_list             0x4               mm/main.o
task_stack_hd       0x2800            kernel/proc.o
inode_table         0x18000           fs/main.o
exe_msg             0x2c              exe/main.o
task_stack_init     0x2800            kernel/proc.o
dirent_buf          0x200             fs/main.o
task_stack_c        0x2800            kernel/proc.o
task_stack_b        0x2800            kernel/proc.o
inode_buf           0x10000           fs/main.o
tty_table           0x250             driver/tty.o
fs_msg              0x2c              fs/main.o
nr_current_console  0x4               driver/console.o
task_stack_exe      0x2800            kernel/proc.o
f_desc_table        0x180             fs/main.o
fsbuf               0x11000           fs/main.o
hd_msg              0x2c              driver/hd.o
p_current_proc      0x4               kernel/proc.o
mi                  0x4               mm/main.o
mm_msg              0x2c              mm/main.o
task_stack_d        0x2800            kernel/proc.o
task_stack_tty      0x2800            kernel/proc.o
p_current_tty       0x4               driver/keyboard.o
ticks               0x4               kernel/proc.o
exception_table     0x50              kernel/exception.o
task_stack_fs       0x2800            kernel/proc.o
console_table       0x40              driver/console.o
irq_table           0x40              kernel/irq.o
task_stack_e        0x2800            kernel/proc.o
hd_buf              0x400             driver/hd.o
proc_table          0x1640            kernel/proc.o
task_stack_a        0x2800            kernel/proc.o
re_enter            0x4               kernel/proc.o
smap_buf            0xa00             fs/main.o
imap_buf            0x200             fs/main.o

Discarded input sections

 .note.GNU-stack
                0x0000000000000000        0x0 kernel/start.o
 .note.GNU-stack
                0x0000000000000000        0x0 kernel/main.o
 .note.GNU-stack
                0x0000000000000000        0x0 kernel/protect.o
 .note.GNU-stack
                0x0000000000000000        0x0 kernel/clock.o
 .note.GNU-stack
                0x0000000000000000        0x0 kernel/proc.o
 .note.GNU-stack
                0x0000000000000000        0x0 kernel/irq.o
 .note.GNU-stack
                0x0000000000000000        0x0 kernel/exception.o
 .note.GNU-stack
                0x0000000000000000        0x0 kernel/test.o
 .note.GNU-stack
                0x0000000000000000        0x0 driver/keyboard.o
 .note.GNU-stack
                0x0000000000000000        0x0 driver/tty.o
 .note.GNU-stack
                0x0000000000000000        0x0 driver/hd.o
 .note.GNU-stack
                0x0000000000000000        0x0 driver/console.o
 .note.GNU-stack
                0x0000000000000000        0x0 lib/string.o
 .note.GNU-stack
                0x0000000000000000        0x0 lib/printf.o
 .note.GNU-stack
                0x0000000000000000        0x0 lib/vsprintf.o
 .note.GNU-stack
                0x0000000000000000        0x0 lib/io.o
 .note.GNU-stack
                0x0000000000000000        0x0 fs/main.o
 .note.GNU-stack
                0x0000000000000000        0x0 fs/open.o
 .note.GNU-stack
                0x0000000000000000        0x0 fs/misc.o
 .note.GNU-stack
                0x0000000000000000        0x0 fs/close.o
 .note.GNU-stack
                0x0000000000000000        0x0 fs/rdwt.o
 .note.GNU-stack
                0x0000000000000000        0x0 fs/unlink.o
 .note.GNU-stack
                0x0000000000000000        0x0 mm/main.o
 .note.GNU-stack
                0x0000000000000000        0x0 mm/vmalloc.o
 .note.GNU-stack
                0x0000000000000000        0x0 mm/vmfree.o
 .note.GNU-stack
                0x0000000000000000        0x0 mm/misc.o
 .note.GNU-stack
                0x0000000000000000        0x0 mm/brk.o
 .note.GNU-stack
                0x0000000000000000        0x0 mm/malloc/malloc.o
 .note.GNU-stack
                0x0000000000000000        0x0 exe/main.o
 .note.GNU-stack
                0x0000000000000000        0x0 exe/fork.o

Memory Configuration

Name             Origin             Length             Attributes
*default*        0x0000000000000000 0xffffffffffffffff

Linker script and memory map

Address of section .text set to 0x1b400
LOAD kernel/kernel.o
LOAD kernel/start.o
LOAD kernel/8259A.o
LOAD kernel/main.o
LOAD kernel/protect.o
LOAD kernel/clock.o
LOAD kernel/syscall.o
LOAD kernel/proc.o
LOAD kernel/irq.o
LOAD kernel/exception.o
LOAD kernel/test.o
LOAD driver/keyboard.o
LOAD driver/tty.o
LOAD driver/hd.o
LOAD driver/console.o
LOAD lib/klib.o
LOAD lib/string.o
LOAD lib/printf.o
LOAD lib/vsprintf.o
LOAD lib/io.o
LOAD fs/main.o
LOAD fs/open.o
LOAD fs/misc.o
LOAD fs/close.o
LOAD fs/rdwt.o
LOAD fs/unlink.o
LOAD mm/main.o
LOAD mm/vmalloc.o
LOAD mm/vmfree.o
LOAD mm/misc.o
LOAD mm/brk.o
LOAD mm/malloc/malloc.o
LOAD exe/main.o
LOAD exe/fork.o
                0x0000000008048000                PROVIDE (__executable_start, 0x8048000)
                0x0000000008048094                . = (0x8048000 + SIZEOF_HEADERS)

.interp
 *(.interp)

.note.gnu.build-id
 *(.note.gnu.build-id)

.hash
 *(.hash)

.gnu.hash
 *(.gnu.hash)

.dynsym
 *(.dynsym)

.dynstr
 *(.dynstr)

.gnu.version
 *(.gnu.version)

.gnu.version_d
 *(.gnu.version_d)

.gnu.version_r
 *(.gnu.version_r)

.rel.dyn        0x0000000008048094        0x0
 *(.rel.init)
 *(.rel.text .rel.text.* .rel.gnu.linkonce.t.*)
 .rel.text      0x0000000000000000        0x0 kernel/kernel.o
 *(.rel.fini)
 *(.rel.rodata .rel.rodata.* .rel.gnu.linkonce.r.*)
 *(.rel.data.rel.ro .rel.data.rel.ro.* .rel.gnu.linkonce.d.rel.ro.*)
 *(.rel.data .rel.data.* .rel.gnu.linkonce.d.*)
 .rel.data      0x0000000000000000        0x0 kernel/kernel.o
 *(.rel.tdata .rel.tdata.* .rel.gnu.linkonce.td.*)
 *(.rel.tbss .rel.tbss.* .rel.gnu.linkonce.tb.*)
 *(.rel.ctors)
 *(.rel.dtors)
 *(.rel.got)
 *(.rel.bss .rel.bss.* .rel.gnu.linkonce.b.*)
 *(.rel.ifunc)

.rel.plt        0x0000000008048094        0x0
 *(.rel.plt)
                0x0000000008048094                PROVIDE (__rel_iplt_start, .)
 *(.rel.iplt)
 .rel.iplt      0x0000000000000000        0x0 kernel/kernel.o
                0x0000000008048094                PROVIDE (__rel_iplt_end, .)

.init
 *(SORT(.init))

.plt            0x00000000080480a0        0x0
 *(.plt)
 *(.iplt)
 .iplt          0x0000000000000000        0x0 kernel/kernel.o

.text           0x000000000001b400     0x787f
 *(.text.unlikely .text.*_unlikely .text.unlikely.*)
 *(.text.exit .text.exit.*)
 *(.text.startup .text.startup.*)
 *(.text.hot .text.hot.*)
 *(.text .stub .text.* .gnu.linkonce.t.*)
 .text          0x000000000001b400      0xbb1 kernel/kernel.o
                0x000000000001b400                _start
                0x000000000001b475                divide_error
                0x000000000001b4c2                debug_exception
                0x000000000001b50f                nmi
                0x000000000001b55c                breakpoint
                0x000000000001b5a9                overflow
                0x000000000001b5f6                out_of_bound
                0x000000000001b643                invalid_opcode
                0x000000000001b690                no_math_coprocessor
                0x000000000001b6dd                double_fault
                0x000000000001b728                coprocessor_error
                0x000000000001b775                invalid_tss
                0x000000000001b7c0                not_present
                0x000000000001b80b                stack_error
                0x000000000001b856                general_protect
                0x000000000001b8a1                page_fault
                0x000000000001b8ec                mcu_fault
                0x000000000001b939                align_check
                0x000000000001b984                mechine
                0x000000000001b9d1                simd_error
                0x000000000001ba1e                hwint_0
                0x000000000001ba6e                hwint_1
                0x000000000001babe                hwint_2
                0x000000000001bb0e                hwint_3
                0x000000000001bb5e                hwint_4
                0x000000000001bbae                hwint_5
                0x000000000001bbfe                hwint_6
                0x000000000001bc4e                hwint_7
                0x000000000001bc9e                hwint_8
                0x000000000001bcf0                hwint_9
                0x000000000001bd42                hwint_10
                0x000000000001bd94                hwint_11
                0x000000000001bde6                hwint_12
                0x000000000001be38                hwint_13
                0x000000000001be8a                hwint_14
                0x000000000001bedc                hwint_15
                0x000000000001bf2e                sys_call
                0x000000000001bf85                proc_begin
 .text          0x000000000001bfb1      0x6ce kernel/start.o
                0x000000000001bfb1                cstart
 *fill*         0x000000000001c67f        0x1 
 .text          0x000000000001c680       0x5c kernel/8259A.o
                0x000000000001c680                init_8259A
 .text          0x000000000001c6dc      0x2d5 kernel/main.o
                0x000000000001c6dc                kernel_main
 .text          0x000000000001c9b1      0x204 kernel/protect.o
                0x000000000001c9b1                init_desc
                0x000000000001ca12                init_idt_desc
                0x000000000001ca73                init_prot
                0x000000000001caf8                get_base
                0x000000000001cb46                get_limit
                0x000000000001cb7b                granularity
 .text          0x000000000001cbb5      0x1e0 kernel/clock.o
                0x000000000001cbb5                disp_time
                0x000000000001ccf6                clock_handler
                0x000000000001cd23                init_clock
 *fill*         0x000000000001cd95        0xb 
 .text          0x000000000001cda0       0xa0 kernel/syscall.o
                0x000000000001cda0                get_ticks
                0x000000000001cda8                sendrecv
                0x000000000001cdbc                getpid
                0x000000000001cdc4                getppid
                0x000000000001cdcc                printk
                0x000000000001cdd8                sem_init
                0x000000000001cde8                sem_post
                0x000000000001cdf4                sem_wait
                0x000000000001ce00                getcr3
                0x000000000001ce08                write_process_memory
                0x000000000001ce20                sleep
                0x000000000001ce2c                get_first_chunk
                0x000000000001ce34                set_first_chunk
 .text          0x000000000001ce40      0xc28 kernel/proc.o
                0x000000000001ce40                sys_get_ticks
                0x000000000001ce4a                sys_sendrecv
                0x000000000001cef8                sys_getpid
                0x000000000001cf05                sys_getppid
                0x000000000001cf12                sys_printk
                0x000000000001cf45                sys_sem_init
                0x000000000001cf82                sys_sem_post
                0x000000000001cfe9                sys_sem_wait
                0x000000000001d05b                sys_write_process_memory
                0x000000000001d0a8                sys_sleep
                0x000000000001d0fa                sys_get_first_chunk
                0x000000000001d10a                sys_set_first_chunk
                0x000000000001d11d                schedule
                0x000000000001d1d0                inform_int
                0x000000000001d272                interrupt_wait
                0x000000000001d295                init_send_queue
                0x000000000001d2cb                va2la
                0x000000000001d2f8                va2pa
                0x000000000001d363                dump_msg
                0x000000000001d394                failure
                0x000000000001d407                panic
                0x000000000001d46a                msg_send
                0x000000000001d5fd                msg_recv
                0x000000000001d880                block
                0x000000000001d8bb                unblock
                0x000000000001d8c0                deadlock
                0x000000000001d942                enqueue
                0x000000000001d9c8                dequeue
                0x000000000001da56                empty
 .text          0x000000000001da68      0x128 kernel/irq.o
                0x000000000001da68                put_irq_handler
                0x000000000001da88                enable_irq
                0x000000000001db0e                disable_irq
 .text          0x000000000001db90      0x294 kernel/exception.o
                0x000000000001db90                put_excep_handler
                0x000000000001dba2                do_invalid_opcode
                0x000000000001dbeb                do_general_protection
                0x000000000001dc34                do_page_fault
 .text          0x000000000001de24      0x840 kernel/test.o
                0x000000000001de24                Init
                0x000000000001de8e                TaskA
                0x000000000001e160                TaskB
                0x000000000001e2a8                TaskC
                0x000000000001e3f0                TaskD
                0x000000000001e3f8                TaskE
 .text          0x000000000001e664      0x11b driver/keyboard.o
                0x000000000001e664                keyboard_handler
                0x000000000001e6fa                keyboard_read
                0x000000000001e74d                init_keyboard
 .text          0x000000000001e77f      0x60e driver/tty.o
                0x000000000001e77f                TaskTTY
                0x000000000001e7f8                init_tty
                0x000000000001e843                tty_printstr
                0x000000000001e88b                tty_backspace
                0x000000000001e93f                tty_put_text_ch
                0x000000000001e972                disp_tips
                0x000000000001e9d0                reset_kb_buf
                0x000000000001ea3f                parse_input
                0x000000000001ea9a                tty_printchar
                0x000000000001eaef                init_console
                0x000000000001eb8e                is_current_console
                0x000000000001ebbe                tty_dev_read
                0x000000000001ebed                tty_dev_write
 .text          0x000000000001ed8d      0x619 driver/hd.o
                0x000000000001ed8d                TaskHD
                0x000000000001ee32                init_hd
                0x000000000001eecc                hd_open
                0x000000000001eef6                hd_read
                0x000000000001ef38                hd_write
                0x000000000001ef7a                do_hd_open
                0x000000000001efb4                do_hd_read
                0x000000000001f043                do_hd_write
                0x000000000001f0d2                hd_handler
                0x000000000001f0f5                wait_disk
                0x000000000001f10e                hd_cmd_out
                0x000000000001f1e4                get_hd_info
                0x000000000001f222                disp_hd_info
 .text          0x000000000001f3a6       0xb2 driver/console.o
                0x000000000001f3a6                select_console
                0x000000000001f3ef                scroll_screen
 *fill*         0x000000000001f458        0x8 
 .text          0x000000000001f460      0x1a3 lib/klib.o
                0x000000000001f460                println
                0x000000000001f49f                print
                0x000000000001f4da                printmsg
                0x000000000001f524                printchar
                0x000000000001f552                backspace
                0x000000000001f56a                itoa
                0x000000000001f5a9                in_byte
                0x000000000001f5b3                out_byte
                0x000000000001f5bf                port_read
                0x000000000001f5d7                port_write
                0x000000000001f5ef                disable_int
                0x000000000001f5f1                enable_int
                0x000000000001f5f3                getcr2
                0x000000000001f5f7                load_cr3
                0x000000000001f5ff                sys_getcr3
 .text          0x000000000001f603      0x1c5 lib/string.o
                0x000000000001f603                strlen
                0x000000000001f62b                strcmp
                0x000000000001f68b                strcpy
                0x000000000001f6af                memcpy
                0x000000000001f72c                memset
                0x000000000001f758                memcmp
 .text          0x000000000001f7c8       0x85 lib/printf.o
                0x000000000001f7c8                printf
                0x000000000001f823                sprintf
 .text          0x000000000001f84d      0x296 lib/vsprintf.o
                0x000000000001f84d                pow
                0x000000000001f886                tohex
                0x000000000001f92f                vsprintf
 .text          0x000000000001fae3      0x123 lib/io.o
                0x000000000001fae3                set_cursor_pos
                0x000000000001fb4c                set_video_start
                0x000000000001fbb5                init_video
 .text          0x000000000001fc06      0x46a fs/main.o
                0x000000000001fc06                TaskFS
                0x000000000001fcce                init_fs
                0x000000000001fd48                mkfs
 .text          0x0000000000020070      0x82b fs/open.o
                0x0000000000020070                open
                0x00000000000200b7                do_open
                0x0000000000020363                create_file
                0x00000000000203cd                alloc_imap_bit
                0x000000000002050b                alloc_smap_bits
                0x0000000000020670                alloc_inode
                0x00000000000207aa                alloc_dir_entry
 .text          0x000000000002089b      0x137 fs/misc.o
                0x000000000002089b                find_file
                0x0000000000020924                get_inode
 .text          0x00000000000209d2      0x11a fs/close.o
                0x00000000000209d2                close
                0x0000000000020a05                do_close
                0x0000000000020a7d                clear_inode
 .text          0x0000000000020aec      0x3db fs/rdwt.o
                0x0000000000020aec                write
                0x0000000000020b2b                read
                0x0000000000020b6a                do_rdwt
 .text          0x0000000000020ec7      0x4e6 fs/unlink.o
                0x0000000000020ec7                unlink
                0x0000000000020f08                do_unlink
 .text          0x00000000000213ad      0x3a2 mm/main.o
                0x00000000000213ad                TaskMM
                0x000000000002146d                init_mm
 .text          0x000000000002174f      0x22f mm/vmalloc.o
                0x000000000002174f                vm_alloc
                0x00000000000217a4                vm_alloc_ex
                0x0000000000021801                do_vm_alloc
 .text          0x000000000002197e      0x102 mm/vmfree.o
                0x000000000002197e                vm_free
                0x00000000000219ca                do_vm_free
 .text          0x0000000000021a80      0x5fb mm/misc.o
                0x0000000000021a80                alloc_frame
                0x0000000000021afe                find_pf_list_item
                0x0000000000021b36                alloc_page
                0x0000000000021bcc                check_free_page
                0x0000000000021c0f                check_free_frame
                0x0000000000021c6f                relocate_pde
                0x0000000000021cda                map_frame
                0x0000000000021ec2                unmap_frame
 .text          0x000000000002207b      0x25a mm/brk.o
                0x000000000002207b                brk
                0x00000000000220ae                sbrk
                0x00000000000220e1                do_brk
                0x0000000000022289                do_sbrk
 .text          0x00000000000222d5      0x5eb mm/malloc/malloc.o
                0x00000000000222d5                malloc
                0x0000000000022396                find_chunk
                0x000000000002240b                extend_heap
                0x0000000000022526                split_chunk
                0x00000000000225bb                print_chunks
                0x0000000000022688                free
                0x0000000000022751                valid_addr
                0x000000000002279e                get_chunk
                0x00000000000227d6                merge_chunks
 .text          0x00000000000228c0       0x86 exe/main.o
                0x00000000000228c0                TaskEXE
 .text          0x0000000000022946      0x339 exe/fork.o
                0x0000000000022946                fork
                0x000000000002299e                do_fork
                0x0000000000022c55                alloc_mem
 *(.gnu.warning)

.fini
 *(SORT(.fini))
                0x0000000000022c7f                PROVIDE (__etext, .)
                0x0000000000022c7f                PROVIDE (_etext, .)
                0x0000000000022c7f                PROVIDE (etext, .)

.rodata         0x0000000000022c80      0xd93
 *(.rodata .rodata.* .gnu.linkonce.r.*)
 .rodata        0x0000000000022c80       0x25 kernel/start.o
 *fill*         0x0000000000022ca5        0x3 
 .rodata        0x0000000000022ca8       0x26 kernel/main.o
 .rodata        0x0000000000022cce       0x1e kernel/clock.o
 .rodata        0x0000000000022cec       0xda kernel/proc.o
 *fill*         0x0000000000022dc6        0x2 
 .rodata        0x0000000000022dc8       0xdd kernel/exception.o
 *fill*         0x0000000000022ea5        0x3 
 .rodata        0x0000000000022ea8      0x18c kernel/test.o
 .rodata        0x0000000000023034        0xd driver/tty.o
 *fill*         0x0000000000023041        0x3 
 .rodata        0x0000000000023044      0x15b driver/hd.o
 *fill*         0x000000000002319f        0x1 
 .rodata        0x00000000000231a0      0x10b fs/main.o
 *fill*         0x00000000000232ab        0x1 
 .rodata        0x00000000000232ac      0x16c fs/open.o
 .rodata        0x0000000000023418       0x2a fs/misc.o
 .rodata        0x0000000000023442       0x1e fs/close.o
 .rodata        0x0000000000023460       0x17 fs/rdwt.o
 *fill*         0x0000000000023477        0x1 
 .rodata        0x0000000000023478      0x16b fs/unlink.o
 *fill*         0x00000000000235e3        0x1 
 .rodata        0x00000000000235e4       0x64 mm/main.o
 .rodata        0x0000000000023648       0x9b mm/vmalloc.o
 .rodata        0x00000000000236e3       0x31 mm/vmfree.o
 .rodata        0x0000000000023714       0x34 mm/misc.o
 .rodata        0x0000000000023748       0x7f mm/brk.o
 *fill*         0x00000000000237c7        0x1 
 .rodata        0x00000000000237c8      0x12e mm/malloc/malloc.o
 *fill*         0x00000000000238f6        0x2 
 .rodata        0x00000000000238f8       0x50 exe/main.o
 .rodata        0x0000000000023948       0xcb exe/fork.o

.rodata1
 *(.rodata1)

.eh_frame_hdr
 *(.eh_frame_hdr)

.eh_frame       0x0000000000023a14     0x1314
 *(.eh_frame)
 .eh_frame      0x0000000000023a14       0x38 kernel/start.o
 .eh_frame      0x0000000000023a4c       0x1c kernel/main.o
                                         0x34 (size before relaxing)
 .eh_frame      0x0000000000023a68       0xc0 kernel/protect.o
                                         0xd8 (size before relaxing)
 .eh_frame      0x0000000000023b28       0x70 kernel/clock.o
                                         0x88 (size before relaxing)
 .eh_frame      0x0000000000023b98      0x3b4 kernel/proc.o
                                        0x3cc (size before relaxing)
 .eh_frame      0x0000000000023f4c       0x68 kernel/irq.o
                                         0x80 (size before relaxing)
 .eh_frame      0x0000000000023fb4       0x78 kernel/exception.o
                                         0x90 (size before relaxing)
 .eh_frame      0x000000000002402c       0xa8 kernel/test.o
                                         0xc0 (size before relaxing)
 .eh_frame      0x00000000000240d4       0x60 driver/keyboard.o
                                         0x78 (size before relaxing)
 .eh_frame      0x0000000000024134      0x19c driver/tty.o
                                        0x1b4 (size before relaxing)
 .eh_frame      0x00000000000242d0      0x1ac driver/hd.o
                                        0x1c4 (size before relaxing)
 .eh_frame      0x000000000002447c       0x40 driver/console.o
                                         0x58 (size before relaxing)
 .eh_frame      0x00000000000244bc       0xc0 lib/string.o
                                         0xd8 (size before relaxing)
 .eh_frame      0x000000000002457c       0x48 lib/printf.o
                                         0x60 (size before relaxing)
 .eh_frame      0x00000000000245c4       0x64 lib/vsprintf.o
                                         0x7c (size before relaxing)
 .eh_frame      0x0000000000024628       0x60 lib/io.o
                                         0x78 (size before relaxing)
 .eh_frame      0x0000000000024688       0x64 fs/main.o
                                         0x7c (size before relaxing)
 .eh_frame      0x00000000000246ec       0xf8 fs/open.o
                                        0x110 (size before relaxing)
 .eh_frame      0x00000000000247e4       0x40 fs/misc.o
                                         0x58 (size before relaxing)
 .eh_frame      0x0000000000024824       0x60 fs/close.o
                                         0x78 (size before relaxing)
 .eh_frame      0x0000000000024884       0x60 fs/rdwt.o
                                         0x78 (size before relaxing)
 .eh_frame      0x00000000000248e4       0x48 fs/unlink.o
                                         0x60 (size before relaxing)
 .eh_frame      0x000000000002492c       0x3c mm/main.o
                                         0x54 (size before relaxing)
 .eh_frame      0x0000000000024968       0x60 mm/vmalloc.o
                                         0x78 (size before relaxing)
 .eh_frame      0x00000000000249c8       0x40 mm/vmfree.o
                                         0x58 (size before relaxing)
 .eh_frame      0x0000000000024a08      0x100 mm/misc.o
                                        0x118 (size before relaxing)
 .eh_frame      0x0000000000024b08       0x80 mm/brk.o
                                         0x98 (size before relaxing)
 .eh_frame      0x0000000000024b88      0x124 mm/malloc/malloc.o
                                        0x13c (size before relaxing)
 .eh_frame      0x0000000000024cac       0x1c exe/main.o
                                         0x34 (size before relaxing)
 .eh_frame      0x0000000000024cc8       0x60 exe/fork.o
                                         0x78 (size before relaxing)

.gcc_except_table
 *(.gcc_except_table .gcc_except_table.*)

.exception_ranges
 *(.exception_ranges .exception_ranges*)
                0x0000000000024d28                . = (ALIGN (0x1000) - ((0x1000 - .) & 0xfff))
                0x0000000000025d28                . = DATA_SEGMENT_ALIGN (0x1000, 0x1000)

.eh_frame
 *(.eh_frame)

.gcc_except_table
 *(.gcc_except_table .gcc_except_table.*)

.exception_ranges
 *(.exception_ranges .exception_ranges*)

.tdata
 *(.tdata .tdata.* .gnu.linkonce.td.*)

.tbss
 *(.tbss .tbss.* .gnu.linkonce.tb.*)
 *(.tcommon)

.preinit_array  0x0000000000025d28        0x0
                0x0000000000025d28                PROVIDE (__preinit_array_start, .)
 *(.preinit_array)
                0x0000000000025d28                PROVIDE (__preinit_array_end, .)

.init_array     0x0000000000025d28        0x0
                0x0000000000025d28                PROVIDE (__init_array_start, .)
 *(SORT(.init_array.*) SORT(.ctors.*))
 *(.init_array EXCLUDE_FILE(*crtend?.o *crtend.o *crtbegin?.o *crtbegin.o) .ctors)
                0x0000000000025d28                PROVIDE (__init_array_end, .)

.fini_array     0x0000000000025d28        0x0
                0x0000000000025d28                PROVIDE (__fini_array_start, .)
 *(SORT(.fini_array.*) SORT(.dtors.*))
 *(.fini_array EXCLUDE_FILE(*crtend?.o *crtend.o *crtbegin?.o *crtbegin.o) .dtors)
                0x0000000000025d28                PROVIDE (__fini_array_end, .)

.ctors
 *crtbegin.o(.ctors)
 *crtbegin?.o(.ctors)
 *(EXCLUDE_FILE(*crtend?.o *crtend.o) .ctors)
 *(SORT(.ctors.*))
 *(.ctors)

.dtors
 *crtbegin.o(.dtors)
 *crtbegin?.o(.dtors)
 *(EXCLUDE_FILE(*crtend?.o *crtend.o) .dtors)
 *(SORT(.dtors.*))
 *(.dtors)

.jcr
 *(.jcr)

.data.rel.ro
 *(.data.rel.ro.local* .gnu.linkonce.d.rel.ro.local.*)
 *(.data.rel.ro .data.rel.ro.* .gnu.linkonce.d.rel.ro.*)

.dynamic
 *(.dynamic)

.got
 *(.got)
 *(.igot)
                0x0000000000025d28                . = DATA_SEGMENT_RELRO_END (., (SIZEOF (.got.plt) >= 0xc)?0xc:0x0)

.got.plt        0x0000000000025d28        0x0
 *(.got.plt)
 *(.igot.plt)
 .igot.plt      0x0000000000000000        0x0 kernel/kernel.o

.data           0x0000000000025d40     0x1190
 *(.data .data.* .gnu.linkonce.d.*)
 .data          0x0000000000025d40     0x1074 kernel/kernel.o
                0x0000000000025d40                GDT
                0x0000000000026546                IDT
                0x0000000000026d4c                TSS
 .data          0x0000000000026db4        0x0 kernel/start.o
 .data          0x0000000000026db4        0x0 kernel/main.o
 .data          0x0000000000026db4        0x0 kernel/protect.o
 .data          0x0000000000026db4        0x0 kernel/clock.o
 *fill*         0x0000000000026db4        0xc 
 .data          0x0000000000026dc0       0xb4 kernel/proc.o
                0x0000000000026dc0                task_table
                0x0000000000026e40                syscall_table
 .data          0x0000000000026e74        0x0 kernel/irq.o
 .data          0x0000000000026e74        0x0 kernel/exception.o
 .data          0x0000000000026e74        0x0 kernel/test.o
 *fill*         0x0000000000026e74        0xc 
 .data          0x0000000000026e80       0x45 driver/keyboard.o
                0x0000000000026e80                keymap
 .data          0x0000000000026ec5        0x0 driver/tty.o
 .data          0x0000000000026ec5        0x0 driver/hd.o
 .data          0x0000000000026ec5        0x0 driver/console.o
 *fill*         0x0000000000026ec5        0x3 
 .data          0x0000000000026ec8        0x8 lib/klib.o
                0x0000000000026ec8                print_pos
                0x0000000000026ecc                main_print_pos
 .data          0x0000000000026ed0        0x0 lib/string.o
 .data          0x0000000000026ed0        0x0 lib/printf.o
 .data          0x0000000000026ed0        0x0 lib/vsprintf.o
 .data          0x0000000000026ed0        0x0 lib/io.o
 .data          0x0000000000026ed0        0x0 fs/main.o
 .data          0x0000000000026ed0        0x0 fs/open.o
 .data          0x0000000000026ed0        0x0 fs/misc.o
 .data          0x0000000000026ed0        0x0 fs/close.o
 .data          0x0000000000026ed0        0x0 fs/rdwt.o
 .data          0x0000000000026ed0        0x0 fs/unlink.o
 .data          0x0000000000026ed0        0x0 mm/main.o
 .data          0x0000000000026ed0        0x0 mm/vmalloc.o
 .data          0x0000000000026ed0        0x0 mm/vmfree.o
 .data          0x0000000000026ed0        0x0 mm/misc.o
 .data          0x0000000000026ed0        0x0 mm/brk.o
 .data          0x0000000000026ed0        0x0 mm/malloc/malloc.o
 .data          0x0000000000026ed0        0x0 exe/main.o
 .data          0x0000000000026ed0        0x0 exe/fork.o

.data1
 *(.data1)
                0x0000000000026ed0                _edata = .
                0x0000000000026ed0                PROVIDE (edata, .)
                0x0000000000026ed0                . = .
                0x0000000000026ed0                __bss_start = .

.bss            0x0000000000026ee0    0x57e8c
 *(.dynbss)
 *(.bss .bss.* .gnu.linkonce.b.*)
 .bss           0x0000000000026ee0      0x800 kernel/kernel.o
 .bss           0x00000000000276e0        0x0 kernel/start.o
 .bss           0x00000000000276e0        0x0 kernel/main.o
 .bss           0x00000000000276e0        0x0 kernel/protect.o
 .bss           0x00000000000276e0        0x0 kernel/clock.o
 .bss           0x00000000000276e0        0x0 kernel/proc.o
 .bss           0x00000000000276e0        0x0 kernel/irq.o
 .bss           0x00000000000276e0        0x0 kernel/exception.o
 .bss           0x00000000000276e0        0x0 kernel/test.o
 .bss           0x00000000000276e0        0x0 driver/keyboard.o
 .bss           0x00000000000276e0        0x0 driver/tty.o
 .bss           0x00000000000276e0        0x0 driver/hd.o
 .bss           0x00000000000276e0        0x0 driver/console.o
 .bss           0x00000000000276e0        0x0 lib/string.o
 .bss           0x00000000000276e0        0x0 lib/printf.o
 .bss           0x00000000000276e0        0x0 lib/vsprintf.o
 .bss           0x00000000000276e0        0x0 lib/io.o
 .bss           0x00000000000276e0        0x0 fs/main.o
 .bss           0x00000000000276e0        0x0 fs/open.o
 .bss           0x00000000000276e0        0x0 fs/misc.o
 .bss           0x00000000000276e0        0x0 fs/close.o
 .bss           0x00000000000276e0        0x0 fs/rdwt.o
 .bss           0x00000000000276e0        0x0 fs/unlink.o
 .bss           0x00000000000276e0        0x0 mm/main.o
 .bss           0x00000000000276e0        0x0 mm/vmalloc.o
 .bss           0x00000000000276e0        0x0 mm/vmfree.o
 .bss           0x00000000000276e0        0x0 mm/misc.o
 .bss           0x00000000000276e0        0x0 mm/brk.o
 .bss           0x00000000000276e0        0x0 mm/malloc/malloc.o
 .bss           0x00000000000276e0        0x0 exe/main.o
 .bss           0x00000000000276e0        0x0 exe/fork.o
 *(COMMON)
 COMMON         0x00000000000276e0    0x1ce84 kernel/proc.o
                0x00000000000276e0                task_stack_mm
                0x0000000000029ee0                task_stack_hd
                0x000000000002c6e0                task_stack_init
                0x000000000002eee0                task_stack_c
                0x00000000000316e0                task_stack_b
                0x0000000000033ee0                task_stack_exe
                0x00000000000366e0                p_current_proc
                0x0000000000036700                task_stack_d
                0x0000000000038f00                task_stack_tty
                0x000000000003b700                ticks
                0x000000000003b720                task_stack_fs
                0x000000000003df20                task_stack_e
                0x0000000000040720                proc_table
                0x0000000000041d60                task_stack_a
                0x0000000000044560                re_enter
 *fill*         0x0000000000044564       0x1c 
 COMMON         0x0000000000044580       0x40 kernel/irq.o
                0x0000000000044580                irq_table
 COMMON         0x00000000000445c0       0x50 kernel/exception.o
                0x00000000000445c0                exception_table
 COMMON         0x0000000000044610        0x4 driver/keyboard.o
                0x0000000000044610                p_current_tty
 *fill*         0x0000000000044614        0xc 
 COMMON         0x0000000000044620      0x250 driver/tty.o
                0x0000000000044620                tty_table
 *fill*         0x0000000000044870       0x10 
 COMMON         0x0000000000044880      0x440 driver/hd.o
                0x0000000000044880                hd_msg
                0x00000000000448c0                hd_buf
 COMMON         0x0000000000044cc0       0x60 driver/console.o
                0x0000000000044cc0                nr_current_console
                0x0000000000044ce0                console_table
 COMMON         0x0000000000044d20    0x39fc0 fs/main.o
                0x0000000000044d20                inode_table
                0x000000000005cd20                dirent_buf
                0x000000000005cf20                inode_buf
                0x000000000006cf20                fs_msg
                0x000000000006cf60                f_desc_table
                0x000000000006d0e0                fsbuf
                0x000000000007e0e0                smap_buf
                0x000000000007eae0                imap_buf
 COMMON         0x000000000007ece0       0x4c mm/main.o
                0x000000000007ece0                pf_list
                0x000000000007ece4                mi
                0x000000000007ed00                mm_msg
 *fill*         0x000000000007ed2c       0x14 
 COMMON         0x000000000007ed40       0x2c exe/main.o
                0x000000000007ed40                exe_msg
                0x000000000007ed6c                . = ALIGN ((. != 0x0)?0x4:0x1)
                0x000000000007ed6c                . = ALIGN (0x4)
                0x000000000007ed6c                . = SEGMENT_START ("ldata-segment", .)
                0x000000000007ed6c                . = ALIGN (0x4)
                0x000000000007ed6c                _end = .
                0x000000000007ed6c                PROVIDE (end, .)
                0x000000000007ed6c                . = DATA_SEGMENT_END (.)

.stab
 *(.stab)

.stabstr
 *(.stabstr)

.stab.excl
 *(.stab.excl)

.stab.exclstr
 *(.stab.exclstr)

.stab.index
 *(.stab.index)

.stab.indexstr
 *(.stab.indexstr)

.comment        0x0000000000000000       0x2b
 *(.comment)
 .comment       0x0000000000000000       0x2b kernel/start.o
                                         0x2c (size before relaxing)
 .comment       0x0000000000000000       0x2c kernel/main.o
 .comment       0x0000000000000000       0x2c kernel/protect.o
 .comment       0x0000000000000000       0x2c kernel/clock.o
 .comment       0x0000000000000000       0x2c kernel/proc.o
 .comment       0x0000000000000000       0x2c kernel/irq.o
 .comment       0x0000000000000000       0x2c kernel/exception.o
 .comment       0x0000000000000000       0x2c kernel/test.o
 .comment       0x0000000000000000       0x2c driver/keyboard.o
 .comment       0x0000000000000000       0x2c driver/tty.o
 .comment       0x0000000000000000       0x2c driver/hd.o
 .comment       0x0000000000000000       0x2c driver/console.o
 .comment       0x0000000000000000       0x2c lib/string.o
 .comment       0x0000000000000000       0x2c lib/printf.o
 .comment       0x0000000000000000       0x2c lib/vsprintf.o
 .comment       0x0000000000000000       0x2c lib/io.o
 .comment       0x0000000000000000       0x2c fs/main.o
 .comment       0x0000000000000000       0x2c fs/open.o
 .comment       0x0000000000000000       0x2c fs/misc.o
 .comment       0x0000000000000000       0x2c fs/close.o
 .comment       0x0000000000000000       0x2c fs/rdwt.o
 .comment       0x0000000000000000       0x2c fs/unlink.o
 .comment       0x0000000000000000       0x2c mm/main.o
 .comment       0x0000000000000000       0x2c mm/vmalloc.o
 .comment       0x0000000000000000       0x2c mm/vmfree.o
 .comment       0x0000000000000000       0x2c mm/misc.o
 .comment       0x0000000000000000       0x2c mm/brk.o
 .comment       0x0000000000000000       0x2c mm/malloc/malloc.o
 .comment       0x0000000000000000       0x2c exe/main.o
 .comment       0x0000000000000000       0x2c exe/fork.o

.debug
 *(.debug)

.line
 *(.line)

.debug_srcinfo
 *(.debug_srcinfo)

.debug_sfnames
 *(.debug_sfnames)

.debug_aranges
 *(.debug_aranges)

.debug_pubnames
 *(.debug_pubnames)

.debug_info
 *(.debug_info .gnu.linkonce.wi.*)

.debug_abbrev
 *(.debug_abbrev)

.debug_line
 *(.debug_line .debug_line.* .debug_line_end)

.debug_frame
 *(.debug_frame)

.debug_str
 *(.debug_str)

.debug_loc
 *(.debug_loc)

.debug_macinfo
 *(.debug_macinfo)

.debug_weaknames
 *(.debug_weaknames)

.debug_funcnames
 *(.debug_funcnames)

.debug_typenames
 *(.debug_typenames)

.debug_varnames
 *(.debug_varnames)

.debug_pubtypes
 *(.debug_pubtypes)

.debug_ranges
 *(.debug_ranges)

.debug_macro
 *(.debug_macro)

.gnu.attributes
 *(.gnu.attributes)

/DISCARD/
 *(.note.GNU-stack)
 *(.gnu_debuglink)
 *(.gnu.lto_*)
OUTPUT(kernel.bin elf32-i386)
