
Allocating common symbols
Common symbol       size              file

task_stack_mm       0x2800            proc.o
pf_list             0x4               mm_main.o
task_stack_hd       0x2800            proc.o
inode_table         0x18000           fs_main.o
exe_msg             0x2c              exe_main.o
task_stack_init     0x2800            proc.o
dirent_buf          0x200             fs_main.o
task_stack_c        0x2800            proc.o
task_stack_b        0x2800            proc.o
inode_buf           0x10000           fs_main.o
tty_table           0x140             tty.o
fs_msg              0x2c              fs_main.o
nr_current_console  0x4               start.o
task_stack_exe      0x2800            proc.o
f_desc_table        0x180             fs_main.o
fsbuf               0x11000           fs_main.o
hd_msg              0x2c              hd.o
sem_mutex           0x90              main.o
p_current_proc      0x4               start.o
mi                  0x4               mm_main.o
mm_msg              0x2c              mm_main.o
task_stack_tty      0x2800            proc.o
p_current_tty       0x4               keyboard.o
ticks               0x4               start.o
array               0x28              main.o
exception_table     0x50              exception.o
task_stack_fs       0x2800            proc.o
console_table       0x40              console.o
irq_table           0x40              irq.o
hd_buf              0x400             hd.o
proc_table          0x3200            proc.o
task_stack_a        0x2800            proc.o
re_enter            0x4               main.o
smap_buf            0xa00             fs_main.o
imap_buf            0x200             fs_main.o

Discarded input sections

 .note.GNU-stack
                0x0000000000000000        0x0 start.o
 .note.GNU-stack
                0x0000000000000000        0x0 main.o
 .note.GNU-stack
                0x0000000000000000        0x0 protect.o
 .note.GNU-stack
                0x0000000000000000        0x0 clock.o
 .note.GNU-stack
                0x0000000000000000        0x0 proc.o
 .note.GNU-stack
                0x0000000000000000        0x0 irq.o
 .note.GNU-stack
                0x0000000000000000        0x0 exception.o
 .note.GNU-stack
                0x0000000000000000        0x0 keyboard.o
 .note.GNU-stack
                0x0000000000000000        0x0 tty.o
 .note.GNU-stack
                0x0000000000000000        0x0 hd.o
 .note.GNU-stack
                0x0000000000000000        0x0 console.o
 .note.GNU-stack
                0x0000000000000000        0x0 printf.o
 .note.GNU-stack
                0x0000000000000000        0x0 vsprintf.o
 .note.GNU-stack
                0x0000000000000000        0x0 io.o
 .note.GNU-stack
                0x0000000000000000        0x0 fs_main.o
 .note.GNU-stack
                0x0000000000000000        0x0 open.o
 .note.GNU-stack
                0x0000000000000000        0x0 misc.o
 .note.GNU-stack
                0x0000000000000000        0x0 close.o
 .note.GNU-stack
                0x0000000000000000        0x0 rdwt.o
 .note.GNU-stack
                0x0000000000000000        0x0 unlink.o
 .note.GNU-stack
                0x0000000000000000        0x0 mm_main.o
 .note.GNU-stack
                0x0000000000000000        0x0 vmalloc.o
 .note.GNU-stack
                0x0000000000000000        0x0 vmfree.o
 .note.GNU-stack
                0x0000000000000000        0x0 exe_main.o
 .note.GNU-stack
                0x0000000000000000        0x0 fork.o

Memory Configuration

Name             Origin             Length             Attributes
*default*        0x0000000000000000 0xffffffffffffffff

Linker script and memory map

Address of section .text set to 0x1b400
LOAD kernel.o
LOAD start.o
LOAD 8259A.o
LOAD main.o
LOAD protect.o
LOAD clock.o
LOAD syscall.o
LOAD proc.o
LOAD irq.o
LOAD exception.o
LOAD keyboard.o
LOAD tty.o
LOAD hd.o
LOAD console.o
LOAD klib.o
LOAD string.o
LOAD printf.o
LOAD vsprintf.o
LOAD io.o
LOAD fs_main.o
LOAD open.o
LOAD misc.o
LOAD close.o
LOAD rdwt.o
LOAD unlink.o
LOAD mm_main.o
LOAD vmalloc.o
LOAD vmfree.o
LOAD exe_main.o
LOAD fork.o
                0x0000000008048000                PROVIDE (__executable_start, 0x8048000)
                0x0000000008048094                . = (0x8048000 + SIZEOF_HEADERS)

.interp
 *(.interp)

.note.gnu.build-id
 *(.note.gnu.build-id)

.hash
 *(.hash)

.gnu.hash
 *(.gnu.hash)

.dynsym
 *(.dynsym)

.dynstr
 *(.dynstr)

.gnu.version
 *(.gnu.version)

.gnu.version_d
 *(.gnu.version_d)

.gnu.version_r
 *(.gnu.version_r)

.rel.dyn        0x0000000008048094        0x0
 *(.rel.init)
 *(.rel.text .rel.text.* .rel.gnu.linkonce.t.*)
 .rel.text      0x0000000000000000        0x0 kernel.o
 *(.rel.fini)
 *(.rel.rodata .rel.rodata.* .rel.gnu.linkonce.r.*)
 *(.rel.data.rel.ro .rel.data.rel.ro.* .rel.gnu.linkonce.d.rel.ro.*)
 *(.rel.data .rel.data.* .rel.gnu.linkonce.d.*)
 .rel.data      0x0000000000000000        0x0 kernel.o
 *(.rel.tdata .rel.tdata.* .rel.gnu.linkonce.td.*)
 *(.rel.tbss .rel.tbss.* .rel.gnu.linkonce.tb.*)
 *(.rel.ctors)
 *(.rel.dtors)
 *(.rel.got)
 *(.rel.bss .rel.bss.* .rel.gnu.linkonce.b.*)
 *(.rel.ifunc)

.rel.plt        0x0000000008048094        0x0
 *(.rel.plt)
                0x0000000008048094                PROVIDE (__rel_iplt_start, .)
 *(.rel.iplt)
 .rel.iplt      0x0000000000000000        0x0 kernel.o
                0x0000000008048094                PROVIDE (__rel_iplt_end, .)

.init
 *(SORT(.init))

.plt            0x00000000080480a0        0x0
 *(.plt)
 *(.iplt)
 .iplt          0x0000000000000000        0x0 kernel.o

.text           0x000000000001b400     0x62a0
 *(.text.unlikely .text.*_unlikely .text.unlikely.*)
 *(.text.exit .text.exit.*)
 *(.text.startup .text.startup.*)
 *(.text.hot .text.hot.*)
 *(.text .stub .text.* .gnu.linkonce.t.*)
 .text          0x000000000001b400      0xbb0 kernel.o
                0x000000000001b400                _start
                0x000000000001b475                divide_error
                0x000000000001b4c2                debug_exception
                0x000000000001b50f                nmi
                0x000000000001b55c                breakpoint
                0x000000000001b5a9                overflow
                0x000000000001b5f6                out_of_bound
                0x000000000001b643                invalid_opcode
                0x000000000001b690                no_math_coprocessor
                0x000000000001b6dd                double_fault
                0x000000000001b728                coprocessor_error
                0x000000000001b775                invalid_tss
                0x000000000001b7c0                not_present
                0x000000000001b80b                stack_error
                0x000000000001b856                general_protect
                0x000000000001b8a1                page_fault
                0x000000000001b8ec                mcu_fault
                0x000000000001b939                align_check
                0x000000000001b984                mechine
                0x000000000001b9d1                simd_error
                0x000000000001ba1e                hwint_0
                0x000000000001ba6e                hwint_1
                0x000000000001babe                hwint_2
                0x000000000001bb0e                hwint_3
                0x000000000001bb5e                hwint_4
                0x000000000001bbae                hwint_5
                0x000000000001bbfe                hwint_6
                0x000000000001bc4e                hwint_7
                0x000000000001bc9e                hwint_8
                0x000000000001bcf0                hwint_9
                0x000000000001bd42                hwint_10
                0x000000000001bd94                hwint_11
                0x000000000001bde6                hwint_12
                0x000000000001be38                hwint_13
                0x000000000001be8a                hwint_14
                0x000000000001bedc                hwint_15
                0x000000000001bf2e                sys_call
                0x000000000001bf84                proc_begin
 .text          0x000000000001bfb0      0x6ce start.o
                0x000000000001bfb0                cstart
 *fill*         0x000000000001c67e        0x2 
 .text          0x000000000001c680       0x5c 8259A.o
                0x000000000001c680                init_8259A
 .text          0x000000000001c6dc      0x45d main.o
                0x000000000001c6dc                kernel_main
                0x000000000001c970                sleep
                0x000000000001c9a9                Init
                0x000000000001c9bd                TaskA
                0x000000000001c9d1                TaskB
                0x000000000001ca85                TaskC
 .text          0x000000000001cb39      0x204 protect.o
                0x000000000001cb39                init_desc
                0x000000000001cb9a                init_idt_desc
                0x000000000001cbfb                init_prot
                0x000000000001cc80                get_base
                0x000000000001ccce                get_limit
                0x000000000001cd03                granularity
 .text          0x000000000001cd3d      0x1e0 clock.o
                0x000000000001cd3d                disp_time
                0x000000000001ce7e                clock_handler
                0x000000000001ceab                init_clock
 *fill*         0x000000000001cf1d        0x3 
 .text          0x000000000001cf20       0x84 syscall.o
                0x000000000001cf20                get_ticks
                0x000000000001cf28                sendrecv
                0x000000000001cf3c                getpid
                0x000000000001cf44                getppid
                0x000000000001cf4c                printk
                0x000000000001cf58                sem_init
                0x000000000001cf68                sem_post
                0x000000000001cf74                sem_wait
                0x000000000001cf80                disable_paging
                0x000000000001cf88                enable_paging
                0x000000000001cf90                reload_cr3
                0x000000000001cf9c                getcr3
 .text          0x000000000001cfa4      0xa8b proc.o
                0x000000000001cfa4                sys_get_ticks
                0x000000000001cfae                sys_sendrecv
                0x000000000001d05c                sys_getpid
                0x000000000001d069                sys_getppid
                0x000000000001d076                sys_printk
                0x000000000001d0a9                sys_sem_init
                0x000000000001d0e6                sys_sem_post
                0x000000000001d14d                sys_sem_wait
                0x000000000001d1bf                schedule
                0x000000000001d238                msg_send
                0x000000000001d37e                msg_recv
                0x000000000001d5a4                block
                0x000000000001d5df                unblock
                0x000000000001d5e4                deadlock
                0x000000000001d65d                inform_int
                0x000000000001d6ff                interrupt_wait
                0x000000000001d722                reset_msg
                0x000000000001d745                init_send_queue
                0x000000000001d77b                enqueue
                0x000000000001d7fb                dequeue
                0x000000000001d883                empty
                0x000000000001d895                va2la
                0x000000000001d8c2                dump_proc
                0x000000000001d928                dump_msg
                0x000000000001d959                failure
                0x000000000001d9cc                panic
 .text          0x000000000001da2f      0x128 irq.o
                0x000000000001da2f                put_irq_handler
                0x000000000001da4f                enable_irq
                0x000000000001dad5                disable_irq
 .text          0x000000000001db57      0x1df exception.o
                0x000000000001db57                put_excep_handler
                0x000000000001db69                do_invalid_opcode
                0x000000000001dba2                do_general_protection
                0x000000000001dbdb                do_page_fault
 .text          0x000000000001dd36      0x289 keyboard.o
                0x000000000001dd36                keyboard_handler
                0x000000000001ddc6                keyboard_read
                0x000000000001df97                init_keyboard
 .text          0x000000000001dfbf      0x424 tty.o
                0x000000000001dfbf                TaskTTY
                0x000000000001e01e                init_tty
                0x000000000001e07c                init_console
                0x000000000001e106                is_current_console
                0x000000000001e133                tty_printchar
                0x000000000001e17f                tty_printstr
                0x000000000001e1c7                tty_backspace
                0x000000000001e24b                disp_tips
                0x000000000001e2a9                reset_kb_buf
                0x000000000001e2f0                parse_input
 .text          0x000000000001e3e3      0x610 hd.o
                0x000000000001e3e3                TaskHD
                0x000000000001e47f                init_hd
                0x000000000001e519                hd_cmd_out
                0x000000000001e608                get_hd_info
                0x000000000001e646                disp_hd_info
                0x000000000001e7ca                hd_open
                0x000000000001e7f4                hd_read
                0x000000000001e836                hd_write
                0x000000000001e878                do_hd_open
                0x000000000001e8b2                do_hd_read
                0x000000000001e941                do_hd_write
                0x000000000001e9d0                hd_handler
 .text          0x000000000001e9f3       0xb2 console.o
                0x000000000001e9f3                select_console
                0x000000000001ea3c                scroll_screen
 *fill*         0x000000000001eaa5        0xb 
 .text          0x000000000001eab0      0x222 klib.o
                0x000000000001eab0                memcpy
                0x000000000001ead3                memset
                0x000000000001eaee                memcmp
                0x000000000001eb17                println
                0x000000000001eb56                print
                0x000000000001eb91                printmsg
                0x000000000001ebdb                printchar
                0x000000000001ec09                backspace
                0x000000000001ec21                itoa
                0x000000000001ec60                in_byte
                0x000000000001ec6a                out_byte
                0x000000000001ec76                port_read
                0x000000000001ec8e                port_write
                0x000000000001eca6                disable_int
                0x000000000001eca8                enable_int
                0x000000000001ecaa                getcr2
                0x000000000001ecae                sys_disable_paging
                0x000000000001ecba                sys_enable_paging
                0x000000000001ecc6                sys_reload_cr3
                0x000000000001ecce                sys_getcr3
 *fill*         0x000000000001ecd2        0xe 
 .text          0x000000000001ece0       0x50 string.o
                0x000000000001ece0                strlen
                0x000000000001ecf5                strcpy
                0x000000000001ed0e                strncmp
 .text          0x000000000001ed30       0x85 printf.o
                0x000000000001ed30                printf
                0x000000000001ed8b                sprintf
 .text          0x000000000001edb5      0x296 vsprintf.o
                0x000000000001edb5                pow
                0x000000000001edee                tohex
                0x000000000001ee97                vsprintf
 .text          0x000000000001f04b      0x123 io.o
                0x000000000001f04b                set_cursor_pos
                0x000000000001f0b4                set_video_start
                0x000000000001f11d                init_video
 .text          0x000000000001f16e      0x457 fs_main.o
                0x000000000001f16e                TaskFS
                0x000000000001f223                init_fs
                0x000000000001f29d                mkfs
 .text          0x000000000001f5c5      0x8d5 open.o
                0x000000000001f5c5                open
                0x000000000001f60c                do_open
                0x000000000001f8b4                create_file
                0x000000000001f91e                alloc_imap_bit
                0x000000000001fa5c                alloc_smap_bits
                0x000000000001fbc1                alloc_inode
                0x000000000001fcfb                alloc_dir_entry
                0x000000000001fdec                get_inode
 .text          0x000000000001fe9a       0x89 misc.o
                0x000000000001fe9a                find_file
 .text          0x000000000001ff23      0x117 close.o
                0x000000000001ff23                close
                0x000000000001ff56                do_close
                0x000000000001ffcb                clear_inode
 .text          0x000000000002003a      0x3d9 rdwt.o
                0x000000000002003a                write
                0x0000000000020079                read
                0x00000000000200b8                do_rdwt
 .text          0x0000000000020413      0x4e6 unlink.o
                0x0000000000020413                unlink
                0x0000000000020454                do_unlink
 .text          0x00000000000208f9      0x366 mm_main.o
                0x00000000000208f9                TaskMM
                0x0000000000020986                init_mm
 .text          0x0000000000020c5f      0x374 vmalloc.o
                0x0000000000020c5f                vm_alloc
                0x0000000000020cb4                do_vm_alloc
 .text          0x0000000000020fd3      0x2ce vmfree.o
                0x0000000000020fd3                vm_free
                0x000000000002101f                do_vm_free
 .text          0x00000000000212a1       0xdc exe_main.o
                0x00000000000212a1                TaskEXE
                0x000000000002131e                alloc_mem
 .text          0x000000000002137d      0x323 fork.o
                0x000000000002137d                fork
                0x00000000000213d5                do_fork
 *(.gnu.warning)

.fini
 *(SORT(.fini))
                0x00000000000216a0                PROVIDE (__etext, .)
                0x00000000000216a0                PROVIDE (_etext, .)
                0x00000000000216a0                PROVIDE (etext, .)

.rodata         0x00000000000216a0      0xaeb
 *(.rodata .rodata.* .gnu.linkonce.r.*)
 .rodata        0x00000000000216a0       0x25 start.o
 *fill*         0x00000000000216c5        0x3 
 .rodata        0x00000000000216c8       0xf1 main.o
 .rodata        0x00000000000217b9       0x1e clock.o
 *fill*         0x00000000000217d7        0x1 
 .rodata        0x00000000000217d8      0x109 proc.o
 *fill*         0x00000000000218e1        0x3 
 .rodata        0x00000000000218e4      0x105 exception.o
 .rodata        0x00000000000219e9        0xd tty.o
 *fill*         0x00000000000219f6        0x2 
 .rodata        0x00000000000219f8      0x13f hd.o
 *fill*         0x0000000000021b37        0x1 
 .rodata        0x0000000000021b38       0xeb fs_main.o
 *fill*         0x0000000000021c23        0x1 
 .rodata        0x0000000000021c24      0x1a2 open.o
 .rodata        0x0000000000021dc6       0x1e close.o
 .rodata        0x0000000000021de4       0x17 rdwt.o
 *fill*         0x0000000000021dfb        0x1 
 .rodata        0x0000000000021dfc      0x17f unlink.o
 .rodata        0x0000000000021f7b       0x2e mm_main.o
 *fill*         0x0000000000021fa9        0x3 
 .rodata        0x0000000000021fac       0x64 vmalloc.o
 .rodata        0x0000000000022010       0x3b vmfree.o
 *fill*         0x000000000002204b        0x1 
 .rodata        0x000000000002204c       0x64 exe_main.o
 .rodata        0x00000000000220b0       0xdb fork.o

.rodata1
 *(.rodata1)

.eh_frame_hdr
 *(.eh_frame_hdr)

.eh_frame       0x000000000002218c      0xeb0
 *(.eh_frame)
 .eh_frame      0x000000000002218c       0x38 start.o
 .eh_frame      0x00000000000221c4       0xac main.o
                                         0xc4 (size before relaxing)
 .eh_frame      0x0000000000022270       0xc0 protect.o
                                         0xd8 (size before relaxing)
 .eh_frame      0x0000000000022330       0x70 clock.o
                                         0x88 (size before relaxing)
 .eh_frame      0x00000000000223a0      0x358 proc.o
                                        0x370 (size before relaxing)
 .eh_frame      0x00000000000226f8       0x68 irq.o
                                         0x80 (size before relaxing)
 .eh_frame      0x0000000000022760       0x80 exception.o
                                         0x98 (size before relaxing)
 .eh_frame      0x00000000000227e0       0x60 keyboard.o
                                         0x78 (size before relaxing)
 .eh_frame      0x0000000000022840      0x140 tty.o
                                        0x158 (size before relaxing)
 .eh_frame      0x0000000000022980      0x18c hd.o
                                        0x1a4 (size before relaxing)
 .eh_frame      0x0000000000022b0c       0x40 console.o
                                         0x58 (size before relaxing)
 .eh_frame      0x0000000000022b4c       0x48 printf.o
                                         0x60 (size before relaxing)
 .eh_frame      0x0000000000022b94       0x64 vsprintf.o
                                         0x7c (size before relaxing)
 .eh_frame      0x0000000000022bf8       0x60 io.o
                                         0x78 (size before relaxing)
 .eh_frame      0x0000000000022c58       0x64 fs_main.o
                                         0x7c (size before relaxing)
 .eh_frame      0x0000000000022cbc      0x118 open.o
                                        0x130 (size before relaxing)
 .eh_frame      0x0000000000022dd4       0x20 misc.o
                                         0x38 (size before relaxing)
 .eh_frame      0x0000000000022df4       0x60 close.o
                                         0x78 (size before relaxing)
 .eh_frame      0x0000000000022e54       0x60 rdwt.o
                                         0x78 (size before relaxing)
 .eh_frame      0x0000000000022eb4       0x48 unlink.o
                                         0x60 (size before relaxing)
 .eh_frame      0x0000000000022efc       0x3c mm_main.o
                                         0x54 (size before relaxing)
 .eh_frame      0x0000000000022f38       0x40 vmalloc.o
                                         0x58 (size before relaxing)
 .eh_frame      0x0000000000022f78       0x40 vmfree.o
                                         0x58 (size before relaxing)
 .eh_frame      0x0000000000022fb8       0x3c exe_main.o
                                         0x54 (size before relaxing)
 .eh_frame      0x0000000000022ff4       0x48 fork.o
                                         0x60 (size before relaxing)

.gcc_except_table
 *(.gcc_except_table .gcc_except_table.*)

.exception_ranges
 *(.exception_ranges .exception_ranges*)
                0x000000000002303c                . = (ALIGN (0x1000) - ((0x1000 - .) & 0xfff))
                0x000000000002403c                . = DATA_SEGMENT_ALIGN (0x1000, 0x1000)

.eh_frame
 *(.eh_frame)

.gcc_except_table
 *(.gcc_except_table .gcc_except_table.*)

.exception_ranges
 *(.exception_ranges .exception_ranges*)

.tdata
 *(.tdata .tdata.* .gnu.linkonce.td.*)

.tbss
 *(.tbss .tbss.* .gnu.linkonce.tb.*)
 *(.tcommon)

.preinit_array  0x000000000002403c        0x0
                0x000000000002403c                PROVIDE (__preinit_array_start, .)
 *(.preinit_array)
                0x000000000002403c                PROVIDE (__preinit_array_end, .)

.init_array     0x000000000002403c        0x0
                0x000000000002403c                PROVIDE (__init_array_start, .)
 *(SORT(.init_array.*) SORT(.ctors.*))
 *(.init_array EXCLUDE_FILE(*crtend?.o *crtend.o *crtbegin?.o *crtbegin.o) .ctors)
                0x000000000002403c                PROVIDE (__init_array_end, .)

.fini_array     0x000000000002403c        0x0
                0x000000000002403c                PROVIDE (__fini_array_start, .)
 *(SORT(.fini_array.*) SORT(.dtors.*))
 *(.fini_array EXCLUDE_FILE(*crtend?.o *crtend.o *crtbegin?.o *crtbegin.o) .dtors)
                0x000000000002403c                PROVIDE (__fini_array_end, .)

.ctors
 *crtbegin.o(.ctors)
 *crtbegin?.o(.ctors)
 *(EXCLUDE_FILE(*crtend?.o *crtend.o) .ctors)
 *(SORT(.ctors.*))
 *(.ctors)

.dtors
 *crtbegin.o(.dtors)
 *crtbegin?.o(.dtors)
 *(EXCLUDE_FILE(*crtend?.o *crtend.o) .dtors)
 *(SORT(.dtors.*))
 *(.dtors)

.jcr
 *(.jcr)

.data.rel.ro
 *(.data.rel.ro.local* .gnu.linkonce.d.rel.ro.local.*)
 *(.data.rel.ro .data.rel.ro.* .gnu.linkonce.d.rel.ro.*)

.dynamic
 *(.dynamic)

.got
 *(.got)
 *(.igot)
                0x000000000002403c                . = DATA_SEGMENT_RELRO_END (., (SIZEOF (.got.plt) >= 0xc)?0xc:0x0)

.got.plt        0x000000000002403c        0x0
 *(.got.plt)
 *(.igot.plt)
 .igot.plt      0x0000000000000000        0x0 kernel.o

.data           0x0000000000024040     0x1210
 *(.data .data.* .gnu.linkonce.d.*)
 .data          0x0000000000024040     0x1074 kernel.o
                0x0000000000024040                GDT
                0x0000000000024846                IDT
                0x000000000002504c                TSS
 .data          0x00000000000250b4        0x0 start.o
 .data          0x00000000000250b4        0x0 main.o
 .data          0x00000000000250b4        0x0 protect.o
 .data          0x00000000000250b4        0x0 clock.o
 *fill*         0x00000000000250b4        0xc 
 .data          0x00000000000250c0      0x130 proc.o
                0x00000000000250c0                task_table
                0x00000000000251c0                syscall_table
 .data          0x00000000000251f0        0x0 irq.o
 .data          0x00000000000251f0        0x0 exception.o
 *fill*         0x00000000000251f0       0x10 
 .data          0x0000000000025200       0x45 keyboard.o
                0x0000000000025200                keymap
 .data          0x0000000000025245        0x0 tty.o
 .data          0x0000000000025245        0x0 hd.o
 .data          0x0000000000025245        0x0 console.o
 *fill*         0x0000000000025245        0x3 
 .data          0x0000000000025248        0x8 klib.o
                0x0000000000025248                PrintPos
                0x000000000002524c                MainPrintPos
 .data          0x0000000000025250        0x0 printf.o
 .data          0x0000000000025250        0x0 vsprintf.o
 .data          0x0000000000025250        0x0 io.o
 .data          0x0000000000025250        0x0 fs_main.o
 .data          0x0000000000025250        0x0 open.o
 .data          0x0000000000025250        0x0 misc.o
 .data          0x0000000000025250        0x0 close.o
 .data          0x0000000000025250        0x0 rdwt.o
 .data          0x0000000000025250        0x0 unlink.o
 .data          0x0000000000025250        0x0 mm_main.o
 .data          0x0000000000025250        0x0 vmalloc.o
 .data          0x0000000000025250        0x0 vmfree.o
 .data          0x0000000000025250        0x0 exe_main.o
 .data          0x0000000000025250        0x0 fork.o

.data1
 *(.data1)
                0x0000000000025250                _edata = .
                0x0000000000025250                PROVIDE (edata, .)
                0x0000000000025250                . = .
                0x0000000000025250                __bss_start = .

.bss            0x0000000000025260    0x549ac
 *(.dynbss)
 *(.bss .bss.* .gnu.linkonce.b.*)
 .bss           0x0000000000025260      0x800 kernel.o
 .bss           0x0000000000025a60        0x0 start.o
 .bss           0x0000000000025a60        0x0 main.o
 .bss           0x0000000000025a60        0x0 protect.o
 .bss           0x0000000000025a60        0x0 clock.o
 .bss           0x0000000000025a60        0x0 proc.o
 .bss           0x0000000000025a60        0x0 irq.o
 .bss           0x0000000000025a60        0x0 exception.o
 .bss           0x0000000000025a60        0x0 keyboard.o
 .bss           0x0000000000025a60        0x0 tty.o
 .bss           0x0000000000025a60        0x0 hd.o
 .bss           0x0000000000025a60        0x0 console.o
 .bss           0x0000000000025a60        0x0 printf.o
 .bss           0x0000000000025a60        0x0 vsprintf.o
 .bss           0x0000000000025a60        0x0 io.o
 .bss           0x0000000000025a60        0x0 fs_main.o
 .bss           0x0000000000025a60        0x0 open.o
 .bss           0x0000000000025a60        0x0 misc.o
 .bss           0x0000000000025a60        0x0 close.o
 .bss           0x0000000000025a60        0x0 rdwt.o
 .bss           0x0000000000025a60        0x0 unlink.o
 .bss           0x0000000000025a60        0x0 mm_main.o
 .bss           0x0000000000025a60        0x0 vmalloc.o
 .bss           0x0000000000025a60        0x0 vmfree.o
 .bss           0x0000000000025a60        0x0 exe_main.o
 .bss           0x0000000000025a60        0x0 fork.o
 *(COMMON)
 COMMON         0x0000000000025a60        0xc start.o
                0x0000000000025a60                nr_current_console
                0x0000000000025a64                p_current_proc
                0x0000000000025a68                ticks
 *fill*         0x0000000000025a6c       0x14 
 COMMON         0x0000000000025a80       0xcc main.o
                0x0000000000025a80                sem_mutex
                0x0000000000025b20                array
                0x0000000000025b48                re_enter
 *fill*         0x0000000000025b4c       0x14 
 COMMON         0x0000000000025b60    0x19a00 proc.o
                0x0000000000025b60                task_stack_mm
                0x0000000000028360                task_stack_hd
                0x000000000002ab60                task_stack_init
                0x000000000002d360                task_stack_c
                0x000000000002fb60                task_stack_b
                0x0000000000032360                task_stack_exe
                0x0000000000034b60                task_stack_tty
                0x0000000000037360                task_stack_fs
                0x0000000000039b60                proc_table
                0x000000000003cd60                task_stack_a
 COMMON         0x000000000003f560       0x40 irq.o
                0x000000000003f560                irq_table
 COMMON         0x000000000003f5a0       0x50 exception.o
                0x000000000003f5a0                exception_table
 COMMON         0x000000000003f5f0        0x4 keyboard.o
                0x000000000003f5f0                p_current_tty
 *fill*         0x000000000003f5f4        0xc 
 COMMON         0x000000000003f600      0x140 tty.o
                0x000000000003f600                tty_table
 COMMON         0x000000000003f740      0x440 hd.o
                0x000000000003f740                hd_msg
                0x000000000003f780                hd_buf
 COMMON         0x000000000003fb80       0x40 console.o
                0x000000000003fb80                console_table
 COMMON         0x000000000003fbc0    0x39fc0 fs_main.o
                0x000000000003fbc0                inode_table
                0x0000000000057bc0                dirent_buf
                0x0000000000057dc0                inode_buf
                0x0000000000067dc0                fs_msg
                0x0000000000067e00                f_desc_table
                0x0000000000067f80                fsbuf
                0x0000000000078f80                smap_buf
                0x0000000000079980                imap_buf
 COMMON         0x0000000000079b80       0x4c mm_main.o
                0x0000000000079b80                pf_list
                0x0000000000079b84                mi
                0x0000000000079ba0                mm_msg
 *fill*         0x0000000000079bcc       0x14 
 COMMON         0x0000000000079be0       0x2c exe_main.o
                0x0000000000079be0                exe_msg
                0x0000000000079c0c                . = ALIGN ((. != 0x0)?0x4:0x1)
                0x0000000000079c0c                . = ALIGN (0x4)
                0x0000000000079c0c                . = SEGMENT_START ("ldata-segment", .)
                0x0000000000079c0c                . = ALIGN (0x4)
                0x0000000000079c0c                _end = .
                0x0000000000079c0c                PROVIDE (end, .)
                0x0000000000079c0c                . = DATA_SEGMENT_END (.)

.stab
 *(.stab)

.stabstr
 *(.stabstr)

.stab.excl
 *(.stab.excl)

.stab.exclstr
 *(.stab.exclstr)

.stab.index
 *(.stab.index)

.stab.indexstr
 *(.stab.indexstr)

.comment        0x0000000000000000       0x2b
 *(.comment)
 .comment       0x0000000000000000       0x2b start.o
                                         0x2c (size before relaxing)
 .comment       0x0000000000000000       0x2c main.o
 .comment       0x0000000000000000       0x2c protect.o
 .comment       0x0000000000000000       0x2c clock.o
 .comment       0x0000000000000000       0x2c proc.o
 .comment       0x0000000000000000       0x2c irq.o
 .comment       0x0000000000000000       0x2c exception.o
 .comment       0x0000000000000000       0x2c keyboard.o
 .comment       0x0000000000000000       0x2c tty.o
 .comment       0x0000000000000000       0x2c hd.o
 .comment       0x0000000000000000       0x2c console.o
 .comment       0x0000000000000000       0x2c printf.o
 .comment       0x0000000000000000       0x2c vsprintf.o
 .comment       0x0000000000000000       0x2c io.o
 .comment       0x0000000000000000       0x2c fs_main.o
 .comment       0x0000000000000000       0x2c open.o
 .comment       0x0000000000000000       0x2c misc.o
 .comment       0x0000000000000000       0x2c close.o
 .comment       0x0000000000000000       0x2c rdwt.o
 .comment       0x0000000000000000       0x2c unlink.o
 .comment       0x0000000000000000       0x2c mm_main.o
 .comment       0x0000000000000000       0x2c vmalloc.o
 .comment       0x0000000000000000       0x2c vmfree.o
 .comment       0x0000000000000000       0x2c exe_main.o
 .comment       0x0000000000000000       0x2c fork.o

.debug
 *(.debug)

.line
 *(.line)

.debug_srcinfo
 *(.debug_srcinfo)

.debug_sfnames
 *(.debug_sfnames)

.debug_aranges
 *(.debug_aranges)

.debug_pubnames
 *(.debug_pubnames)

.debug_info
 *(.debug_info .gnu.linkonce.wi.*)

.debug_abbrev
 *(.debug_abbrev)

.debug_line
 *(.debug_line .debug_line.* .debug_line_end)

.debug_frame
 *(.debug_frame)

.debug_str
 *(.debug_str)

.debug_loc
 *(.debug_loc)

.debug_macinfo
 *(.debug_macinfo)

.debug_weaknames
 *(.debug_weaknames)

.debug_funcnames
 *(.debug_funcnames)

.debug_typenames
 *(.debug_typenames)

.debug_varnames
 *(.debug_varnames)

.debug_pubtypes
 *(.debug_pubtypes)

.debug_ranges
 *(.debug_ranges)

.debug_macro
 *(.debug_macro)

.gnu.attributes
 *(.gnu.attributes)

/DISCARD/
 *(.note.GNU-stack)
 *(.gnu_debuglink)
 *(.gnu.lto_*)
OUTPUT(kernel.bin elf32-i386)
