
Allocating common symbols
Common symbol       size              file

task_stack_mm       0x2800            kernel/proc.o
pf_list             0x4               mm/main.o
task_stack_hd       0x2800            kernel/proc.o
inode_table         0x18000           fs/main.o
exe_msg             0x2c              exe/main.o
task_stack_init     0x2800            kernel/proc.o
dirent_buf          0x200             fs/main.o
task_stack_c        0x2800            kernel/proc.o
task_stack_b        0x2800            kernel/proc.o
inode_buf           0x10000           fs/main.o
tty_table           0x250             driver/tty.o
fs_msg              0x2c              fs/main.o
nr_current_console  0x4               kernel/start.o
mutex               0x50              kernel/test.o
task_stack_exe      0x2800            kernel/proc.o
f_desc_table        0x180             fs/main.o
fsbuf               0x11000           fs/main.o
hd_msg              0x2c              driver/hd.o
p_current_proc      0x4               kernel/start.o
mi                  0x4               mm/main.o
mm_msg              0x2c              mm/main.o
forks               0x190             kernel/test.o
task_stack_d        0x2800            kernel/proc.o
task_stack_tty      0x2800            kernel/proc.o
p_current_tty       0x4               driver/keyboard.o
ticks               0x4               kernel/start.o
exception_table     0x50              kernel/exception.o
task_stack_fs       0x2800            kernel/proc.o
console_table       0x40              driver/console.o
irq_table           0x40              kernel/irq.o
task_stack_e        0x2800            kernel/proc.o
hd_buf              0x400             driver/hd.o
proc_table          0x1540            kernel/proc.o
task_stack_a        0x2800            kernel/proc.o
re_enter            0x4               kernel/main.o
smap_buf            0xa00             fs/main.o
imap_buf            0x200             fs/main.o

Discarded input sections

 .note.GNU-stack
                0x0000000000000000        0x0 kernel/start.o
 .note.GNU-stack
                0x0000000000000000        0x0 kernel/main.o
 .note.GNU-stack
                0x0000000000000000        0x0 kernel/protect.o
 .note.GNU-stack
                0x0000000000000000        0x0 kernel/clock.o
 .note.GNU-stack
                0x0000000000000000        0x0 kernel/proc.o
 .note.GNU-stack
                0x0000000000000000        0x0 kernel/irq.o
 .note.GNU-stack
                0x0000000000000000        0x0 kernel/exception.o
 .note.GNU-stack
                0x0000000000000000        0x0 kernel/test.o
 .note.GNU-stack
                0x0000000000000000        0x0 driver/keyboard.o
 .note.GNU-stack
                0x0000000000000000        0x0 driver/tty.o
 .note.GNU-stack
                0x0000000000000000        0x0 driver/hd.o
 .note.GNU-stack
                0x0000000000000000        0x0 driver/console.o
 .note.GNU-stack
                0x0000000000000000        0x0 lib/string.o
 .note.GNU-stack
                0x0000000000000000        0x0 lib/printf.o
 .note.GNU-stack
                0x0000000000000000        0x0 lib/vsprintf.o
 .note.GNU-stack
                0x0000000000000000        0x0 lib/io.o
 .note.GNU-stack
                0x0000000000000000        0x0 fs/main.o
 .note.GNU-stack
                0x0000000000000000        0x0 fs/open.o
 .note.GNU-stack
                0x0000000000000000        0x0 fs/misc.o
 .note.GNU-stack
                0x0000000000000000        0x0 fs/close.o
 .note.GNU-stack
                0x0000000000000000        0x0 fs/rdwt.o
 .note.GNU-stack
                0x0000000000000000        0x0 fs/unlink.o
 .note.GNU-stack
                0x0000000000000000        0x0 mm/main.o
 .note.GNU-stack
                0x0000000000000000        0x0 mm/vmalloc.o
 .note.GNU-stack
                0x0000000000000000        0x0 mm/vmfree.o
 .note.GNU-stack
                0x0000000000000000        0x0 mm/misc.o
 .note.GNU-stack
                0x0000000000000000        0x0 exe/main.o
 .note.GNU-stack
                0x0000000000000000        0x0 exe/fork.o

Memory Configuration

Name             Origin             Length             Attributes
*default*        0x0000000000000000 0xffffffffffffffff

Linker script and memory map

Address of section .text set to 0x1b400
LOAD kernel/kernel.o
LOAD kernel/start.o
LOAD kernel/8259A.o
LOAD kernel/main.o
LOAD kernel/protect.o
LOAD kernel/clock.o
LOAD kernel/syscall.o
LOAD kernel/proc.o
LOAD kernel/irq.o
LOAD kernel/exception.o
LOAD kernel/test.o
LOAD driver/keyboard.o
LOAD driver/tty.o
LOAD driver/hd.o
LOAD driver/console.o
LOAD lib/klib.o
LOAD lib/string.o
LOAD lib/printf.o
LOAD lib/vsprintf.o
LOAD lib/io.o
LOAD fs/main.o
LOAD fs/open.o
LOAD fs/misc.o
LOAD fs/close.o
LOAD fs/rdwt.o
LOAD fs/unlink.o
LOAD mm/main.o
LOAD mm/vmalloc.o
LOAD mm/vmfree.o
LOAD mm/misc.o
LOAD exe/main.o
LOAD exe/fork.o
                0x0000000008048000                PROVIDE (__executable_start, 0x8048000)
                0x0000000008048094                . = (0x8048000 + SIZEOF_HEADERS)

.interp
 *(.interp)

.note.gnu.build-id
 *(.note.gnu.build-id)

.hash
 *(.hash)

.gnu.hash
 *(.gnu.hash)

.dynsym
 *(.dynsym)

.dynstr
 *(.dynstr)

.gnu.version
 *(.gnu.version)

.gnu.version_d
 *(.gnu.version_d)

.gnu.version_r
 *(.gnu.version_r)

.rel.dyn        0x0000000008048094        0x0
 *(.rel.init)
 *(.rel.text .rel.text.* .rel.gnu.linkonce.t.*)
 .rel.text      0x0000000000000000        0x0 kernel/kernel.o
 *(.rel.fini)
 *(.rel.rodata .rel.rodata.* .rel.gnu.linkonce.r.*)
 *(.rel.data.rel.ro .rel.data.rel.ro.* .rel.gnu.linkonce.d.rel.ro.*)
 *(.rel.data .rel.data.* .rel.gnu.linkonce.d.*)
 .rel.data      0x0000000000000000        0x0 kernel/kernel.o
 *(.rel.tdata .rel.tdata.* .rel.gnu.linkonce.td.*)
 *(.rel.tbss .rel.tbss.* .rel.gnu.linkonce.tb.*)
 *(.rel.ctors)
 *(.rel.dtors)
 *(.rel.got)
 *(.rel.bss .rel.bss.* .rel.gnu.linkonce.b.*)
 *(.rel.ifunc)

.rel.plt        0x0000000008048094        0x0
 *(.rel.plt)
                0x0000000008048094                PROVIDE (__rel_iplt_start, .)
 *(.rel.iplt)
 .rel.iplt      0x0000000000000000        0x0 kernel/kernel.o
                0x0000000008048094                PROVIDE (__rel_iplt_end, .)

.init
 *(SORT(.init))

.plt            0x00000000080480a0        0x0
 *(.plt)
 *(.iplt)
 .iplt          0x0000000000000000        0x0 kernel/kernel.o

.text           0x000000000001b400     0x6dc9
 *(.text.unlikely .text.*_unlikely .text.unlikely.*)
 *(.text.exit .text.exit.*)
 *(.text.startup .text.startup.*)
 *(.text.hot .text.hot.*)
 *(.text .stub .text.* .gnu.linkonce.t.*)
 .text          0x000000000001b400      0xbb1 kernel/kernel.o
                0x000000000001b400                _start
                0x000000000001b475                divide_error
                0x000000000001b4c2                debug_exception
                0x000000000001b50f                nmi
                0x000000000001b55c                breakpoint
                0x000000000001b5a9                overflow
                0x000000000001b5f6                out_of_bound
                0x000000000001b643                invalid_opcode
                0x000000000001b690                no_math_coprocessor
                0x000000000001b6dd                double_fault
                0x000000000001b728                coprocessor_error
                0x000000000001b775                invalid_tss
                0x000000000001b7c0                not_present
                0x000000000001b80b                stack_error
                0x000000000001b856                general_protect
                0x000000000001b8a1                page_fault
                0x000000000001b8ec                mcu_fault
                0x000000000001b939                align_check
                0x000000000001b984                mechine
                0x000000000001b9d1                simd_error
                0x000000000001ba1e                hwint_0
                0x000000000001ba6e                hwint_1
                0x000000000001babe                hwint_2
                0x000000000001bb0e                hwint_3
                0x000000000001bb5e                hwint_4
                0x000000000001bbae                hwint_5
                0x000000000001bbfe                hwint_6
                0x000000000001bc4e                hwint_7
                0x000000000001bc9e                hwint_8
                0x000000000001bcf0                hwint_9
                0x000000000001bd42                hwint_10
                0x000000000001bd94                hwint_11
                0x000000000001bde6                hwint_12
                0x000000000001be38                hwint_13
                0x000000000001be8a                hwint_14
                0x000000000001bedc                hwint_15
                0x000000000001bf2e                sys_call
                0x000000000001bf85                proc_begin
 .text          0x000000000001bfb1      0x6ce kernel/start.o
                0x000000000001bfb1                cstart
 *fill*         0x000000000001c67f        0x1 
 .text          0x000000000001c680       0x5c kernel/8259A.o
                0x000000000001c680                init_8259A
 .text          0x000000000001c6dc      0x2a1 kernel/main.o
                0x000000000001c6dc                kernel_main
 .text          0x000000000001c97d      0x204 kernel/protect.o
                0x000000000001c97d                init_desc
                0x000000000001c9de                init_idt_desc
                0x000000000001ca3f                init_prot
                0x000000000001cac4                get_base
                0x000000000001cb12                get_limit
                0x000000000001cb47                granularity
 .text          0x000000000001cb81      0x1e0 kernel/clock.o
                0x000000000001cb81                disp_time
                0x000000000001ccc2                clock_handler
                0x000000000001ccef                init_clock
 *fill*         0x000000000001cd61        0xf 
 .text          0x000000000001cd70       0x8c kernel/syscall.o
                0x000000000001cd70                get_ticks
                0x000000000001cd78                sendrecv
                0x000000000001cd8c                getpid
                0x000000000001cd94                getppid
                0x000000000001cd9c                printk
                0x000000000001cda8                sem_init
                0x000000000001cdb8                sem_post
                0x000000000001cdc4                sem_wait
                0x000000000001cdd0                getcr3
                0x000000000001cdd8                write_process_memory
                0x000000000001cdf0                sleep
 .text          0x000000000001cdfc      0xbfc kernel/proc.o
                0x000000000001cdfc                sys_get_ticks
                0x000000000001ce06                sys_sendrecv
                0x000000000001ceb4                sys_getpid
                0x000000000001cec1                sys_getppid
                0x000000000001cece                sys_printk
                0x000000000001cf01                sys_sem_init
                0x000000000001cf3e                sys_sem_post
                0x000000000001cfa5                sys_sem_wait
                0x000000000001d017                sys_write_process_memory
                0x000000000001d064                sys_sleep
                0x000000000001d0b6                schedule
                0x000000000001d160                inform_int
                0x000000000001d202                interrupt_wait
                0x000000000001d225                init_send_queue
                0x000000000001d25b                va2la
                0x000000000001d288                va2pa
                0x000000000001d2f3                dump_msg
                0x000000000001d324                failure
                0x000000000001d397                panic
                0x000000000001d3fa                msg_send
                0x000000000001d58d                msg_recv
                0x000000000001d810                block
                0x000000000001d84b                unblock
                0x000000000001d850                deadlock
                0x000000000001d8d2                enqueue
                0x000000000001d958                dequeue
                0x000000000001d9e6                empty
 .text          0x000000000001d9f8      0x128 kernel/irq.o
                0x000000000001d9f8                put_irq_handler
                0x000000000001da18                enable_irq
                0x000000000001da9e                disable_irq
 .text          0x000000000001db20      0x294 kernel/exception.o
                0x000000000001db20                put_excep_handler
                0x000000000001db32                do_invalid_opcode
                0x000000000001db7b                do_general_protection
                0x000000000001dbc4                do_page_fault
 .text          0x000000000001ddb4      0x671 kernel/test.o
                0x000000000001ddb4                philosopher_eat
                0x000000000001dddb                philosopher_think
                0x000000000001de02                Init
                0x000000000001deda                TaskA
                0x000000000001dfe9                TaskB
                0x000000000001e0f8                TaskC
                0x000000000001e207                TaskD
                0x000000000001e316                TaskE
 .text          0x000000000001e425      0x11b driver/keyboard.o
                0x000000000001e425                keyboard_handler
                0x000000000001e4bb                keyboard_read
                0x000000000001e50e                init_keyboard
 .text          0x000000000001e540      0x60e driver/tty.o
                0x000000000001e540                TaskTTY
                0x000000000001e5b9                init_tty
                0x000000000001e604                tty_printstr
                0x000000000001e64c                tty_backspace
                0x000000000001e700                tty_put_text_ch
                0x000000000001e733                disp_tips
                0x000000000001e791                reset_kb_buf
                0x000000000001e800                parse_input
                0x000000000001e85b                tty_printchar
                0x000000000001e8b0                init_console
                0x000000000001e94f                is_current_console
                0x000000000001e97f                tty_dev_read
                0x000000000001e9ae                tty_dev_write
 .text          0x000000000001eb4e      0x619 driver/hd.o
                0x000000000001eb4e                TaskHD
                0x000000000001ebf3                init_hd
                0x000000000001ec8d                hd_open
                0x000000000001ecb7                hd_read
                0x000000000001ecf9                hd_write
                0x000000000001ed3b                do_hd_open
                0x000000000001ed75                do_hd_read
                0x000000000001ee04                do_hd_write
                0x000000000001ee93                hd_handler
                0x000000000001eeb6                wait_disk
                0x000000000001eecf                hd_cmd_out
                0x000000000001efa5                get_hd_info
                0x000000000001efe3                disp_hd_info
 .text          0x000000000001f167       0xb2 driver/console.o
                0x000000000001f167                select_console
                0x000000000001f1b0                scroll_screen
 *fill*         0x000000000001f219        0x7 
 .text          0x000000000001f220      0x1a3 lib/klib.o
                0x000000000001f220                println
                0x000000000001f25f                print
                0x000000000001f29a                printmsg
                0x000000000001f2e4                printchar
                0x000000000001f312                backspace
                0x000000000001f32a                itoa
                0x000000000001f369                in_byte
                0x000000000001f373                out_byte
                0x000000000001f37f                port_read
                0x000000000001f397                port_write
                0x000000000001f3af                disable_int
                0x000000000001f3b1                enable_int
                0x000000000001f3b3                getcr2
                0x000000000001f3b7                load_cr3
                0x000000000001f3bf                sys_getcr3
 .text          0x000000000001f3c3      0x1c8 lib/string.o
                0x000000000001f3c3                strlen
                0x000000000001f3eb                strcmp
                0x000000000001f44e                strcpy
                0x000000000001f472                memcpy
                0x000000000001f4ef                memset
                0x000000000001f51b                memcmp
 .text          0x000000000001f58b       0x85 lib/printf.o
                0x000000000001f58b                printf
                0x000000000001f5e6                sprintf
 .text          0x000000000001f610      0x296 lib/vsprintf.o
                0x000000000001f610                pow
                0x000000000001f649                tohex
                0x000000000001f6f2                vsprintf
 .text          0x000000000001f8a6      0x123 lib/io.o
                0x000000000001f8a6                set_cursor_pos
                0x000000000001f90f                set_video_start
                0x000000000001f978                init_video
 .text          0x000000000001f9c9      0x46a fs/main.o
                0x000000000001f9c9                TaskFS
                0x000000000001fa91                init_fs
                0x000000000001fb0b                mkfs
 .text          0x000000000001fe33      0x82b fs/open.o
                0x000000000001fe33                open
                0x000000000001fe7a                do_open
                0x0000000000020126                create_file
                0x0000000000020190                alloc_imap_bit
                0x00000000000202ce                alloc_smap_bits
                0x0000000000020433                alloc_inode
                0x000000000002056d                alloc_dir_entry
 .text          0x000000000002065e      0x137 fs/misc.o
                0x000000000002065e                find_file
                0x00000000000206e7                get_inode
 .text          0x0000000000020795      0x11a fs/close.o
                0x0000000000020795                close
                0x00000000000207c8                do_close
                0x0000000000020840                clear_inode
 .text          0x00000000000208af      0x3db fs/rdwt.o
                0x00000000000208af                write
                0x00000000000208ee                read
                0x000000000002092d                do_rdwt
 .text          0x0000000000020c8a      0x4e6 fs/unlink.o
                0x0000000000020c8a                unlink
                0x0000000000020ccb                do_unlink
 .text          0x0000000000021170      0x38c mm/main.o
                0x0000000000021170                TaskMM
                0x000000000002121a                init_mm
 .text          0x00000000000214fc      0x22f mm/vmalloc.o
                0x00000000000214fc                vm_alloc
                0x0000000000021551                vm_alloc_ex
                0x00000000000215ae                do_vm_alloc
 .text          0x000000000002172b      0x102 mm/vmfree.o
                0x000000000002172b                vm_free
                0x0000000000021777                do_vm_free
 .text          0x000000000002182d      0x5dd mm/misc.o
                0x000000000002182d                alloc_frame
                0x0000000000021895                find_pf_list_item
                0x00000000000218cd                alloc_page
                0x0000000000021963                check_free_page
                0x00000000000219a6                check_free_frame
                0x00000000000219fe                relocate_pde
                0x0000000000021a69                map_frame
                0x0000000000021c51                unmap_frame
 .text          0x0000000000021e0a       0x86 exe/main.o
                0x0000000000021e0a                TaskEXE
 .text          0x0000000000021e90      0x339 exe/fork.o
                0x0000000000021e90                fork
                0x0000000000021ee8                do_fork
                0x000000000002219f                alloc_mem
 *(.gnu.warning)

.fini
 *(SORT(.fini))
                0x00000000000221c9                PROVIDE (__etext, .)
                0x00000000000221c9                PROVIDE (_etext, .)
                0x00000000000221c9                PROVIDE (etext, .)

.rodata         0x00000000000221cc      0xa83
 *(.rodata .rodata.* .gnu.linkonce.r.*)
 .rodata        0x00000000000221cc       0x25 kernel/start.o
 *fill*         0x00000000000221f1        0x3 
 .rodata        0x00000000000221f4       0x26 kernel/main.o
 .rodata        0x000000000002221a       0x1e kernel/clock.o
 .rodata        0x0000000000022238       0xda kernel/proc.o
 *fill*         0x0000000000022312        0x2 
 .rodata        0x0000000000022314       0xdd kernel/exception.o
 *fill*         0x00000000000223f1        0x3 
 .rodata        0x00000000000223f4       0x43 kernel/test.o
 .rodata        0x0000000000022437        0xd driver/tty.o
 .rodata        0x0000000000022444      0x15b driver/hd.o
 *fill*         0x000000000002259f        0x1 
 .rodata        0x00000000000225a0      0x10b fs/main.o
 *fill*         0x00000000000226ab        0x1 
 .rodata        0x00000000000226ac      0x16c fs/open.o
 .rodata        0x0000000000022818       0x2a fs/misc.o
 .rodata        0x0000000000022842       0x1e fs/close.o
 .rodata        0x0000000000022860       0x17 fs/rdwt.o
 *fill*         0x0000000000022877        0x1 
 .rodata        0x0000000000022878      0x16b fs/unlink.o
 *fill*         0x00000000000229e3        0x1 
 .rodata        0x00000000000229e4       0x4e mm/main.o
 *fill*         0x0000000000022a32        0x2 
 .rodata        0x0000000000022a34       0x9b mm/vmalloc.o
 .rodata        0x0000000000022acf       0x31 mm/vmfree.o
 .rodata        0x0000000000022b00       0x34 mm/misc.o
 .rodata        0x0000000000022b34       0x50 exe/main.o
 .rodata        0x0000000000022b84       0xcb exe/fork.o

.rodata1
 *(.rodata1)

.eh_frame_hdr
 *(.eh_frame_hdr)

.eh_frame       0x0000000000022c50     0x1170
 *(.eh_frame)
 .eh_frame      0x0000000000022c50       0x38 kernel/start.o
 .eh_frame      0x0000000000022c88       0x1c kernel/main.o
                                         0x34 (size before relaxing)
 .eh_frame      0x0000000000022ca4       0xc0 kernel/protect.o
                                         0xd8 (size before relaxing)
 .eh_frame      0x0000000000022d64       0x70 kernel/clock.o
                                         0x88 (size before relaxing)
 .eh_frame      0x0000000000022dd4      0x374 kernel/proc.o
                                        0x38c (size before relaxing)
 .eh_frame      0x0000000000023148       0x68 kernel/irq.o
                                         0x80 (size before relaxing)
 .eh_frame      0x00000000000231b0       0x78 kernel/exception.o
                                         0x90 (size before relaxing)
 .eh_frame      0x0000000000023228       0xe8 kernel/test.o
                                        0x100 (size before relaxing)
 .eh_frame      0x0000000000023310       0x60 driver/keyboard.o
                                         0x78 (size before relaxing)
 .eh_frame      0x0000000000023370      0x19c driver/tty.o
                                        0x1b4 (size before relaxing)
 .eh_frame      0x000000000002350c      0x1ac driver/hd.o
                                        0x1c4 (size before relaxing)
 .eh_frame      0x00000000000236b8       0x40 driver/console.o
                                         0x58 (size before relaxing)
 .eh_frame      0x00000000000236f8       0xc0 lib/string.o
                                         0xd8 (size before relaxing)
 .eh_frame      0x00000000000237b8       0x48 lib/printf.o
                                         0x60 (size before relaxing)
 .eh_frame      0x0000000000023800       0x64 lib/vsprintf.o
                                         0x7c (size before relaxing)
 .eh_frame      0x0000000000023864       0x60 lib/io.o
                                         0x78 (size before relaxing)
 .eh_frame      0x00000000000238c4       0x64 fs/main.o
                                         0x7c (size before relaxing)
 .eh_frame      0x0000000000023928       0xf8 fs/open.o
                                        0x110 (size before relaxing)
 .eh_frame      0x0000000000023a20       0x40 fs/misc.o
                                         0x58 (size before relaxing)
 .eh_frame      0x0000000000023a60       0x60 fs/close.o
                                         0x78 (size before relaxing)
 .eh_frame      0x0000000000023ac0       0x60 fs/rdwt.o
                                         0x78 (size before relaxing)
 .eh_frame      0x0000000000023b20       0x48 fs/unlink.o
                                         0x60 (size before relaxing)
 .eh_frame      0x0000000000023b68       0x3c mm/main.o
                                         0x54 (size before relaxing)
 .eh_frame      0x0000000000023ba4       0x60 mm/vmalloc.o
                                         0x78 (size before relaxing)
 .eh_frame      0x0000000000023c04       0x40 mm/vmfree.o
                                         0x58 (size before relaxing)
 .eh_frame      0x0000000000023c44      0x100 mm/misc.o
                                        0x118 (size before relaxing)
 .eh_frame      0x0000000000023d44       0x1c exe/main.o
                                         0x34 (size before relaxing)
 .eh_frame      0x0000000000023d60       0x60 exe/fork.o
                                         0x78 (size before relaxing)

.gcc_except_table
 *(.gcc_except_table .gcc_except_table.*)

.exception_ranges
 *(.exception_ranges .exception_ranges*)
                0x0000000000023dc0                . = (ALIGN (0x1000) - ((0x1000 - .) & 0xfff))
                0x0000000000024dc0                . = DATA_SEGMENT_ALIGN (0x1000, 0x1000)

.eh_frame
 *(.eh_frame)

.gcc_except_table
 *(.gcc_except_table .gcc_except_table.*)

.exception_ranges
 *(.exception_ranges .exception_ranges*)

.tdata
 *(.tdata .tdata.* .gnu.linkonce.td.*)

.tbss
 *(.tbss .tbss.* .gnu.linkonce.tb.*)
 *(.tcommon)

.preinit_array  0x0000000000024dc0        0x0
                0x0000000000024dc0                PROVIDE (__preinit_array_start, .)
 *(.preinit_array)
                0x0000000000024dc0                PROVIDE (__preinit_array_end, .)

.init_array     0x0000000000024dc0        0x0
                0x0000000000024dc0                PROVIDE (__init_array_start, .)
 *(SORT(.init_array.*) SORT(.ctors.*))
 *(.init_array EXCLUDE_FILE(*crtend?.o *crtend.o *crtbegin?.o *crtbegin.o) .ctors)
                0x0000000000024dc0                PROVIDE (__init_array_end, .)

.fini_array     0x0000000000024dc0        0x0
                0x0000000000024dc0                PROVIDE (__fini_array_start, .)
 *(SORT(.fini_array.*) SORT(.dtors.*))
 *(.fini_array EXCLUDE_FILE(*crtend?.o *crtend.o *crtbegin?.o *crtbegin.o) .dtors)
                0x0000000000024dc0                PROVIDE (__fini_array_end, .)

.ctors
 *crtbegin.o(.ctors)
 *crtbegin?.o(.ctors)
 *(EXCLUDE_FILE(*crtend?.o *crtend.o) .ctors)
 *(SORT(.ctors.*))
 *(.ctors)

.dtors
 *crtbegin.o(.dtors)
 *crtbegin?.o(.dtors)
 *(EXCLUDE_FILE(*crtend?.o *crtend.o) .dtors)
 *(SORT(.dtors.*))
 *(.dtors)

.jcr
 *(.jcr)

.data.rel.ro
 *(.data.rel.ro.local* .gnu.linkonce.d.rel.ro.local.*)
 *(.data.rel.ro .data.rel.ro.* .gnu.linkonce.d.rel.ro.*)

.dynamic
 *(.dynamic)

.got
 *(.got)
 *(.igot)
                0x0000000000024dc0                . = DATA_SEGMENT_RELRO_END (., (SIZEOF (.got.plt) >= 0xc)?0xc:0x0)

.got.plt        0x0000000000024dc0        0x0
 *(.got.plt)
 *(.igot.plt)
 .igot.plt      0x0000000000000000        0x0 kernel/kernel.o

.data           0x0000000000024dc0     0x1190
 *(.data .data.* .gnu.linkonce.d.*)
 .data          0x0000000000024dc0     0x1074 kernel/kernel.o
                0x0000000000024dc0                GDT
                0x00000000000255c6                IDT
                0x0000000000025dcc                TSS
 .data          0x0000000000025e34        0x0 kernel/start.o
 .data          0x0000000000025e34        0x0 kernel/main.o
 .data          0x0000000000025e34        0x0 kernel/protect.o
 .data          0x0000000000025e34        0x0 kernel/clock.o
 *fill*         0x0000000000025e34        0xc 
 .data          0x0000000000025e40       0xac kernel/proc.o
                0x0000000000025e40                task_table
                0x0000000000025ec0                syscall_table
 .data          0x0000000000025eec        0x0 kernel/irq.o
 .data          0x0000000000025eec        0x0 kernel/exception.o
 .data          0x0000000000025eec        0x0 kernel/test.o
 *fill*         0x0000000000025eec       0x14 
 .data          0x0000000000025f00       0x45 driver/keyboard.o
                0x0000000000025f00                keymap
 .data          0x0000000000025f45        0x0 driver/tty.o
 .data          0x0000000000025f45        0x0 driver/hd.o
 .data          0x0000000000025f45        0x0 driver/console.o
 *fill*         0x0000000000025f45        0x3 
 .data          0x0000000000025f48        0x8 lib/klib.o
                0x0000000000025f48                print_pos
                0x0000000000025f4c                main_print_pos
 .data          0x0000000000025f50        0x0 lib/string.o
 .data          0x0000000000025f50        0x0 lib/printf.o
 .data          0x0000000000025f50        0x0 lib/vsprintf.o
 .data          0x0000000000025f50        0x0 lib/io.o
 .data          0x0000000000025f50        0x0 fs/main.o
 .data          0x0000000000025f50        0x0 fs/open.o
 .data          0x0000000000025f50        0x0 fs/misc.o
 .data          0x0000000000025f50        0x0 fs/close.o
 .data          0x0000000000025f50        0x0 fs/rdwt.o
 .data          0x0000000000025f50        0x0 fs/unlink.o
 .data          0x0000000000025f50        0x0 mm/main.o
 .data          0x0000000000025f50        0x0 mm/vmalloc.o
 .data          0x0000000000025f50        0x0 mm/vmfree.o
 .data          0x0000000000025f50        0x0 mm/misc.o
 .data          0x0000000000025f50        0x0 exe/main.o
 .data          0x0000000000025f50        0x0 exe/fork.o

.data1
 *(.data1)
                0x0000000000025f50                _edata = .
                0x0000000000025f50                PROVIDE (edata, .)
                0x0000000000025f50                . = .
                0x0000000000025f50                __bss_start = .

.bss            0x0000000000025f60    0x57f2c
 *(.dynbss)
 *(.bss .bss.* .gnu.linkonce.b.*)
 .bss           0x0000000000025f60      0x800 kernel/kernel.o
 .bss           0x0000000000026760        0x0 kernel/start.o
 .bss           0x0000000000026760        0x0 kernel/main.o
 .bss           0x0000000000026760        0x0 kernel/protect.o
 .bss           0x0000000000026760        0x0 kernel/clock.o
 .bss           0x0000000000026760        0x0 kernel/proc.o
 .bss           0x0000000000026760        0x0 kernel/irq.o
 .bss           0x0000000000026760        0x0 kernel/exception.o
 .bss           0x0000000000026760        0x0 kernel/test.o
 .bss           0x0000000000026760        0x0 driver/keyboard.o
 .bss           0x0000000000026760        0x0 driver/tty.o
 .bss           0x0000000000026760        0x0 driver/hd.o
 .bss           0x0000000000026760        0x0 driver/console.o
 .bss           0x0000000000026760        0x0 lib/string.o
 .bss           0x0000000000026760        0x0 lib/printf.o
 .bss           0x0000000000026760        0x0 lib/vsprintf.o
 .bss           0x0000000000026760        0x0 lib/io.o
 .bss           0x0000000000026760        0x0 fs/main.o
 .bss           0x0000000000026760        0x0 fs/open.o
 .bss           0x0000000000026760        0x0 fs/misc.o
 .bss           0x0000000000026760        0x0 fs/close.o
 .bss           0x0000000000026760        0x0 fs/rdwt.o
 .bss           0x0000000000026760        0x0 fs/unlink.o
 .bss           0x0000000000026760        0x0 mm/main.o
 .bss           0x0000000000026760        0x0 mm/vmalloc.o
 .bss           0x0000000000026760        0x0 mm/vmfree.o
 .bss           0x0000000000026760        0x0 mm/misc.o
 .bss           0x0000000000026760        0x0 exe/main.o
 .bss           0x0000000000026760        0x0 exe/fork.o
 *(COMMON)
 COMMON         0x0000000000026760        0xc kernel/start.o
                0x0000000000026760                nr_current_console
                0x0000000000026764                p_current_proc
                0x0000000000026768                ticks
 COMMON         0x000000000002676c        0x4 kernel/main.o
                0x000000000002676c                re_enter
 *fill*         0x0000000000026770       0x10 
 COMMON         0x0000000000026780    0x1cd40 kernel/proc.o
                0x0000000000026780                task_stack_mm
                0x0000000000028f80                task_stack_hd
                0x000000000002b780                task_stack_init
                0x000000000002df80                task_stack_c
                0x0000000000030780                task_stack_b
                0x0000000000032f80                task_stack_exe
                0x0000000000035780                task_stack_d
                0x0000000000037f80                task_stack_tty
                0x000000000003a780                task_stack_fs
                0x000000000003cf80                task_stack_e
                0x000000000003f780                proc_table
                0x0000000000040cc0                task_stack_a
 COMMON         0x00000000000434c0       0x40 kernel/irq.o
                0x00000000000434c0                irq_table
 COMMON         0x0000000000043500       0x50 kernel/exception.o
                0x0000000000043500                exception_table
 *fill*         0x0000000000043550       0x10 
 COMMON         0x0000000000043560      0x1f0 kernel/test.o
                0x0000000000043560                mutex
                0x00000000000435c0                forks
 COMMON         0x0000000000043750        0x4 driver/keyboard.o
                0x0000000000043750                p_current_tty
 *fill*         0x0000000000043754        0xc 
 COMMON         0x0000000000043760      0x250 driver/tty.o
                0x0000000000043760                tty_table
 *fill*         0x00000000000439b0       0x10 
 COMMON         0x00000000000439c0      0x440 driver/hd.o
                0x00000000000439c0                hd_msg
                0x0000000000043a00                hd_buf
 COMMON         0x0000000000043e00       0x40 driver/console.o
                0x0000000000043e00                console_table
 COMMON         0x0000000000043e40    0x39fc0 fs/main.o
                0x0000000000043e40                inode_table
                0x000000000005be40                dirent_buf
                0x000000000005c040                inode_buf
                0x000000000006c040                fs_msg
                0x000000000006c080                f_desc_table
                0x000000000006c200                fsbuf
                0x000000000007d200                smap_buf
                0x000000000007dc00                imap_buf
 COMMON         0x000000000007de00       0x4c mm/main.o
                0x000000000007de00                pf_list
                0x000000000007de04                mi
                0x000000000007de20                mm_msg
 *fill*         0x000000000007de4c       0x14 
 COMMON         0x000000000007de60       0x2c exe/main.o
                0x000000000007de60                exe_msg
                0x000000000007de8c                . = ALIGN ((. != 0x0)?0x4:0x1)
                0x000000000007de8c                . = ALIGN (0x4)
                0x000000000007de8c                . = SEGMENT_START ("ldata-segment", .)
                0x000000000007de8c                . = ALIGN (0x4)
                0x000000000007de8c                _end = .
                0x000000000007de8c                PROVIDE (end, .)
                0x000000000007de8c                . = DATA_SEGMENT_END (.)

.stab
 *(.stab)

.stabstr
 *(.stabstr)

.stab.excl
 *(.stab.excl)

.stab.exclstr
 *(.stab.exclstr)

.stab.index
 *(.stab.index)

.stab.indexstr
 *(.stab.indexstr)

.comment        0x0000000000000000       0x2b
 *(.comment)
 .comment       0x0000000000000000       0x2b kernel/start.o
                                         0x2c (size before relaxing)
 .comment       0x0000000000000000       0x2c kernel/main.o
 .comment       0x0000000000000000       0x2c kernel/protect.o
 .comment       0x0000000000000000       0x2c kernel/clock.o
 .comment       0x0000000000000000       0x2c kernel/proc.o
 .comment       0x0000000000000000       0x2c kernel/irq.o
 .comment       0x0000000000000000       0x2c kernel/exception.o
 .comment       0x0000000000000000       0x2c kernel/test.o
 .comment       0x0000000000000000       0x2c driver/keyboard.o
 .comment       0x0000000000000000       0x2c driver/tty.o
 .comment       0x0000000000000000       0x2c driver/hd.o
 .comment       0x0000000000000000       0x2c driver/console.o
 .comment       0x0000000000000000       0x2c lib/string.o
 .comment       0x0000000000000000       0x2c lib/printf.o
 .comment       0x0000000000000000       0x2c lib/vsprintf.o
 .comment       0x0000000000000000       0x2c lib/io.o
 .comment       0x0000000000000000       0x2c fs/main.o
 .comment       0x0000000000000000       0x2c fs/open.o
 .comment       0x0000000000000000       0x2c fs/misc.o
 .comment       0x0000000000000000       0x2c fs/close.o
 .comment       0x0000000000000000       0x2c fs/rdwt.o
 .comment       0x0000000000000000       0x2c fs/unlink.o
 .comment       0x0000000000000000       0x2c mm/main.o
 .comment       0x0000000000000000       0x2c mm/vmalloc.o
 .comment       0x0000000000000000       0x2c mm/vmfree.o
 .comment       0x0000000000000000       0x2c mm/misc.o
 .comment       0x0000000000000000       0x2c exe/main.o
 .comment       0x0000000000000000       0x2c exe/fork.o

.debug
 *(.debug)

.line
 *(.line)

.debug_srcinfo
 *(.debug_srcinfo)

.debug_sfnames
 *(.debug_sfnames)

.debug_aranges
 *(.debug_aranges)

.debug_pubnames
 *(.debug_pubnames)

.debug_info
 *(.debug_info .gnu.linkonce.wi.*)

.debug_abbrev
 *(.debug_abbrev)

.debug_line
 *(.debug_line .debug_line.* .debug_line_end)

.debug_frame
 *(.debug_frame)

.debug_str
 *(.debug_str)

.debug_loc
 *(.debug_loc)

.debug_macinfo
 *(.debug_macinfo)

.debug_weaknames
 *(.debug_weaknames)

.debug_funcnames
 *(.debug_funcnames)

.debug_typenames
 *(.debug_typenames)

.debug_varnames
 *(.debug_varnames)

.debug_pubtypes
 *(.debug_pubtypes)

.debug_ranges
 *(.debug_ranges)

.debug_macro
 *(.debug_macro)

.gnu.attributes
 *(.gnu.attributes)

/DISCARD/
 *(.note.GNU-stack)
 *(.gnu_debuglink)
 *(.gnu.lto_*)
OUTPUT(kernel.bin elf32-i386)
