
Allocating common symbols
Common symbol       size              file

task_stack_mm       0x2800            kernel/proc.o
pf_list             0x4               mm/main.o
task_stack_hd       0x2800            kernel/proc.o
inode_table         0x18000           fs/main.o
exe_msg             0x2c              exe/main.o
task_stack_init     0x2800            kernel/proc.o
dirent_buf          0x200             fs/main.o
task_stack_c        0x2800            kernel/proc.o
task_stack_b        0x2800            kernel/proc.o
inode_buf           0x10000           fs/main.o
tty_table           0x250             driver/tty.o
fs_msg              0x2c              fs/main.o
nr_current_console  0x4               kernel/start.o
task_stack_exe      0x2800            kernel/proc.o
f_desc_table        0x180             fs/main.o
fsbuf               0x11000           fs/main.o
hd_msg              0x2c              driver/hd.o
sem_mutex           0x50              kernel/main.o
p_current_proc      0x4               kernel/start.o
mi                  0x4               mm/main.o
mm_msg              0x2c              mm/main.o
task_stack_tty      0x2800            kernel/proc.o
p_current_tty       0x4               driver/keyboard.o
ticks               0x4               kernel/start.o
array               0x28              kernel/main.o
exception_table     0x50              kernel/exception.o
task_stack_fs       0x2800            kernel/proc.o
console_table       0x40              driver/console.o
irq_table           0x40              kernel/irq.o
hd_buf              0x400             driver/hd.o
proc_table          0x1500            kernel/proc.o
task_stack_a        0x2800            kernel/proc.o
re_enter            0x4               kernel/main.o
smap_buf            0xa00             fs/main.o
imap_buf            0x200             fs/main.o

Discarded input sections

 .note.GNU-stack
                0x0000000000000000        0x0 kernel/start.o
 .note.GNU-stack
                0x0000000000000000        0x0 kernel/main.o
 .note.GNU-stack
                0x0000000000000000        0x0 kernel/protect.o
 .note.GNU-stack
                0x0000000000000000        0x0 kernel/clock.o
 .note.GNU-stack
                0x0000000000000000        0x0 kernel/proc.o
 .note.GNU-stack
                0x0000000000000000        0x0 kernel/irq.o
 .note.GNU-stack
                0x0000000000000000        0x0 kernel/exception.o
 .note.GNU-stack
                0x0000000000000000        0x0 driver/keyboard.o
 .note.GNU-stack
                0x0000000000000000        0x0 driver/tty.o
 .note.GNU-stack
                0x0000000000000000        0x0 driver/hd.o
 .note.GNU-stack
                0x0000000000000000        0x0 driver/console.o
 .note.GNU-stack
                0x0000000000000000        0x0 lib/printf.o
 .note.GNU-stack
                0x0000000000000000        0x0 lib/vsprintf.o
 .note.GNU-stack
                0x0000000000000000        0x0 lib/io.o
 .note.GNU-stack
                0x0000000000000000        0x0 fs/main.o
 .note.GNU-stack
                0x0000000000000000        0x0 fs/open.o
 .note.GNU-stack
                0x0000000000000000        0x0 fs/misc.o
 .note.GNU-stack
                0x0000000000000000        0x0 fs/close.o
 .note.GNU-stack
                0x0000000000000000        0x0 fs/rdwt.o
 .note.GNU-stack
                0x0000000000000000        0x0 fs/unlink.o
 .note.GNU-stack
                0x0000000000000000        0x0 mm/main.o
 .note.GNU-stack
                0x0000000000000000        0x0 mm/vmalloc.o
 .note.GNU-stack
                0x0000000000000000        0x0 mm/vmfree.o
 .note.GNU-stack
                0x0000000000000000        0x0 mm/misc.o
 .note.GNU-stack
                0x0000000000000000        0x0 exe/main.o
 .note.GNU-stack
                0x0000000000000000        0x0 exe/fork.o

Memory Configuration

Name             Origin             Length             Attributes
*default*        0x0000000000000000 0xffffffffffffffff

Linker script and memory map

Address of section .text set to 0x1b400
LOAD kernel/kernel.o
LOAD kernel/start.o
LOAD kernel/8259A.o
LOAD kernel/main.o
LOAD kernel/protect.o
LOAD kernel/clock.o
LOAD kernel/syscall.o
LOAD kernel/proc.o
LOAD kernel/irq.o
LOAD kernel/exception.o
LOAD driver/keyboard.o
LOAD driver/tty.o
LOAD driver/hd.o
LOAD driver/console.o
LOAD lib/klib.o
LOAD lib/string.o
LOAD lib/printf.o
LOAD lib/vsprintf.o
LOAD lib/io.o
LOAD fs/main.o
LOAD fs/open.o
LOAD fs/misc.o
LOAD fs/close.o
LOAD fs/rdwt.o
LOAD fs/unlink.o
LOAD mm/main.o
LOAD mm/vmalloc.o
LOAD mm/vmfree.o
LOAD mm/misc.o
LOAD exe/main.o
LOAD exe/fork.o
                0x0000000008048000                PROVIDE (__executable_start, 0x8048000)
                0x0000000008048094                . = (0x8048000 + SIZEOF_HEADERS)

.interp
 *(.interp)

.note.gnu.build-id
 *(.note.gnu.build-id)

.hash
 *(.hash)

.gnu.hash
 *(.gnu.hash)

.dynsym
 *(.dynsym)

.dynstr
 *(.dynstr)

.gnu.version
 *(.gnu.version)

.gnu.version_d
 *(.gnu.version_d)

.gnu.version_r
 *(.gnu.version_r)

.rel.dyn        0x0000000008048094        0x0
 *(.rel.init)
 *(.rel.text .rel.text.* .rel.gnu.linkonce.t.*)
 .rel.text      0x0000000000000000        0x0 kernel/kernel.o
 *(.rel.fini)
 *(.rel.rodata .rel.rodata.* .rel.gnu.linkonce.r.*)
 *(.rel.data.rel.ro .rel.data.rel.ro.* .rel.gnu.linkonce.d.rel.ro.*)
 *(.rel.data .rel.data.* .rel.gnu.linkonce.d.*)
 .rel.data      0x0000000000000000        0x0 kernel/kernel.o
 *(.rel.tdata .rel.tdata.* .rel.gnu.linkonce.td.*)
 *(.rel.tbss .rel.tbss.* .rel.gnu.linkonce.tb.*)
 *(.rel.ctors)
 *(.rel.dtors)
 *(.rel.got)
 *(.rel.bss .rel.bss.* .rel.gnu.linkonce.b.*)
 *(.rel.ifunc)

.rel.plt        0x0000000008048094        0x0
 *(.rel.plt)
                0x0000000008048094                PROVIDE (__rel_iplt_start, .)
 *(.rel.iplt)
 .rel.iplt      0x0000000000000000        0x0 kernel/kernel.o
                0x0000000008048094                PROVIDE (__rel_iplt_end, .)

.init
 *(SORT(.init))

.plt            0x00000000080480a0        0x0
 *(.plt)
 *(.iplt)
 .iplt          0x0000000000000000        0x0 kernel/kernel.o

.text           0x000000000001b400     0x693b
 *(.text.unlikely .text.*_unlikely .text.unlikely.*)
 *(.text.exit .text.exit.*)
 *(.text.startup .text.startup.*)
 *(.text.hot .text.hot.*)
 *(.text .stub .text.* .gnu.linkonce.t.*)
 .text          0x000000000001b400      0xbb1 kernel/kernel.o
                0x000000000001b400                _start
                0x000000000001b475                divide_error
                0x000000000001b4c2                debug_exception
                0x000000000001b50f                nmi
                0x000000000001b55c                breakpoint
                0x000000000001b5a9                overflow
                0x000000000001b5f6                out_of_bound
                0x000000000001b643                invalid_opcode
                0x000000000001b690                no_math_coprocessor
                0x000000000001b6dd                double_fault
                0x000000000001b728                coprocessor_error
                0x000000000001b775                invalid_tss
                0x000000000001b7c0                not_present
                0x000000000001b80b                stack_error
                0x000000000001b856                general_protect
                0x000000000001b8a1                page_fault
                0x000000000001b8ec                mcu_fault
                0x000000000001b939                align_check
                0x000000000001b984                mechine
                0x000000000001b9d1                simd_error
                0x000000000001ba1e                hwint_0
                0x000000000001ba6e                hwint_1
                0x000000000001babe                hwint_2
                0x000000000001bb0e                hwint_3
                0x000000000001bb5e                hwint_4
                0x000000000001bbae                hwint_5
                0x000000000001bbfe                hwint_6
                0x000000000001bc4e                hwint_7
                0x000000000001bc9e                hwint_8
                0x000000000001bcf0                hwint_9
                0x000000000001bd42                hwint_10
                0x000000000001bd94                hwint_11
                0x000000000001bde6                hwint_12
                0x000000000001be38                hwint_13
                0x000000000001be8a                hwint_14
                0x000000000001bedc                hwint_15
                0x000000000001bf2e                sys_call
                0x000000000001bf85                proc_begin
 .text          0x000000000001bfb1      0x6ce kernel/start.o
                0x000000000001bfb1                cstart
 *fill*         0x000000000001c67f        0x1 
 .text          0x000000000001c680       0x5c kernel/8259A.o
                0x000000000001c680                init_8259A
 .text          0x000000000001c6dc      0x61e kernel/main.o
                0x000000000001c6dc                kernel_main
                0x000000000001c970                sleep
                0x000000000001c9a9                Init
                0x000000000001ca1f                TaskA
                0x000000000001caf2                TaskB
                0x000000000001cbc5                TaskC
 .text          0x000000000001ccfa      0x204 kernel/protect.o
                0x000000000001ccfa                init_desc
                0x000000000001cd5b                init_idt_desc
                0x000000000001cdbc                init_prot
                0x000000000001ce41                get_base
                0x000000000001ce8f                get_limit
                0x000000000001cec4                granularity
 .text          0x000000000001cefe      0x1e0 kernel/clock.o
                0x000000000001cefe                disp_time
                0x000000000001d03f                clock_handler
                0x000000000001d06c                init_clock
 *fill*         0x000000000001d0de        0x2 
 .text          0x000000000001d0e0       0x80 kernel/syscall.o
                0x000000000001d0e0                get_ticks
                0x000000000001d0e8                sendrecv
                0x000000000001d0fc                getpid
                0x000000000001d104                getppid
                0x000000000001d10c                printk
                0x000000000001d118                sem_init
                0x000000000001d128                sem_post
                0x000000000001d134                sem_wait
                0x000000000001d140                getcr3
                0x000000000001d148                write_process_memory
 .text          0x000000000001d160      0xb60 kernel/proc.o
                0x000000000001d160                sys_get_ticks
                0x000000000001d16a                sys_sendrecv
                0x000000000001d218                sys_getpid
                0x000000000001d225                sys_getppid
                0x000000000001d232                sys_printk
                0x000000000001d265                sys_sem_init
                0x000000000001d2a2                sys_sem_post
                0x000000000001d309                sys_sem_wait
                0x000000000001d37b                sys_write_process_memory
                0x000000000001d3c8                schedule
                0x000000000001d441                inform_int
                0x000000000001d4e3                interrupt_wait
                0x000000000001d506                init_send_queue
                0x000000000001d53c                va2la
                0x000000000001d569                va2pa
                0x000000000001d5d4                dump_msg
                0x000000000001d605                failure
                0x000000000001d678                panic
                0x000000000001d6db                msg_send
                0x000000000001d86b                msg_recv
                0x000000000001dae1                block
                0x000000000001db1c                unblock
                0x000000000001db21                deadlock
                0x000000000001db9a                enqueue
                0x000000000001dc20                dequeue
                0x000000000001dcae                empty
 .text          0x000000000001dcc0      0x128 kernel/irq.o
                0x000000000001dcc0                put_irq_handler
                0x000000000001dce0                enable_irq
                0x000000000001dd66                disable_irq
 .text          0x000000000001dde8      0x296 kernel/exception.o
                0x000000000001dde8                put_excep_handler
                0x000000000001ddfa                do_invalid_opcode
                0x000000000001de43                do_general_protection
                0x000000000001de8c                do_page_fault
 .text          0x000000000001e07e      0x11b driver/keyboard.o
                0x000000000001e07e                keyboard_handler
                0x000000000001e114                keyboard_read
                0x000000000001e167                init_keyboard
 .text          0x000000000001e199      0x64b driver/tty.o
                0x000000000001e199                TaskTTY
                0x000000000001e212                init_tty
                0x000000000001e25d                tty_printstr
                0x000000000001e2a5                tty_backspace
                0x000000000001e359                tty_put_text_ch
                0x000000000001e38c                disp_tips
                0x000000000001e3ea                reset_kb_buf
                0x000000000001e459                parse_input
                0x000000000001e4f1                tty_printchar
                0x000000000001e546                init_console
                0x000000000001e5e5                is_current_console
                0x000000000001e615                tty_dev_read
                0x000000000001e644                tty_dev_write
 .text          0x000000000001e7e4      0x619 driver/hd.o
                0x000000000001e7e4                TaskHD
                0x000000000001e889                init_hd
                0x000000000001e923                hd_open
                0x000000000001e94d                hd_read
                0x000000000001e98f                hd_write
                0x000000000001e9d1                do_hd_open
                0x000000000001ea0b                do_hd_read
                0x000000000001ea9a                do_hd_write
                0x000000000001eb29                hd_handler
                0x000000000001eb4c                hd_cmd_out
                0x000000000001ec3b                get_hd_info
                0x000000000001ec79                disp_hd_info
 .text          0x000000000001edfd       0xb2 driver/console.o
                0x000000000001edfd                select_console
                0x000000000001ee46                scroll_screen
 *fill*         0x000000000001eeaf        0x1 
 .text          0x000000000001eeb0      0x20a lib/klib.o
                0x000000000001eeb0                memcpy
                0x000000000001eed3                memset
                0x000000000001eeee                memcmp
                0x000000000001ef17                println
                0x000000000001ef56                print
                0x000000000001ef91                printmsg
                0x000000000001efdb                printchar
                0x000000000001f009                backspace
                0x000000000001f021                itoa
                0x000000000001f060                in_byte
                0x000000000001f06a                out_byte
                0x000000000001f076                port_read
                0x000000000001f08e                port_write
                0x000000000001f0a6                disable_int
                0x000000000001f0a8                enable_int
                0x000000000001f0aa                getcr2
                0x000000000001f0ae                load_cr3
                0x000000000001f0b6                sys_getcr3
 *fill*         0x000000000001f0ba        0x6 
 .text          0x000000000001f0c0       0x50 lib/string.o
                0x000000000001f0c0                strlen
                0x000000000001f0d5                strcpy
                0x000000000001f0ee                strncmp
 .text          0x000000000001f110       0x85 lib/printf.o
                0x000000000001f110                printf
                0x000000000001f16b                sprintf
 .text          0x000000000001f195      0x296 lib/vsprintf.o
                0x000000000001f195                pow
                0x000000000001f1ce                tohex
                0x000000000001f277                vsprintf
 .text          0x000000000001f42b      0x123 lib/io.o
                0x000000000001f42b                set_cursor_pos
                0x000000000001f494                set_video_start
                0x000000000001f4fd                init_video
 .text          0x000000000001f54e      0x460 fs/main.o
                0x000000000001f54e                TaskFS
                0x000000000001f60c                init_fs
                0x000000000001f686                mkfs
 .text          0x000000000001f9ae      0x827 fs/open.o
                0x000000000001f9ae                open
                0x000000000001f9f5                do_open
                0x000000000001fc9d                create_file
                0x000000000001fd07                alloc_imap_bit
                0x000000000001fe45                alloc_smap_bits
                0x000000000001ffaa                alloc_inode
                0x00000000000200e4                alloc_dir_entry
 .text          0x00000000000201d5      0x137 fs/misc.o
                0x00000000000201d5                find_file
                0x000000000002025e                get_inode
 .text          0x000000000002030c      0x117 fs/close.o
                0x000000000002030c                close
                0x000000000002033f                do_close
                0x00000000000203b4                clear_inode
 .text          0x0000000000020423      0x3d9 fs/rdwt.o
                0x0000000000020423                write
                0x0000000000020462                read
                0x00000000000204a1                do_rdwt
 .text          0x00000000000207fc      0x4e6 fs/unlink.o
                0x00000000000207fc                unlink
                0x000000000002083d                do_unlink
 .text          0x0000000000020ce2      0x38c mm/main.o
                0x0000000000020ce2                TaskMM
                0x0000000000020d8c                init_mm
 .text          0x000000000002106e      0x22f mm/vmalloc.o
                0x000000000002106e                vm_alloc
                0x00000000000210c3                vm_alloc_ex
                0x0000000000021120                do_vm_alloc
 .text          0x000000000002129d      0x102 mm/vmfree.o
                0x000000000002129d                vm_free
                0x00000000000212e9                do_vm_free
 .text          0x000000000002139f      0x5dd mm/misc.o
                0x000000000002139f                alloc_frame
                0x0000000000021407                find_pf_list_item
                0x000000000002143f                alloc_page
                0x00000000000214d5                check_free_page
                0x0000000000021518                check_free_frame
                0x0000000000021570                relocate_pde
                0x00000000000215db                map_frame
                0x00000000000217c3                unmap_frame
 .text          0x000000000002197c       0x86 exe/main.o
                0x000000000002197c                TaskEXE
 .text          0x0000000000021a02      0x339 exe/fork.o
                0x0000000000021a02                fork
                0x0000000000021a5a                do_fork
                0x0000000000021d11                alloc_mem
 *(.gnu.warning)

.fini
 *(SORT(.fini))
                0x0000000000021d3b                PROVIDE (__etext, .)
                0x0000000000021d3b                PROVIDE (_etext, .)
                0x0000000000021d3b                PROVIDE (etext, .)

.rodata         0x0000000000021d3c      0xbfb
 *(.rodata .rodata.* .gnu.linkonce.r.*)
 .rodata        0x0000000000021d3c       0x25 kernel/start.o
 *fill*         0x0000000000021d61        0x3 
 .rodata        0x0000000000021d64      0x1e2 kernel/main.o
 .rodata        0x0000000000021f46       0x1e kernel/clock.o
 .rodata        0x0000000000021f64       0xd5 kernel/proc.o
 *fill*         0x0000000000022039        0x3 
 .rodata        0x000000000002203c       0xdd kernel/exception.o
 .rodata        0x0000000000022119        0xd driver/tty.o
 *fill*         0x0000000000022126        0x2 
 .rodata        0x0000000000022128      0x15f driver/hd.o
 *fill*         0x0000000000022287        0x1 
 .rodata        0x0000000000022288      0x10b fs/main.o
 *fill*         0x0000000000022393        0x1 
 .rodata        0x0000000000022394      0x16c fs/open.o
 .rodata        0x0000000000022500       0x2a fs/misc.o
 .rodata        0x000000000002252a       0x1e fs/close.o
 .rodata        0x0000000000022548       0x17 fs/rdwt.o
 *fill*         0x000000000002255f        0x1 
 .rodata        0x0000000000022560      0x16b fs/unlink.o
 *fill*         0x00000000000226cb        0x1 
 .rodata        0x00000000000226cc       0x4e mm/main.o
 *fill*         0x000000000002271a        0x2 
 .rodata        0x000000000002271c       0x9b mm/vmalloc.o
 .rodata        0x00000000000227b7       0x31 mm/vmfree.o
 .rodata        0x00000000000227e8       0x34 mm/misc.o
 .rodata        0x000000000002281c       0x50 exe/main.o
 .rodata        0x000000000002286c       0xcb exe/fork.o

.rodata1
 *(.rodata1)

.eh_frame_hdr
 *(.eh_frame_hdr)

.eh_frame       0x0000000000022938     0x1018
 *(.eh_frame)
 .eh_frame      0x0000000000022938       0x38 kernel/start.o
 .eh_frame      0x0000000000022970       0xac kernel/main.o
                                         0xc4 (size before relaxing)
 .eh_frame      0x0000000000022a1c       0xc0 kernel/protect.o
                                         0xd8 (size before relaxing)
 .eh_frame      0x0000000000022adc       0x70 kernel/clock.o
                                         0x88 (size before relaxing)
 .eh_frame      0x0000000000022b4c      0x350 kernel/proc.o
                                        0x368 (size before relaxing)
 .eh_frame      0x0000000000022e9c       0x68 kernel/irq.o
                                         0x80 (size before relaxing)
 .eh_frame      0x0000000000022f04       0x78 kernel/exception.o
                                         0x90 (size before relaxing)
 .eh_frame      0x0000000000022f7c       0x60 driver/keyboard.o
                                         0x78 (size before relaxing)
 .eh_frame      0x0000000000022fdc      0x1a0 driver/tty.o
                                        0x1b8 (size before relaxing)
 .eh_frame      0x000000000002317c      0x18c driver/hd.o
                                        0x1a4 (size before relaxing)
 .eh_frame      0x0000000000023308       0x40 driver/console.o
                                         0x58 (size before relaxing)
 .eh_frame      0x0000000000023348       0x48 lib/printf.o
                                         0x60 (size before relaxing)
 .eh_frame      0x0000000000023390       0x64 lib/vsprintf.o
                                         0x7c (size before relaxing)
 .eh_frame      0x00000000000233f4       0x60 lib/io.o
                                         0x78 (size before relaxing)
 .eh_frame      0x0000000000023454       0x64 fs/main.o
                                         0x7c (size before relaxing)
 .eh_frame      0x00000000000234b8       0xf8 fs/open.o
                                        0x110 (size before relaxing)
 .eh_frame      0x00000000000235b0       0x40 fs/misc.o
                                         0x58 (size before relaxing)
 .eh_frame      0x00000000000235f0       0x60 fs/close.o
                                         0x78 (size before relaxing)
 .eh_frame      0x0000000000023650       0x60 fs/rdwt.o
                                         0x78 (size before relaxing)
 .eh_frame      0x00000000000236b0       0x48 fs/unlink.o
                                         0x60 (size before relaxing)
 .eh_frame      0x00000000000236f8       0x3c mm/main.o
                                         0x54 (size before relaxing)
 .eh_frame      0x0000000000023734       0x60 mm/vmalloc.o
                                         0x78 (size before relaxing)
 .eh_frame      0x0000000000023794       0x40 mm/vmfree.o
                                         0x58 (size before relaxing)
 .eh_frame      0x00000000000237d4      0x100 mm/misc.o
                                        0x118 (size before relaxing)
 .eh_frame      0x00000000000238d4       0x1c exe/main.o
                                         0x34 (size before relaxing)
 .eh_frame      0x00000000000238f0       0x60 exe/fork.o
                                         0x78 (size before relaxing)

.gcc_except_table
 *(.gcc_except_table .gcc_except_table.*)

.exception_ranges
 *(.exception_ranges .exception_ranges*)
                0x0000000000023950                . = (ALIGN (0x1000) - ((0x1000 - .) & 0xfff))
                0x0000000000024000                . = DATA_SEGMENT_ALIGN (0x1000, 0x1000)

.eh_frame
 *(.eh_frame)

.gcc_except_table
 *(.gcc_except_table .gcc_except_table.*)

.exception_ranges
 *(.exception_ranges .exception_ranges*)

.tdata
 *(.tdata .tdata.* .gnu.linkonce.td.*)

.tbss
 *(.tbss .tbss.* .gnu.linkonce.tb.*)
 *(.tcommon)

.preinit_array  0x0000000000024000        0x0
                0x0000000000024000                PROVIDE (__preinit_array_start, .)
 *(.preinit_array)
                0x0000000000024000                PROVIDE (__preinit_array_end, .)

.init_array     0x0000000000024000        0x0
                0x0000000000024000                PROVIDE (__init_array_start, .)
 *(SORT(.init_array.*) SORT(.ctors.*))
 *(.init_array EXCLUDE_FILE(*crtend?.o *crtend.o *crtbegin?.o *crtbegin.o) .ctors)
                0x0000000000024000                PROVIDE (__init_array_end, .)

.fini_array     0x0000000000024000        0x0
                0x0000000000024000                PROVIDE (__fini_array_start, .)
 *(SORT(.fini_array.*) SORT(.dtors.*))
 *(.fini_array EXCLUDE_FILE(*crtend?.o *crtend.o *crtbegin?.o *crtbegin.o) .dtors)
                0x0000000000024000                PROVIDE (__fini_array_end, .)

.ctors
 *crtbegin.o(.ctors)
 *crtbegin?.o(.ctors)
 *(EXCLUDE_FILE(*crtend?.o *crtend.o) .ctors)
 *(SORT(.ctors.*))
 *(.ctors)

.dtors
 *crtbegin.o(.dtors)
 *crtbegin?.o(.dtors)
 *(EXCLUDE_FILE(*crtend?.o *crtend.o) .dtors)
 *(SORT(.dtors.*))
 *(.dtors)

.jcr
 *(.jcr)

.data.rel.ro
 *(.data.rel.ro.local* .gnu.linkonce.d.rel.ro.local.*)
 *(.data.rel.ro .data.rel.ro.* .gnu.linkonce.d.rel.ro.*)

.dynamic
 *(.dynamic)

.got
 *(.got)
 *(.igot)
                0x0000000000024000                . = DATA_SEGMENT_RELRO_END (., (SIZEOF (.got.plt) >= 0xc)?0xc:0x0)

.got.plt        0x0000000000024000        0x0
 *(.got.plt)
 *(.igot.plt)
 .igot.plt      0x0000000000000000        0x0 kernel/kernel.o

.data           0x0000000000024000     0x1190
 *(.data .data.* .gnu.linkonce.d.*)
 .data          0x0000000000024000     0x1074 kernel/kernel.o
                0x0000000000024000                GDT
                0x0000000000024806                IDT
                0x000000000002500c                TSS
 .data          0x0000000000025074        0x0 kernel/start.o
 .data          0x0000000000025074        0x0 kernel/main.o
 .data          0x0000000000025074        0x0 kernel/protect.o
 .data          0x0000000000025074        0x0 kernel/clock.o
 *fill*         0x0000000000025074        0xc 
 .data          0x0000000000025080       0xa8 kernel/proc.o
                0x0000000000025080                task_table
                0x0000000000025100                syscall_table
 .data          0x0000000000025128        0x0 kernel/irq.o
 .data          0x0000000000025128        0x0 kernel/exception.o
 *fill*         0x0000000000025128       0x18 
 .data          0x0000000000025140       0x45 driver/keyboard.o
                0x0000000000025140                keymap
 .data          0x0000000000025185        0x0 driver/tty.o
 .data          0x0000000000025185        0x0 driver/hd.o
 .data          0x0000000000025185        0x0 driver/console.o
 *fill*         0x0000000000025185        0x3 
 .data          0x0000000000025188        0x8 lib/klib.o
                0x0000000000025188                print_pos
                0x000000000002518c                main_print_pos
 .data          0x0000000000025190        0x0 lib/printf.o
 .data          0x0000000000025190        0x0 lib/vsprintf.o
 .data          0x0000000000025190        0x0 lib/io.o
 .data          0x0000000000025190        0x0 fs/main.o
 .data          0x0000000000025190        0x0 fs/open.o
 .data          0x0000000000025190        0x0 fs/misc.o
 .data          0x0000000000025190        0x0 fs/close.o
 .data          0x0000000000025190        0x0 fs/rdwt.o
 .data          0x0000000000025190        0x0 fs/unlink.o
 .data          0x0000000000025190        0x0 mm/main.o
 .data          0x0000000000025190        0x0 mm/vmalloc.o
 .data          0x0000000000025190        0x0 mm/vmfree.o
 .data          0x0000000000025190        0x0 mm/misc.o
 .data          0x0000000000025190        0x0 exe/main.o
 .data          0x0000000000025190        0x0 exe/fork.o

.data1
 *(.data1)
                0x0000000000025190                _edata = .
                0x0000000000025190                PROVIDE (edata, .)
                0x0000000000025190                . = .
                0x0000000000025190                __bss_start = .

.bss            0x00000000000251a0    0x52d8c
 *(.dynbss)
 *(.bss .bss.* .gnu.linkonce.b.*)
 .bss           0x00000000000251a0      0x800 kernel/kernel.o
 .bss           0x00000000000259a0        0x0 kernel/start.o
 .bss           0x00000000000259a0        0x0 kernel/main.o
 .bss           0x00000000000259a0        0x0 kernel/protect.o
 .bss           0x00000000000259a0        0x0 kernel/clock.o
 .bss           0x00000000000259a0        0x0 kernel/proc.o
 .bss           0x00000000000259a0        0x0 kernel/irq.o
 .bss           0x00000000000259a0        0x0 kernel/exception.o
 .bss           0x00000000000259a0        0x0 driver/keyboard.o
 .bss           0x00000000000259a0        0x0 driver/tty.o
 .bss           0x00000000000259a0        0x0 driver/hd.o
 .bss           0x00000000000259a0        0x0 driver/console.o
 .bss           0x00000000000259a0        0x0 lib/printf.o
 .bss           0x00000000000259a0        0x0 lib/vsprintf.o
 .bss           0x00000000000259a0        0x0 lib/io.o
 .bss           0x00000000000259a0        0x0 fs/main.o
 .bss           0x00000000000259a0        0x0 fs/open.o
 .bss           0x00000000000259a0        0x0 fs/misc.o
 .bss           0x00000000000259a0        0x0 fs/close.o
 .bss           0x00000000000259a0        0x0 fs/rdwt.o
 .bss           0x00000000000259a0        0x0 fs/unlink.o
 .bss           0x00000000000259a0        0x0 mm/main.o
 .bss           0x00000000000259a0        0x0 mm/vmalloc.o
 .bss           0x00000000000259a0        0x0 mm/vmfree.o
 .bss           0x00000000000259a0        0x0 mm/misc.o
 .bss           0x00000000000259a0        0x0 exe/main.o
 .bss           0x00000000000259a0        0x0 exe/fork.o
 *(COMMON)
 COMMON         0x00000000000259a0        0xc kernel/start.o
                0x00000000000259a0                nr_current_console
                0x00000000000259a4                p_current_proc
                0x00000000000259a8                ticks
 *fill*         0x00000000000259ac       0x14 
 COMMON         0x00000000000259c0       0x8c kernel/main.o
                0x00000000000259c0                sem_mutex
                0x0000000000025a20                array
                0x0000000000025a48                re_enter
 *fill*         0x0000000000025a4c       0x14 
 COMMON         0x0000000000025a60    0x17d00 kernel/proc.o
                0x0000000000025a60                task_stack_mm
                0x0000000000028260                task_stack_hd
                0x000000000002aa60                task_stack_init
                0x000000000002d260                task_stack_c
                0x000000000002fa60                task_stack_b
                0x0000000000032260                task_stack_exe
                0x0000000000034a60                task_stack_tty
                0x0000000000037260                task_stack_fs
                0x0000000000039a60                proc_table
                0x000000000003af60                task_stack_a
 COMMON         0x000000000003d760       0x40 kernel/irq.o
                0x000000000003d760                irq_table
 COMMON         0x000000000003d7a0       0x50 kernel/exception.o
                0x000000000003d7a0                exception_table
 COMMON         0x000000000003d7f0        0x4 driver/keyboard.o
                0x000000000003d7f0                p_current_tty
 *fill*         0x000000000003d7f4        0xc 
 COMMON         0x000000000003d800      0x250 driver/tty.o
                0x000000000003d800                tty_table
 *fill*         0x000000000003da50       0x10 
 COMMON         0x000000000003da60      0x440 driver/hd.o
                0x000000000003da60                hd_msg
                0x000000000003daa0                hd_buf
 COMMON         0x000000000003dea0       0x40 driver/console.o
                0x000000000003dea0                console_table
 COMMON         0x000000000003dee0    0x39fc0 fs/main.o
                0x000000000003dee0                inode_table
                0x0000000000055ee0                dirent_buf
                0x00000000000560e0                inode_buf
                0x00000000000660e0                fs_msg
                0x0000000000066120                f_desc_table
                0x00000000000662a0                fsbuf
                0x00000000000772a0                smap_buf
                0x0000000000077ca0                imap_buf
 COMMON         0x0000000000077ea0       0x4c mm/main.o
                0x0000000000077ea0                pf_list
                0x0000000000077ea4                mi
                0x0000000000077ec0                mm_msg
 *fill*         0x0000000000077eec       0x14 
 COMMON         0x0000000000077f00       0x2c exe/main.o
                0x0000000000077f00                exe_msg
                0x0000000000077f2c                . = ALIGN ((. != 0x0)?0x4:0x1)
                0x0000000000077f2c                . = ALIGN (0x4)
                0x0000000000077f2c                . = SEGMENT_START ("ldata-segment", .)
                0x0000000000077f2c                . = ALIGN (0x4)
                0x0000000000077f2c                _end = .
                0x0000000000077f2c                PROVIDE (end, .)
                0x0000000000077f2c                . = DATA_SEGMENT_END (.)

.stab
 *(.stab)

.stabstr
 *(.stabstr)

.stab.excl
 *(.stab.excl)

.stab.exclstr
 *(.stab.exclstr)

.stab.index
 *(.stab.index)

.stab.indexstr
 *(.stab.indexstr)

.comment        0x0000000000000000       0x2b
 *(.comment)
 .comment       0x0000000000000000       0x2b kernel/start.o
                                         0x2c (size before relaxing)
 .comment       0x0000000000000000       0x2c kernel/main.o
 .comment       0x0000000000000000       0x2c kernel/protect.o
 .comment       0x0000000000000000       0x2c kernel/clock.o
 .comment       0x0000000000000000       0x2c kernel/proc.o
 .comment       0x0000000000000000       0x2c kernel/irq.o
 .comment       0x0000000000000000       0x2c kernel/exception.o
 .comment       0x0000000000000000       0x2c driver/keyboard.o
 .comment       0x0000000000000000       0x2c driver/tty.o
 .comment       0x0000000000000000       0x2c driver/hd.o
 .comment       0x0000000000000000       0x2c driver/console.o
 .comment       0x0000000000000000       0x2c lib/printf.o
 .comment       0x0000000000000000       0x2c lib/vsprintf.o
 .comment       0x0000000000000000       0x2c lib/io.o
 .comment       0x0000000000000000       0x2c fs/main.o
 .comment       0x0000000000000000       0x2c fs/open.o
 .comment       0x0000000000000000       0x2c fs/misc.o
 .comment       0x0000000000000000       0x2c fs/close.o
 .comment       0x0000000000000000       0x2c fs/rdwt.o
 .comment       0x0000000000000000       0x2c fs/unlink.o
 .comment       0x0000000000000000       0x2c mm/main.o
 .comment       0x0000000000000000       0x2c mm/vmalloc.o
 .comment       0x0000000000000000       0x2c mm/vmfree.o
 .comment       0x0000000000000000       0x2c mm/misc.o
 .comment       0x0000000000000000       0x2c exe/main.o
 .comment       0x0000000000000000       0x2c exe/fork.o

.debug
 *(.debug)

.line
 *(.line)

.debug_srcinfo
 *(.debug_srcinfo)

.debug_sfnames
 *(.debug_sfnames)

.debug_aranges
 *(.debug_aranges)

.debug_pubnames
 *(.debug_pubnames)

.debug_info
 *(.debug_info .gnu.linkonce.wi.*)

.debug_abbrev
 *(.debug_abbrev)

.debug_line
 *(.debug_line .debug_line.* .debug_line_end)

.debug_frame
 *(.debug_frame)

.debug_str
 *(.debug_str)

.debug_loc
 *(.debug_loc)

.debug_macinfo
 *(.debug_macinfo)

.debug_weaknames
 *(.debug_weaknames)

.debug_funcnames
 *(.debug_funcnames)

.debug_typenames
 *(.debug_typenames)

.debug_varnames
 *(.debug_varnames)

.debug_pubtypes
 *(.debug_pubtypes)

.debug_ranges
 *(.debug_ranges)

.debug_macro
 *(.debug_macro)

.gnu.attributes
 *(.gnu.attributes)

/DISCARD/
 *(.note.GNU-stack)
 *(.gnu_debuglink)
 *(.gnu.lto_*)
OUTPUT(kernel.bin elf32-i386)
