
Allocating common symbols
Common symbol       size              file

task_stack_mm       0x2800            kernel/proc.o
pf_list             0x4               mm/main.o
task_stack_hd       0x2800            kernel/proc.o
inode_table         0x18000           fs/main.o
exe_msg             0x2c              exe/main.o
task_stack_init     0x2800            kernel/proc.o
dirent_buf          0x200             fs/main.o
task_stack_c        0x2800            kernel/proc.o
task_stack_b        0x2800            kernel/proc.o
inode_buf           0x10000           fs/main.o
tty_table           0x250             driver/tty.o
lock_main_print_pos
                    0x1               kernel/proc.o
fs_msg              0x2c              fs/main.o
nr_current_console  0x4               driver/console.o
task_stack_exe      0x2800            kernel/proc.o
f_desc_table        0x180             fs/main.o
fsbuf               0x11000           fs/main.o
hd_msg              0x2c              driver/hd.o
p_current_proc      0x4               kernel/proc.o
mi                  0x4               mm/main.o
mm_msg              0x2c              mm/main.o
task_stack_d        0x2800            kernel/proc.o
task_stack_tty      0x2800            kernel/proc.o
p_current_tty       0x4               driver/keyboard.o
ticks               0x4               kernel/proc.o
exception_table     0x50              kernel/exception.o
task_stack_fs       0x2800            kernel/proc.o
console_table       0x40              driver/console.o
irq_table           0x40              kernel/irq.o
task_stack_e        0x2800            kernel/proc.o
hd_buf              0x400             driver/hd.o
proc_table          0x1640            kernel/proc.o
task_stack_a        0x2800            kernel/proc.o
re_enter            0x4               kernel/proc.o
smap_buf            0xa00             fs/main.o
imap_buf            0x200             fs/main.o

Discarded input sections

 .note.GNU-stack
                0x0000000000000000        0x0 kernel/start.o
 .note.GNU-stack
                0x0000000000000000        0x0 kernel/main.o
 .note.GNU-stack
                0x0000000000000000        0x0 kernel/protect.o
 .note.GNU-stack
                0x0000000000000000        0x0 kernel/clock.o
 .note.GNU-stack
                0x0000000000000000        0x0 kernel/proc.o
 .note.GNU-stack
                0x0000000000000000        0x0 kernel/irq.o
 .note.GNU-stack
                0x0000000000000000        0x0 kernel/exception.o
 .note.GNU-stack
                0x0000000000000000        0x0 kernel/spinlock.o
 .note.GNU-stack
                0x0000000000000000        0x0 kernel/test.o
 .note.GNU-stack
                0x0000000000000000        0x0 driver/keyboard.o
 .note.GNU-stack
                0x0000000000000000        0x0 driver/tty.o
 .note.GNU-stack
                0x0000000000000000        0x0 driver/hd.o
 .note.GNU-stack
                0x0000000000000000        0x0 driver/console.o
 .note.GNU-stack
                0x0000000000000000        0x0 lib/string.o
 .note.GNU-stack
                0x0000000000000000        0x0 lib/printf.o
 .note.GNU-stack
                0x0000000000000000        0x0 lib/vsprintf.o
 .note.GNU-stack
                0x0000000000000000        0x0 lib/io.o
 .note.GNU-stack
                0x0000000000000000        0x0 fs/main.o
 .note.GNU-stack
                0x0000000000000000        0x0 fs/open.o
 .note.GNU-stack
                0x0000000000000000        0x0 fs/misc.o
 .note.GNU-stack
                0x0000000000000000        0x0 fs/close.o
 .note.GNU-stack
                0x0000000000000000        0x0 fs/rdwt.o
 .note.GNU-stack
                0x0000000000000000        0x0 fs/unlink.o
 .note.GNU-stack
                0x0000000000000000        0x0 mm/main.o
 .note.GNU-stack
                0x0000000000000000        0x0 mm/vmalloc.o
 .note.GNU-stack
                0x0000000000000000        0x0 mm/vmfree.o
 .note.GNU-stack
                0x0000000000000000        0x0 mm/misc.o
 .note.GNU-stack
                0x0000000000000000        0x0 mm/brk.o
 .note.GNU-stack
                0x0000000000000000        0x0 mm/malloc/malloc.o
 .note.GNU-stack
                0x0000000000000000        0x0 exe/main.o
 .note.GNU-stack
                0x0000000000000000        0x0 exe/fork.o

Memory Configuration

Name             Origin             Length             Attributes
*default*        0x0000000000000000 0xffffffffffffffff

Linker script and memory map

Address of section .text set to 0x1b400
LOAD kernel/kernel.o
LOAD kernel/start.o
LOAD kernel/8259A.o
LOAD kernel/main.o
LOAD kernel/protect.o
LOAD kernel/clock.o
LOAD kernel/syscall.o
LOAD kernel/proc.o
LOAD kernel/irq.o
LOAD kernel/exception.o
LOAD kernel/spinlock.o
LOAD kernel/test.o
LOAD driver/keyboard.o
LOAD driver/tty.o
LOAD driver/hd.o
LOAD driver/console.o
LOAD lib/klib.o
LOAD lib/string.o
LOAD lib/printf.o
LOAD lib/vsprintf.o
LOAD lib/io.o
LOAD fs/main.o
LOAD fs/open.o
LOAD fs/misc.o
LOAD fs/close.o
LOAD fs/rdwt.o
LOAD fs/unlink.o
LOAD mm/main.o
LOAD mm/vmalloc.o
LOAD mm/vmfree.o
LOAD mm/misc.o
LOAD mm/brk.o
LOAD mm/malloc/malloc.o
LOAD exe/main.o
LOAD exe/fork.o
                0x0000000008048000                PROVIDE (__executable_start, 0x8048000)
                0x0000000008048094                . = (0x8048000 + SIZEOF_HEADERS)

.interp
 *(.interp)

.note.gnu.build-id
 *(.note.gnu.build-id)

.hash
 *(.hash)

.gnu.hash
 *(.gnu.hash)

.dynsym
 *(.dynsym)

.dynstr
 *(.dynstr)

.gnu.version
 *(.gnu.version)

.gnu.version_d
 *(.gnu.version_d)

.gnu.version_r
 *(.gnu.version_r)

.rel.dyn        0x0000000008048094        0x0
 *(.rel.init)
 *(.rel.text .rel.text.* .rel.gnu.linkonce.t.*)
 .rel.text      0x0000000000000000        0x0 kernel/kernel.o
 *(.rel.fini)
 *(.rel.rodata .rel.rodata.* .rel.gnu.linkonce.r.*)
 *(.rel.data.rel.ro .rel.data.rel.ro.* .rel.gnu.linkonce.d.rel.ro.*)
 *(.rel.data .rel.data.* .rel.gnu.linkonce.d.*)
 .rel.data      0x0000000000000000        0x0 kernel/kernel.o
 *(.rel.tdata .rel.tdata.* .rel.gnu.linkonce.td.*)
 *(.rel.tbss .rel.tbss.* .rel.gnu.linkonce.tb.*)
 *(.rel.ctors)
 *(.rel.dtors)
 *(.rel.got)
 *(.rel.bss .rel.bss.* .rel.gnu.linkonce.b.*)
 *(.rel.ifunc)

.rel.plt        0x0000000008048094        0x0
 *(.rel.plt)
                0x0000000008048094                PROVIDE (__rel_iplt_start, .)
 *(.rel.iplt)
 .rel.iplt      0x0000000000000000        0x0 kernel/kernel.o
                0x0000000008048094                PROVIDE (__rel_iplt_end, .)

.init
 *(SORT(.init))

.plt            0x00000000080480a0        0x0
 *(.plt)
 *(.iplt)
 .iplt          0x0000000000000000        0x0 kernel/kernel.o

.text           0x000000000001b400     0x78cf
 *(.text.unlikely .text.*_unlikely .text.unlikely.*)
 *(.text.exit .text.exit.*)
 *(.text.startup .text.startup.*)
 *(.text.hot .text.hot.*)
 *(.text .stub .text.* .gnu.linkonce.t.*)
 .text          0x000000000001b400      0xbb1 kernel/kernel.o
                0x000000000001b400                _start
                0x000000000001b475                divide_error
                0x000000000001b4c2                debug_exception
                0x000000000001b50f                nmi
                0x000000000001b55c                breakpoint
                0x000000000001b5a9                overflow
                0x000000000001b5f6                out_of_bound
                0x000000000001b643                invalid_opcode
                0x000000000001b690                no_math_coprocessor
                0x000000000001b6dd                double_fault
                0x000000000001b728                coprocessor_error
                0x000000000001b775                invalid_tss
                0x000000000001b7c0                not_present
                0x000000000001b80b                stack_error
                0x000000000001b856                general_protect
                0x000000000001b8a1                page_fault
                0x000000000001b8ec                mcu_fault
                0x000000000001b939                align_check
                0x000000000001b984                mechine
                0x000000000001b9d1                simd_error
                0x000000000001ba1e                hwint_0
                0x000000000001ba6e                hwint_1
                0x000000000001babe                hwint_2
                0x000000000001bb0e                hwint_3
                0x000000000001bb5e                hwint_4
                0x000000000001bbae                hwint_5
                0x000000000001bbfe                hwint_6
                0x000000000001bc4e                hwint_7
                0x000000000001bc9e                hwint_8
                0x000000000001bcf0                hwint_9
                0x000000000001bd42                hwint_10
                0x000000000001bd94                hwint_11
                0x000000000001bde6                hwint_12
                0x000000000001be38                hwint_13
                0x000000000001be8a                hwint_14
                0x000000000001bedc                hwint_15
                0x000000000001bf2e                sys_call
                0x000000000001bf85                proc_begin
 .text          0x000000000001bfb1      0x6ce kernel/start.o
                0x000000000001bfb1                cstart
 *fill*         0x000000000001c67f        0x1 
 .text          0x000000000001c680       0x5c kernel/8259A.o
                0x000000000001c680                init_8259A
 .text          0x000000000001c6dc      0x2e1 kernel/main.o
                0x000000000001c6dc                kernel_main
 .text          0x000000000001c9bd      0x204 kernel/protect.o
                0x000000000001c9bd                init_desc
                0x000000000001ca1e                init_idt_desc
                0x000000000001ca7f                init_prot
                0x000000000001cb04                get_base
                0x000000000001cb52                get_limit
                0x000000000001cb87                granularity
 .text          0x000000000001cbc1      0x1e0 kernel/clock.o
                0x000000000001cbc1                disp_time
                0x000000000001cd02                clock_handler
                0x000000000001cd2f                init_clock
 *fill*         0x000000000001cda1        0xf 
 .text          0x000000000001cdb0       0xa0 kernel/syscall.o
                0x000000000001cdb0                get_ticks
                0x000000000001cdb8                sendrecv
                0x000000000001cdcc                getpid
                0x000000000001cdd4                getppid
                0x000000000001cddc                printk
                0x000000000001cde8                sem_init
                0x000000000001cdf8                sem_post
                0x000000000001ce04                sem_wait
                0x000000000001ce10                getcr3
                0x000000000001ce18                write_process_memory
                0x000000000001ce30                sleep
                0x000000000001ce3c                get_first_chunk
                0x000000000001ce44                set_first_chunk
 .text          0x000000000001ce50      0xc40 kernel/proc.o
                0x000000000001ce50                sys_get_ticks
                0x000000000001ce5a                sys_sendrecv
                0x000000000001cf08                sys_getpid
                0x000000000001cf15                sys_getppid
                0x000000000001cf22                sys_printk
                0x000000000001cf6d                sys_sem_init
                0x000000000001cfaa                sys_sem_post
                0x000000000001d011                sys_sem_wait
                0x000000000001d083                sys_write_process_memory
                0x000000000001d0d0                sys_sleep
                0x000000000001d122                sys_get_first_chunk
                0x000000000001d132                sys_set_first_chunk
                0x000000000001d145                schedule
                0x000000000001d1f8                inform_int
                0x000000000001d29a                interrupt_wait
                0x000000000001d2bd                init_send_queue
                0x000000000001d2f3                va2la
                0x000000000001d320                va2pa
                0x000000000001d38b                dump_msg
                0x000000000001d3bc                failure
                0x000000000001d42f                panic
                0x000000000001d492                msg_send
                0x000000000001d625                msg_recv
                0x000000000001d8a8                block
                0x000000000001d8e3                unblock
                0x000000000001d8e8                deadlock
                0x000000000001d96a                enqueue
                0x000000000001d9f0                dequeue
                0x000000000001da7e                empty
 .text          0x000000000001da90      0x128 kernel/irq.o
                0x000000000001da90                put_irq_handler
                0x000000000001dab0                enable_irq
                0x000000000001db36                disable_irq
 .text          0x000000000001dbb8      0x294 kernel/exception.o
                0x000000000001dbb8                put_excep_handler
                0x000000000001dbca                do_invalid_opcode
                0x000000000001dc13                do_general_protection
                0x000000000001dc5c                do_page_fault
 .text          0x000000000001de4c       0x2c kernel/spinlock.o
                0x000000000001de4c                spinlock_init
                0x000000000001de57                spinlock_aquire
                0x000000000001de6d                spinlock_release
 .text          0x000000000001de78      0x840 kernel/test.o
                0x000000000001de78                Init
                0x000000000001dee2                TaskA
                0x000000000001e1b4                TaskB
                0x000000000001e2fc                TaskC
                0x000000000001e444                TaskD
                0x000000000001e44c                TaskE
 .text          0x000000000001e6b8      0x11b driver/keyboard.o
                0x000000000001e6b8                keyboard_handler
                0x000000000001e74e                keyboard_read
                0x000000000001e7a1                init_keyboard
 .text          0x000000000001e7d3      0x60e driver/tty.o
                0x000000000001e7d3                TaskTTY
                0x000000000001e84c                init_tty
                0x000000000001e897                tty_printstr
                0x000000000001e8df                tty_backspace
                0x000000000001e993                tty_put_text_ch
                0x000000000001e9c6                disp_tips
                0x000000000001ea24                reset_kb_buf
                0x000000000001ea93                parse_input
                0x000000000001eaee                tty_printchar
                0x000000000001eb43                init_console
                0x000000000001ebe2                is_current_console
                0x000000000001ec12                tty_dev_read
                0x000000000001ec41                tty_dev_write
 .text          0x000000000001ede1      0x619 driver/hd.o
                0x000000000001ede1                TaskHD
                0x000000000001ee86                init_hd
                0x000000000001ef20                hd_open
                0x000000000001ef4a                hd_read
                0x000000000001ef8c                hd_write
                0x000000000001efce                do_hd_open
                0x000000000001f008                do_hd_read
                0x000000000001f097                do_hd_write
                0x000000000001f126                hd_handler
                0x000000000001f149                wait_disk
                0x000000000001f162                hd_cmd_out
                0x000000000001f238                get_hd_info
                0x000000000001f276                disp_hd_info
 .text          0x000000000001f3fa       0xb2 driver/console.o
                0x000000000001f3fa                select_console
                0x000000000001f443                scroll_screen
 *fill*         0x000000000001f4ac        0x4 
 .text          0x000000000001f4b0      0x1a3 lib/klib.o
                0x000000000001f4b0                println
                0x000000000001f4ef                print
                0x000000000001f52a                printmsg
                0x000000000001f574                printchar
                0x000000000001f5a2                backspace
                0x000000000001f5ba                itoa
                0x000000000001f5f9                in_byte
                0x000000000001f603                out_byte
                0x000000000001f60f                port_read
                0x000000000001f627                port_write
                0x000000000001f63f                disable_int
                0x000000000001f641                enable_int
                0x000000000001f643                getcr2
                0x000000000001f647                load_cr3
                0x000000000001f64f                sys_getcr3
 .text          0x000000000001f653      0x1c5 lib/string.o
                0x000000000001f653                strlen
                0x000000000001f67b                strcmp
                0x000000000001f6db                strcpy
                0x000000000001f6ff                memcpy
                0x000000000001f77c                memset
                0x000000000001f7a8                memcmp
 .text          0x000000000001f818       0x85 lib/printf.o
                0x000000000001f818                printf
                0x000000000001f873                sprintf
 .text          0x000000000001f89d      0x296 lib/vsprintf.o
                0x000000000001f89d                pow
                0x000000000001f8d6                tohex
                0x000000000001f97f                vsprintf
 .text          0x000000000001fb33      0x123 lib/io.o
                0x000000000001fb33                set_cursor_pos
                0x000000000001fb9c                set_video_start
                0x000000000001fc05                init_video
 .text          0x000000000001fc56      0x46a fs/main.o
                0x000000000001fc56                TaskFS
                0x000000000001fd1e                init_fs
                0x000000000001fd98                mkfs
 .text          0x00000000000200c0      0x82b fs/open.o
                0x00000000000200c0                open
                0x0000000000020107                do_open
                0x00000000000203b3                create_file
                0x000000000002041d                alloc_imap_bit
                0x000000000002055b                alloc_smap_bits
                0x00000000000206c0                alloc_inode
                0x00000000000207fa                alloc_dir_entry
 .text          0x00000000000208eb      0x137 fs/misc.o
                0x00000000000208eb                find_file
                0x0000000000020974                get_inode
 .text          0x0000000000020a22      0x11a fs/close.o
                0x0000000000020a22                close
                0x0000000000020a55                do_close
                0x0000000000020acd                clear_inode
 .text          0x0000000000020b3c      0x3db fs/rdwt.o
                0x0000000000020b3c                write
                0x0000000000020b7b                read
                0x0000000000020bba                do_rdwt
 .text          0x0000000000020f17      0x4e6 fs/unlink.o
                0x0000000000020f17                unlink
                0x0000000000020f58                do_unlink
 .text          0x00000000000213fd      0x3a2 mm/main.o
                0x00000000000213fd                TaskMM
                0x00000000000214bd                init_mm
 .text          0x000000000002179f      0x22f mm/vmalloc.o
                0x000000000002179f                vm_alloc
                0x00000000000217f4                vm_alloc_ex
                0x0000000000021851                do_vm_alloc
 .text          0x00000000000219ce      0x102 mm/vmfree.o
                0x00000000000219ce                vm_free
                0x0000000000021a1a                do_vm_free
 .text          0x0000000000021ad0      0x5fb mm/misc.o
                0x0000000000021ad0                alloc_frame
                0x0000000000021b4e                find_pf_list_item
                0x0000000000021b86                alloc_page
                0x0000000000021c1c                check_free_page
                0x0000000000021c5f                check_free_frame
                0x0000000000021cbf                relocate_pde
                0x0000000000021d2a                map_frame
                0x0000000000021f12                unmap_frame
 .text          0x00000000000220cb      0x25a mm/brk.o
                0x00000000000220cb                brk
                0x00000000000220fe                sbrk
                0x0000000000022131                do_brk
                0x00000000000222d9                do_sbrk
 .text          0x0000000000022325      0x5eb mm/malloc/malloc.o
                0x0000000000022325                malloc
                0x00000000000223e6                find_chunk
                0x000000000002245b                extend_heap
                0x0000000000022576                split_chunk
                0x000000000002260b                print_chunks
                0x00000000000226d8                free
                0x00000000000227a1                valid_addr
                0x00000000000227ee                get_chunk
                0x0000000000022826                merge_chunks
 .text          0x0000000000022910       0x86 exe/main.o
                0x0000000000022910                TaskEXE
 .text          0x0000000000022996      0x339 exe/fork.o
                0x0000000000022996                fork
                0x00000000000229ee                do_fork
                0x0000000000022ca5                alloc_mem
 *(.gnu.warning)

.fini
 *(SORT(.fini))
                0x0000000000022ccf                PROVIDE (__etext, .)
                0x0000000000022ccf                PROVIDE (_etext, .)
                0x0000000000022ccf                PROVIDE (etext, .)

.rodata         0x0000000000022cd0      0xd93
 *(.rodata .rodata.* .gnu.linkonce.r.*)
 .rodata        0x0000000000022cd0       0x25 kernel/start.o
 *fill*         0x0000000000022cf5        0x3 
 .rodata        0x0000000000022cf8       0x26 kernel/main.o
 .rodata        0x0000000000022d1e       0x1e kernel/clock.o
 .rodata        0x0000000000022d3c       0xda kernel/proc.o
 *fill*         0x0000000000022e16        0x2 
 .rodata        0x0000000000022e18       0xdd kernel/exception.o
 *fill*         0x0000000000022ef5        0x3 
 .rodata        0x0000000000022ef8      0x18c kernel/test.o
 .rodata        0x0000000000023084        0xd driver/tty.o
 *fill*         0x0000000000023091        0x3 
 .rodata        0x0000000000023094      0x15b driver/hd.o
 *fill*         0x00000000000231ef        0x1 
 .rodata        0x00000000000231f0      0x10b fs/main.o
 *fill*         0x00000000000232fb        0x1 
 .rodata        0x00000000000232fc      0x16c fs/open.o
 .rodata        0x0000000000023468       0x2a fs/misc.o
 .rodata        0x0000000000023492       0x1e fs/close.o
 .rodata        0x00000000000234b0       0x17 fs/rdwt.o
 *fill*         0x00000000000234c7        0x1 
 .rodata        0x00000000000234c8      0x16b fs/unlink.o
 *fill*         0x0000000000023633        0x1 
 .rodata        0x0000000000023634       0x64 mm/main.o
 .rodata        0x0000000000023698       0x9b mm/vmalloc.o
 .rodata        0x0000000000023733       0x31 mm/vmfree.o
 .rodata        0x0000000000023764       0x34 mm/misc.o
 .rodata        0x0000000000023798       0x7f mm/brk.o
 *fill*         0x0000000000023817        0x1 
 .rodata        0x0000000000023818      0x12e mm/malloc/malloc.o
 *fill*         0x0000000000023946        0x2 
 .rodata        0x0000000000023948       0x50 exe/main.o
 .rodata        0x0000000000023998       0xcb exe/fork.o

.rodata1
 *(.rodata1)

.eh_frame_hdr
 *(.eh_frame_hdr)

.eh_frame       0x0000000000023a64     0x1374
 *(.eh_frame)
 .eh_frame      0x0000000000023a64       0x38 kernel/start.o
 .eh_frame      0x0000000000023a9c       0x1c kernel/main.o
                                         0x34 (size before relaxing)
 .eh_frame      0x0000000000023ab8       0xc0 kernel/protect.o
                                         0xd8 (size before relaxing)
 .eh_frame      0x0000000000023b78       0x70 kernel/clock.o
                                         0x88 (size before relaxing)
 .eh_frame      0x0000000000023be8      0x3b4 kernel/proc.o
                                        0x3cc (size before relaxing)
 .eh_frame      0x0000000000023f9c       0x68 kernel/irq.o
                                         0x80 (size before relaxing)
 .eh_frame      0x0000000000024004       0x78 kernel/exception.o
                                         0x90 (size before relaxing)
 .eh_frame      0x000000000002407c       0x60 kernel/spinlock.o
                                         0x78 (size before relaxing)
 .eh_frame      0x00000000000240dc       0xa8 kernel/test.o
                                         0xc0 (size before relaxing)
 .eh_frame      0x0000000000024184       0x60 driver/keyboard.o
                                         0x78 (size before relaxing)
 .eh_frame      0x00000000000241e4      0x19c driver/tty.o
                                        0x1b4 (size before relaxing)
 .eh_frame      0x0000000000024380      0x1ac driver/hd.o
                                        0x1c4 (size before relaxing)
 .eh_frame      0x000000000002452c       0x40 driver/console.o
                                         0x58 (size before relaxing)
 .eh_frame      0x000000000002456c       0xc0 lib/string.o
                                         0xd8 (size before relaxing)
 .eh_frame      0x000000000002462c       0x48 lib/printf.o
                                         0x60 (size before relaxing)
 .eh_frame      0x0000000000024674       0x64 lib/vsprintf.o
                                         0x7c (size before relaxing)
 .eh_frame      0x00000000000246d8       0x60 lib/io.o
                                         0x78 (size before relaxing)
 .eh_frame      0x0000000000024738       0x64 fs/main.o
                                         0x7c (size before relaxing)
 .eh_frame      0x000000000002479c       0xf8 fs/open.o
                                        0x110 (size before relaxing)
 .eh_frame      0x0000000000024894       0x40 fs/misc.o
                                         0x58 (size before relaxing)
 .eh_frame      0x00000000000248d4       0x60 fs/close.o
                                         0x78 (size before relaxing)
 .eh_frame      0x0000000000024934       0x60 fs/rdwt.o
                                         0x78 (size before relaxing)
 .eh_frame      0x0000000000024994       0x48 fs/unlink.o
                                         0x60 (size before relaxing)
 .eh_frame      0x00000000000249dc       0x3c mm/main.o
                                         0x54 (size before relaxing)
 .eh_frame      0x0000000000024a18       0x60 mm/vmalloc.o
                                         0x78 (size before relaxing)
 .eh_frame      0x0000000000024a78       0x40 mm/vmfree.o
                                         0x58 (size before relaxing)
 .eh_frame      0x0000000000024ab8      0x100 mm/misc.o
                                        0x118 (size before relaxing)
 .eh_frame      0x0000000000024bb8       0x80 mm/brk.o
                                         0x98 (size before relaxing)
 .eh_frame      0x0000000000024c38      0x124 mm/malloc/malloc.o
                                        0x13c (size before relaxing)
 .eh_frame      0x0000000000024d5c       0x1c exe/main.o
                                         0x34 (size before relaxing)
 .eh_frame      0x0000000000024d78       0x60 exe/fork.o
                                         0x78 (size before relaxing)

.gcc_except_table
 *(.gcc_except_table .gcc_except_table.*)

.exception_ranges
 *(.exception_ranges .exception_ranges*)
                0x0000000000024dd8                . = (ALIGN (0x1000) - ((0x1000 - .) & 0xfff))
                0x0000000000025dd8                . = DATA_SEGMENT_ALIGN (0x1000, 0x1000)

.eh_frame
 *(.eh_frame)

.gcc_except_table
 *(.gcc_except_table .gcc_except_table.*)

.exception_ranges
 *(.exception_ranges .exception_ranges*)

.tdata
 *(.tdata .tdata.* .gnu.linkonce.td.*)

.tbss
 *(.tbss .tbss.* .gnu.linkonce.tb.*)
 *(.tcommon)

.preinit_array  0x0000000000025dd8        0x0
                0x0000000000025dd8                PROVIDE (__preinit_array_start, .)
 *(.preinit_array)
                0x0000000000025dd8                PROVIDE (__preinit_array_end, .)

.init_array     0x0000000000025dd8        0x0
                0x0000000000025dd8                PROVIDE (__init_array_start, .)
 *(SORT(.init_array.*) SORT(.ctors.*))
 *(.init_array EXCLUDE_FILE(*crtend?.o *crtend.o *crtbegin?.o *crtbegin.o) .ctors)
                0x0000000000025dd8                PROVIDE (__init_array_end, .)

.fini_array     0x0000000000025dd8        0x0
                0x0000000000025dd8                PROVIDE (__fini_array_start, .)
 *(SORT(.fini_array.*) SORT(.dtors.*))
 *(.fini_array EXCLUDE_FILE(*crtend?.o *crtend.o *crtbegin?.o *crtbegin.o) .dtors)
                0x0000000000025dd8                PROVIDE (__fini_array_end, .)

.ctors
 *crtbegin.o(.ctors)
 *crtbegin?.o(.ctors)
 *(EXCLUDE_FILE(*crtend?.o *crtend.o) .ctors)
 *(SORT(.ctors.*))
 *(.ctors)

.dtors
 *crtbegin.o(.dtors)
 *crtbegin?.o(.dtors)
 *(EXCLUDE_FILE(*crtend?.o *crtend.o) .dtors)
 *(SORT(.dtors.*))
 *(.dtors)

.jcr
 *(.jcr)

.data.rel.ro
 *(.data.rel.ro.local* .gnu.linkonce.d.rel.ro.local.*)
 *(.data.rel.ro .data.rel.ro.* .gnu.linkonce.d.rel.ro.*)

.dynamic
 *(.dynamic)

.got
 *(.got)
 *(.igot)
                0x0000000000025dd8                . = DATA_SEGMENT_RELRO_END (., (SIZEOF (.got.plt) >= 0xc)?0xc:0x0)

.got.plt        0x0000000000025dd8        0x0
 *(.got.plt)
 *(.igot.plt)
 .igot.plt      0x0000000000000000        0x0 kernel/kernel.o

.data           0x0000000000025de0     0x1190
 *(.data .data.* .gnu.linkonce.d.*)
 .data          0x0000000000025de0     0x1074 kernel/kernel.o
                0x0000000000025de0                GDT
                0x00000000000265e6                IDT
                0x0000000000026dec                TSS
 .data          0x0000000000026e54        0x0 kernel/start.o
 .data          0x0000000000026e54        0x0 kernel/main.o
 .data          0x0000000000026e54        0x0 kernel/protect.o
 .data          0x0000000000026e54        0x0 kernel/clock.o
 *fill*         0x0000000000026e54        0xc 
 .data          0x0000000000026e60       0xb4 kernel/proc.o
                0x0000000000026e60                task_table
                0x0000000000026ee0                syscall_table
 .data          0x0000000000026f14        0x0 kernel/irq.o
 .data          0x0000000000026f14        0x0 kernel/exception.o
 .data          0x0000000000026f14        0x0 kernel/spinlock.o
 .data          0x0000000000026f14        0x0 kernel/test.o
 *fill*         0x0000000000026f14        0xc 
 .data          0x0000000000026f20       0x45 driver/keyboard.o
                0x0000000000026f20                keymap
 .data          0x0000000000026f65        0x0 driver/tty.o
 .data          0x0000000000026f65        0x0 driver/hd.o
 .data          0x0000000000026f65        0x0 driver/console.o
 *fill*         0x0000000000026f65        0x3 
 .data          0x0000000000026f68        0x8 lib/klib.o
                0x0000000000026f68                print_pos
                0x0000000000026f6c                main_print_pos
 .data          0x0000000000026f70        0x0 lib/string.o
 .data          0x0000000000026f70        0x0 lib/printf.o
 .data          0x0000000000026f70        0x0 lib/vsprintf.o
 .data          0x0000000000026f70        0x0 lib/io.o
 .data          0x0000000000026f70        0x0 fs/main.o
 .data          0x0000000000026f70        0x0 fs/open.o
 .data          0x0000000000026f70        0x0 fs/misc.o
 .data          0x0000000000026f70        0x0 fs/close.o
 .data          0x0000000000026f70        0x0 fs/rdwt.o
 .data          0x0000000000026f70        0x0 fs/unlink.o
 .data          0x0000000000026f70        0x0 mm/main.o
 .data          0x0000000000026f70        0x0 mm/vmalloc.o
 .data          0x0000000000026f70        0x0 mm/vmfree.o
 .data          0x0000000000026f70        0x0 mm/misc.o
 .data          0x0000000000026f70        0x0 mm/brk.o
 .data          0x0000000000026f70        0x0 mm/malloc/malloc.o
 .data          0x0000000000026f70        0x0 exe/main.o
 .data          0x0000000000026f70        0x0 exe/fork.o

.data1
 *(.data1)
                0x0000000000026f70                _edata = .
                0x0000000000026f70                PROVIDE (edata, .)
                0x0000000000026f70                . = .
                0x0000000000026f70                __bss_start = .

.bss            0x0000000000026f80    0x57eac
 *(.dynbss)
 *(.bss .bss.* .gnu.linkonce.b.*)
 .bss           0x0000000000026f80      0x800 kernel/kernel.o
 .bss           0x0000000000027780        0x0 kernel/start.o
 .bss           0x0000000000027780        0x0 kernel/main.o
 .bss           0x0000000000027780        0x0 kernel/protect.o
 .bss           0x0000000000027780        0x0 kernel/clock.o
 .bss           0x0000000000027780        0x0 kernel/proc.o
 .bss           0x0000000000027780        0x0 kernel/irq.o
 .bss           0x0000000000027780        0x0 kernel/exception.o
 .bss           0x0000000000027780        0x0 kernel/spinlock.o
 .bss           0x0000000000027780        0x0 kernel/test.o
 .bss           0x0000000000027780        0x0 driver/keyboard.o
 .bss           0x0000000000027780        0x0 driver/tty.o
 .bss           0x0000000000027780        0x0 driver/hd.o
 .bss           0x0000000000027780        0x0 driver/console.o
 .bss           0x0000000000027780        0x0 lib/string.o
 .bss           0x0000000000027780        0x0 lib/printf.o
 .bss           0x0000000000027780        0x0 lib/vsprintf.o
 .bss           0x0000000000027780        0x0 lib/io.o
 .bss           0x0000000000027780        0x0 fs/main.o
 .bss           0x0000000000027780        0x0 fs/open.o
 .bss           0x0000000000027780        0x0 fs/misc.o
 .bss           0x0000000000027780        0x0 fs/close.o
 .bss           0x0000000000027780        0x0 fs/rdwt.o
 .bss           0x0000000000027780        0x0 fs/unlink.o
 .bss           0x0000000000027780        0x0 mm/main.o
 .bss           0x0000000000027780        0x0 mm/vmalloc.o
 .bss           0x0000000000027780        0x0 mm/vmfree.o
 .bss           0x0000000000027780        0x0 mm/misc.o
 .bss           0x0000000000027780        0x0 mm/brk.o
 .bss           0x0000000000027780        0x0 mm/malloc/malloc.o
 .bss           0x0000000000027780        0x0 exe/main.o
 .bss           0x0000000000027780        0x0 exe/fork.o
 *(COMMON)
 COMMON         0x0000000000027780    0x1cea4 kernel/proc.o
                0x0000000000027780                task_stack_mm
                0x0000000000029f80                task_stack_hd
                0x000000000002c780                task_stack_init
                0x000000000002ef80                task_stack_c
                0x0000000000031780                task_stack_b
                0x0000000000033f80                lock_main_print_pos
                0x0000000000033fa0                task_stack_exe
                0x00000000000367a0                p_current_proc
                0x00000000000367c0                task_stack_d
                0x0000000000038fc0                task_stack_tty
                0x000000000003b7c0                ticks
                0x000000000003b7e0                task_stack_fs
                0x000000000003dfe0                task_stack_e
                0x00000000000407e0                proc_table
                0x0000000000041e20                task_stack_a
                0x0000000000044620                re_enter
 *fill*         0x0000000000044624       0x1c 
 COMMON         0x0000000000044640       0x40 kernel/irq.o
                0x0000000000044640                irq_table
 COMMON         0x0000000000044680       0x50 kernel/exception.o
                0x0000000000044680                exception_table
 COMMON         0x00000000000446d0        0x4 driver/keyboard.o
                0x00000000000446d0                p_current_tty
 *fill*         0x00000000000446d4        0xc 
 COMMON         0x00000000000446e0      0x250 driver/tty.o
                0x00000000000446e0                tty_table
 *fill*         0x0000000000044930       0x10 
 COMMON         0x0000000000044940      0x440 driver/hd.o
                0x0000000000044940                hd_msg
                0x0000000000044980                hd_buf
 COMMON         0x0000000000044d80       0x60 driver/console.o
                0x0000000000044d80                nr_current_console
                0x0000000000044da0                console_table
 COMMON         0x0000000000044de0    0x39fc0 fs/main.o
                0x0000000000044de0                inode_table
                0x000000000005cde0                dirent_buf
                0x000000000005cfe0                inode_buf
                0x000000000006cfe0                fs_msg
                0x000000000006d020                f_desc_table
                0x000000000006d1a0                fsbuf
                0x000000000007e1a0                smap_buf
                0x000000000007eba0                imap_buf
 COMMON         0x000000000007eda0       0x4c mm/main.o
                0x000000000007eda0                pf_list
                0x000000000007eda4                mi
                0x000000000007edc0                mm_msg
 *fill*         0x000000000007edec       0x14 
 COMMON         0x000000000007ee00       0x2c exe/main.o
                0x000000000007ee00                exe_msg
                0x000000000007ee2c                . = ALIGN ((. != 0x0)?0x4:0x1)
                0x000000000007ee2c                . = ALIGN (0x4)
                0x000000000007ee2c                . = SEGMENT_START ("ldata-segment", .)
                0x000000000007ee2c                . = ALIGN (0x4)
                0x000000000007ee2c                _end = .
                0x000000000007ee2c                PROVIDE (end, .)
                0x000000000007ee2c                . = DATA_SEGMENT_END (.)

.stab
 *(.stab)

.stabstr
 *(.stabstr)

.stab.excl
 *(.stab.excl)

.stab.exclstr
 *(.stab.exclstr)

.stab.index
 *(.stab.index)

.stab.indexstr
 *(.stab.indexstr)

.comment        0x0000000000000000       0x2b
 *(.comment)
 .comment       0x0000000000000000       0x2b kernel/start.o
                                         0x2c (size before relaxing)
 .comment       0x0000000000000000       0x2c kernel/main.o
 .comment       0x0000000000000000       0x2c kernel/protect.o
 .comment       0x0000000000000000       0x2c kernel/clock.o
 .comment       0x0000000000000000       0x2c kernel/proc.o
 .comment       0x0000000000000000       0x2c kernel/irq.o
 .comment       0x0000000000000000       0x2c kernel/exception.o
 .comment       0x0000000000000000       0x2c kernel/spinlock.o
 .comment       0x0000000000000000       0x2c kernel/test.o
 .comment       0x0000000000000000       0x2c driver/keyboard.o
 .comment       0x0000000000000000       0x2c driver/tty.o
 .comment       0x0000000000000000       0x2c driver/hd.o
 .comment       0x0000000000000000       0x2c driver/console.o
 .comment       0x0000000000000000       0x2c lib/string.o
 .comment       0x0000000000000000       0x2c lib/printf.o
 .comment       0x0000000000000000       0x2c lib/vsprintf.o
 .comment       0x0000000000000000       0x2c lib/io.o
 .comment       0x0000000000000000       0x2c fs/main.o
 .comment       0x0000000000000000       0x2c fs/open.o
 .comment       0x0000000000000000       0x2c fs/misc.o
 .comment       0x0000000000000000       0x2c fs/close.o
 .comment       0x0000000000000000       0x2c fs/rdwt.o
 .comment       0x0000000000000000       0x2c fs/unlink.o
 .comment       0x0000000000000000       0x2c mm/main.o
 .comment       0x0000000000000000       0x2c mm/vmalloc.o
 .comment       0x0000000000000000       0x2c mm/vmfree.o
 .comment       0x0000000000000000       0x2c mm/misc.o
 .comment       0x0000000000000000       0x2c mm/brk.o
 .comment       0x0000000000000000       0x2c mm/malloc/malloc.o
 .comment       0x0000000000000000       0x2c exe/main.o
 .comment       0x0000000000000000       0x2c exe/fork.o

.debug
 *(.debug)

.line
 *(.line)

.debug_srcinfo
 *(.debug_srcinfo)

.debug_sfnames
 *(.debug_sfnames)

.debug_aranges
 *(.debug_aranges)

.debug_pubnames
 *(.debug_pubnames)

.debug_info
 *(.debug_info .gnu.linkonce.wi.*)

.debug_abbrev
 *(.debug_abbrev)

.debug_line
 *(.debug_line .debug_line.* .debug_line_end)

.debug_frame
 *(.debug_frame)

.debug_str
 *(.debug_str)

.debug_loc
 *(.debug_loc)

.debug_macinfo
 *(.debug_macinfo)

.debug_weaknames
 *(.debug_weaknames)

.debug_funcnames
 *(.debug_funcnames)

.debug_typenames
 *(.debug_typenames)

.debug_varnames
 *(.debug_varnames)

.debug_pubtypes
 *(.debug_pubtypes)

.debug_ranges
 *(.debug_ranges)

.debug_macro
 *(.debug_macro)

.gnu.attributes
 *(.gnu.attributes)

/DISCARD/
 *(.note.GNU-stack)
 *(.gnu_debuglink)
 *(.gnu.lto_*)
OUTPUT(kernel.bin elf32-i386)
