
Allocating common symbols
Common symbol       size              file

task_stack_mm       0x400             kernel/proc.o
pf_list             0x4               mm/main.o
task_stack_hd       0x400             kernel/proc.o
inode_table         0x18000           fs/main.o
exe_msg             0x2c              exe/main.o
task_stack_init     0x400             kernel/proc.o
dirent_buf          0x200             fs/main.o
task_stack_c        0x400             kernel/proc.o
task_stack_b        0x400             kernel/proc.o
inode_buf           0x10000           fs/main.o
tty_table           0x250             driver/tty.o
fs_msg              0x2c              fs/main.o
nr_current_console  0x4               driver/console.o
task_stack_exe      0x400             kernel/proc.o
f_desc_table        0x180             fs/main.o
fsbuf               0x11000           fs/main.o
hd_msg              0x2c              driver/hd.o
p_current_proc      0x4               kernel/proc.o
mi                  0x4               mm/main.o
mm_msg              0x2c              mm/main.o
task_stack_d        0x400             kernel/proc.o
task_stack_tty      0x400             kernel/proc.o
p_current_tty       0x4               driver/keyboard.o
ticks               0x4               kernel/proc.o
exception_table     0x50              kernel/exception.o
task_stack_fs       0x400             kernel/proc.o
console_table       0x40              driver/console.o
irq_table           0x40              kernel/irq.o
task_stack_e        0x400             kernel/proc.o
hd_buf              0x400             driver/hd.o
proc_table          0x1640            kernel/proc.o
task_stack_a        0x400             kernel/proc.o
re_enter            0x4               kernel/proc.o
smap_buf            0xa00             fs/main.o
imap_buf            0x200             fs/main.o

Discarded input sections

 .note.GNU-stack
                0x0000000000000000        0x0 kernel/start.o
 .note.GNU-stack
                0x0000000000000000        0x0 kernel/main.o
 .note.GNU-stack
                0x0000000000000000        0x0 kernel/protect.o
 .note.GNU-stack
                0x0000000000000000        0x0 kernel/clock.o
 .note.GNU-stack
                0x0000000000000000        0x0 kernel/proc.o
 .note.GNU-stack
                0x0000000000000000        0x0 kernel/irq.o
 .note.GNU-stack
                0x0000000000000000        0x0 kernel/exception.o
 .note.GNU-stack
                0x0000000000000000        0x0 kernel/test.o
 .note.GNU-stack
                0x0000000000000000        0x0 driver/keyboard.o
 .note.GNU-stack
                0x0000000000000000        0x0 driver/tty.o
 .note.GNU-stack
                0x0000000000000000        0x0 driver/hd.o
 .note.GNU-stack
                0x0000000000000000        0x0 driver/console.o
 .note.GNU-stack
                0x0000000000000000        0x0 lib/string.o
 .note.GNU-stack
                0x0000000000000000        0x0 lib/printf.o
 .note.GNU-stack
                0x0000000000000000        0x0 lib/vsprintf.o
 .note.GNU-stack
                0x0000000000000000        0x0 lib/io.o
 .note.GNU-stack
                0x0000000000000000        0x0 fs/main.o
 .note.GNU-stack
                0x0000000000000000        0x0 fs/open.o
 .note.GNU-stack
                0x0000000000000000        0x0 fs/misc.o
 .note.GNU-stack
                0x0000000000000000        0x0 fs/close.o
 .note.GNU-stack
                0x0000000000000000        0x0 fs/rdwt.o
 .note.GNU-stack
                0x0000000000000000        0x0 fs/unlink.o
 .note.GNU-stack
                0x0000000000000000        0x0 mm/main.o
 .note.GNU-stack
                0x0000000000000000        0x0 mm/vmalloc.o
 .note.GNU-stack
                0x0000000000000000        0x0 mm/vmfree.o
 .note.GNU-stack
                0x0000000000000000        0x0 mm/misc.o
 .note.GNU-stack
                0x0000000000000000        0x0 mm/brk.o
 .note.GNU-stack
                0x0000000000000000        0x0 mm/malloc/malloc.o
 .note.GNU-stack
                0x0000000000000000        0x0 exe/main.o
 .note.GNU-stack
                0x0000000000000000        0x0 exe/fork.o

Memory Configuration

Name             Origin             Length             Attributes
*default*        0x0000000000000000 0xffffffffffffffff

Linker script and memory map

Address of section .text set to 0x1b400
LOAD kernel/kernel.o
LOAD kernel/start.o
LOAD kernel/8259A.o
LOAD kernel/main.o
LOAD kernel/protect.o
LOAD kernel/clock.o
LOAD kernel/syscall.o
LOAD kernel/proc.o
LOAD kernel/irq.o
LOAD kernel/exception.o
LOAD kernel/test.o
LOAD driver/keyboard.o
LOAD driver/tty.o
LOAD driver/hd.o
LOAD driver/console.o
LOAD lib/klib.o
LOAD lib/string.o
LOAD lib/printf.o
LOAD lib/vsprintf.o
LOAD lib/io.o
LOAD fs/main.o
LOAD fs/open.o
LOAD fs/misc.o
LOAD fs/close.o
LOAD fs/rdwt.o
LOAD fs/unlink.o
LOAD mm/main.o
LOAD mm/vmalloc.o
LOAD mm/vmfree.o
LOAD mm/misc.o
LOAD mm/brk.o
LOAD mm/malloc/malloc.o
LOAD exe/main.o
LOAD exe/fork.o
                0x0000000008048000                PROVIDE (__executable_start, 0x8048000)
                0x0000000008048094                . = (0x8048000 + SIZEOF_HEADERS)

.interp
 *(.interp)

.note.gnu.build-id
 *(.note.gnu.build-id)

.hash
 *(.hash)

.gnu.hash
 *(.gnu.hash)

.dynsym
 *(.dynsym)

.dynstr
 *(.dynstr)

.gnu.version
 *(.gnu.version)

.gnu.version_d
 *(.gnu.version_d)

.gnu.version_r
 *(.gnu.version_r)

.rel.dyn        0x0000000008048094        0x0
 *(.rel.init)
 *(.rel.text .rel.text.* .rel.gnu.linkonce.t.*)
 .rel.text      0x0000000000000000        0x0 kernel/kernel.o
 *(.rel.fini)
 *(.rel.rodata .rel.rodata.* .rel.gnu.linkonce.r.*)
 *(.rel.data.rel.ro .rel.data.rel.ro.* .rel.gnu.linkonce.d.rel.ro.*)
 *(.rel.data .rel.data.* .rel.gnu.linkonce.d.*)
 .rel.data      0x0000000000000000        0x0 kernel/kernel.o
 *(.rel.tdata .rel.tdata.* .rel.gnu.linkonce.td.*)
 *(.rel.tbss .rel.tbss.* .rel.gnu.linkonce.tb.*)
 *(.rel.ctors)
 *(.rel.dtors)
 *(.rel.got)
 *(.rel.bss .rel.bss.* .rel.gnu.linkonce.b.*)
 *(.rel.ifunc)

.rel.plt        0x0000000008048094        0x0
 *(.rel.plt)
                0x0000000008048094                PROVIDE (__rel_iplt_start, .)
 *(.rel.iplt)
 .rel.iplt      0x0000000000000000        0x0 kernel/kernel.o
                0x0000000008048094                PROVIDE (__rel_iplt_end, .)

.init
 *(SORT(.init))

.plt            0x00000000080480a0        0x0
 *(.plt)
 *(.iplt)
 .iplt          0x0000000000000000        0x0 kernel/kernel.o

.text           0x000000000001b400     0x79a8
 *(.text.unlikely .text.*_unlikely .text.unlikely.*)
 *(.text.exit .text.exit.*)
 *(.text.startup .text.startup.*)
 *(.text.hot .text.hot.*)
 *(.text .stub .text.* .gnu.linkonce.t.*)
 .text          0x000000000001b400      0xbb1 kernel/kernel.o
                0x000000000001b400                _start
                0x000000000001b475                divide_error
                0x000000000001b4c2                debug_exception
                0x000000000001b50f                nmi
                0x000000000001b55c                breakpoint
                0x000000000001b5a9                overflow
                0x000000000001b5f6                out_of_bound
                0x000000000001b643                invalid_opcode
                0x000000000001b690                no_math_coprocessor
                0x000000000001b6dd                double_fault
                0x000000000001b728                coprocessor_error
                0x000000000001b775                invalid_tss
                0x000000000001b7c0                not_present
                0x000000000001b80b                stack_error
                0x000000000001b856                general_protect
                0x000000000001b8a1                page_fault
                0x000000000001b8ec                mcu_fault
                0x000000000001b939                align_check
                0x000000000001b984                mechine
                0x000000000001b9d1                simd_error
                0x000000000001ba1e                hwint_0
                0x000000000001ba6e                hwint_1
                0x000000000001babe                hwint_2
                0x000000000001bb0e                hwint_3
                0x000000000001bb5e                hwint_4
                0x000000000001bbae                hwint_5
                0x000000000001bbfe                hwint_6
                0x000000000001bc4e                hwint_7
                0x000000000001bc9e                hwint_8
                0x000000000001bcf0                hwint_9
                0x000000000001bd42                hwint_10
                0x000000000001bd94                hwint_11
                0x000000000001bde6                hwint_12
                0x000000000001be38                hwint_13
                0x000000000001be8a                hwint_14
                0x000000000001bedc                hwint_15
                0x000000000001bf2e                sys_call
                0x000000000001bf85                proc_begin
 .text          0x000000000001bfb1      0x6ce kernel/start.o
                0x000000000001bfb1                cstart
 *fill*         0x000000000001c67f        0x1 
 .text          0x000000000001c680       0x5c kernel/8259A.o
                0x000000000001c680                init_8259A
 .text          0x000000000001c6dc      0x2d5 kernel/main.o
                0x000000000001c6dc                kernel_main
 .text          0x000000000001c9b1      0x204 kernel/protect.o
                0x000000000001c9b1                init_desc
                0x000000000001ca12                init_idt_desc
                0x000000000001ca73                init_prot
                0x000000000001caf8                get_base
                0x000000000001cb46                get_limit
                0x000000000001cb7b                granularity
 .text          0x000000000001cbb5      0x1e0 kernel/clock.o
                0x000000000001cbb5                disp_time
                0x000000000001ccf6                clock_handler
                0x000000000001cd23                init_clock
 *fill*         0x000000000001cd95        0xb 
 .text          0x000000000001cda0       0x9c kernel/syscall.o
                0x000000000001cda0                get_ticks
                0x000000000001cda8                sendrecv
                0x000000000001cdbc                getpid
                0x000000000001cdc4                getppid
                0x000000000001cdcc                printk
                0x000000000001cdd8                sem_init
                0x000000000001cde8                sem_post
                0x000000000001cdf4                sem_wait
                0x000000000001ce00                getcr3
                0x000000000001ce08                phymemcpy
                0x000000000001ce1c                sleep
                0x000000000001ce28                get_first_chunk
                0x000000000001ce30                set_first_chunk
 .text          0x000000000001ce3c      0xc5b kernel/proc.o
                0x000000000001ce3c                sys_get_ticks
                0x000000000001ce46                sys_sendrecv
                0x000000000001cef4                sys_getpid
                0x000000000001cf01                sys_getppid
                0x000000000001cf0e                sys_printk
                0x000000000001cf41                sys_sem_init
                0x000000000001cf7e                sys_sem_post
                0x000000000001cfe5                sys_sem_wait
                0x000000000001d057                sys_phymemcpy
                0x000000000001d08c                sys_sleep
                0x000000000001d0de                sys_get_first_chunk
                0x000000000001d0ee                sys_set_first_chunk
                0x000000000001d101                schedule
                0x000000000001d1b4                inform_int
                0x000000000001d256                interrupt_wait
                0x000000000001d279                init_send_queue
                0x000000000001d2af                va2la
                0x000000000001d2dc                va2pa
                0x000000000001d30b                la2pa
                0x000000000001d362                dump_msg
                0x000000000001d393                failure
                0x000000000001d406                panic
                0x000000000001d469                msg_send
                0x000000000001d627                msg_recv
                0x000000000001d8af                block
                0x000000000001d8ea                unblock
                0x000000000001d8ef                deadlock
                0x000000000001d971                enqueue
                0x000000000001d9f7                dequeue
                0x000000000001da85                empty
 .text          0x000000000001da97      0x128 kernel/irq.o
                0x000000000001da97                put_irq_handler
                0x000000000001dab7                enable_irq
                0x000000000001db3d                disable_irq
 .text          0x000000000001dbbf      0x2db kernel/exception.o
                0x000000000001dbbf                put_excep_handler
                0x000000000001dbd1                do_invalid_opcode
                0x000000000001dc43                do_general_protection
                0x000000000001dc8c                do_page_fault
 .text          0x000000000001de9a      0x897 kernel/test.o
                0x000000000001de9a                Init
                0x000000000001df5b                TaskA
                0x000000000001e22d                TaskB
                0x000000000001e375                TaskC
                0x000000000001e4bd                TaskD
                0x000000000001e4c5                TaskE
 .text          0x000000000001e731      0x11b driver/keyboard.o
                0x000000000001e731                keyboard_handler
                0x000000000001e7c7                keyboard_read
                0x000000000001e81a                init_keyboard
 .text          0x000000000001e84c      0x60e driver/tty.o
                0x000000000001e84c                TaskTTY
                0x000000000001e8c5                init_tty
                0x000000000001e910                tty_printstr
                0x000000000001e958                tty_backspace
                0x000000000001ea0c                tty_put_text_ch
                0x000000000001ea3f                disp_tips
                0x000000000001ea9d                reset_kb_buf
                0x000000000001eb0c                parse_input
                0x000000000001eb67                tty_printchar
                0x000000000001ebbc                init_console
                0x000000000001ec5b                is_current_console
                0x000000000001ec8b                tty_dev_read
                0x000000000001ecba                tty_dev_write
 .text          0x000000000001ee5a      0x619 driver/hd.o
                0x000000000001ee5a                TaskHD
                0x000000000001eeff                init_hd
                0x000000000001ef99                hd_open
                0x000000000001efc3                hd_read
                0x000000000001f005                hd_write
                0x000000000001f047                do_hd_open
                0x000000000001f081                do_hd_read
                0x000000000001f110                do_hd_write
                0x000000000001f19f                hd_handler
                0x000000000001f1c2                wait_disk
                0x000000000001f1db                hd_cmd_out
                0x000000000001f2b1                get_hd_info
                0x000000000001f2ef                disp_hd_info
 .text          0x000000000001f473       0xb2 driver/console.o
                0x000000000001f473                select_console
                0x000000000001f4bc                scroll_screen
 *fill*         0x000000000001f525        0xb 
 .text          0x000000000001f530      0x1bb lib/klib.o
                0x000000000001f530                println
                0x000000000001f56f                print
                0x000000000001f5aa                printmsg
                0x000000000001f5f4                printchar
                0x000000000001f622                backspace
                0x000000000001f63a                itoa
                0x000000000001f679                in_byte
                0x000000000001f683                out_byte
                0x000000000001f68f                port_read
                0x000000000001f6a7                port_write
                0x000000000001f6bf                disable_int
                0x000000000001f6c1                enable_int
                0x000000000001f6c3                disable_paging
                0x000000000001f6cf                enable_paging
                0x000000000001f6db                getcr2
                0x000000000001f6df                load_cr3
                0x000000000001f6e7                sys_getcr3
 .text          0x000000000001f6eb      0x1c5 lib/string.o
                0x000000000001f6eb                strlen
                0x000000000001f713                strcmp
                0x000000000001f773                strcpy
                0x000000000001f797                memcpy
                0x000000000001f814                memset
                0x000000000001f840                memcmp
 .text          0x000000000001f8b0       0x85 lib/printf.o
                0x000000000001f8b0                printf
                0x000000000001f90b                sprintf
 .text          0x000000000001f935      0x296 lib/vsprintf.o
                0x000000000001f935                pow
                0x000000000001f96e                tohex
                0x000000000001fa17                vsprintf
 .text          0x000000000001fbcb      0x123 lib/io.o
                0x000000000001fbcb                set_cursor_pos
                0x000000000001fc34                set_video_start
                0x000000000001fc9d                init_video
 .text          0x000000000001fcee      0x46a fs/main.o
                0x000000000001fcee                TaskFS
                0x000000000001fdb6                init_fs
                0x000000000001fe30                mkfs
 .text          0x0000000000020158      0x82b fs/open.o
                0x0000000000020158                open
                0x000000000002019f                do_open
                0x000000000002044b                create_file
                0x00000000000204b5                alloc_imap_bit
                0x00000000000205f3                alloc_smap_bits
                0x0000000000020758                alloc_inode
                0x0000000000020892                alloc_dir_entry
 .text          0x0000000000020983      0x137 fs/misc.o
                0x0000000000020983                find_file
                0x0000000000020a0c                get_inode
 .text          0x0000000000020aba      0x11a fs/close.o
                0x0000000000020aba                close
                0x0000000000020aed                do_close
                0x0000000000020b65                clear_inode
 .text          0x0000000000020bd4      0x3db fs/rdwt.o
                0x0000000000020bd4                write
                0x0000000000020c13                read
                0x0000000000020c52                do_rdwt
 .text          0x0000000000020faf      0x4e6 fs/unlink.o
                0x0000000000020faf                unlink
                0x0000000000020ff0                do_unlink
 .text          0x0000000000021495      0x3a2 mm/main.o
                0x0000000000021495                TaskMM
                0x0000000000021555                init_mm
 .text          0x0000000000021837      0x22f mm/vmalloc.o
                0x0000000000021837                vm_alloc
                0x000000000002188c                vm_alloc_ex
                0x00000000000218e9                do_vm_alloc
 .text          0x0000000000021a66      0x102 mm/vmfree.o
                0x0000000000021a66                vm_free
                0x0000000000021ab2                do_vm_free
 .text          0x0000000000021b68      0x66f mm/misc.o
                0x0000000000021b68                alloc_frame
                0x0000000000021be6                find_pf_list_item
                0x0000000000021c1e                alloc_page
                0x0000000000021cb4                check_free_page
                0x0000000000021cf7                check_free_frame
                0x0000000000021d57                relocate_pde
                0x0000000000021dc2                enable_write_protection
                0x0000000000021e36                map_frame
                0x000000000002201e                unmap_frame
 .text          0x00000000000221d7      0x25a mm/brk.o
                0x00000000000221d7                brk
                0x000000000002220a                sbrk
                0x000000000002223d                do_brk
                0x00000000000223e5                do_sbrk
 .text          0x0000000000022431      0x5eb mm/malloc/malloc.o
                0x0000000000022431                malloc
                0x00000000000224f2                find_chunk
                0x0000000000022567                extend_heap
                0x0000000000022682                split_chunk
                0x0000000000022717                print_chunks
                0x00000000000227e4                free
                0x00000000000228ad                valid_addr
                0x00000000000228fa                get_chunk
                0x0000000000022932                merge_chunks
 .text          0x0000000000022a1c       0x86 exe/main.o
                0x0000000000022a1c                TaskEXE
 .text          0x0000000000022aa2      0x306 exe/fork.o
                0x0000000000022aa2                fork
                0x0000000000022afa                do_fork
 *(.gnu.warning)

.fini
 *(SORT(.fini))
                0x0000000000022da8                PROVIDE (__etext, .)
                0x0000000000022da8                PROVIDE (_etext, .)
                0x0000000000022da8                PROVIDE (etext, .)

.rodata         0x0000000000022da8      0xdb2
 *(.rodata .rodata.* .gnu.linkonce.r.*)
 .rodata        0x0000000000022da8       0x25 kernel/start.o
 *fill*         0x0000000000022dcd        0x3 
 .rodata        0x0000000000022dd0       0x26 kernel/main.o
 .rodata        0x0000000000022df6       0x1e kernel/clock.o
 .rodata        0x0000000000022e14       0xda kernel/proc.o
 *fill*         0x0000000000022eee        0x2 
 .rodata        0x0000000000022ef0      0x105 kernel/exception.o
 *fill*         0x0000000000022ff5        0x3 
 .rodata        0x0000000000022ff8      0x18c kernel/test.o
 .rodata        0x0000000000023184        0xd driver/tty.o
 *fill*         0x0000000000023191        0x3 
 .rodata        0x0000000000023194      0x15b driver/hd.o
 *fill*         0x00000000000232ef        0x1 
 .rodata        0x00000000000232f0      0x10b fs/main.o
 *fill*         0x00000000000233fb        0x1 
 .rodata        0x00000000000233fc      0x16c fs/open.o
 .rodata        0x0000000000023568       0x2a fs/misc.o
 .rodata        0x0000000000023592       0x1e fs/close.o
 .rodata        0x00000000000235b0       0x17 fs/rdwt.o
 *fill*         0x00000000000235c7        0x1 
 .rodata        0x00000000000235c8      0x16b fs/unlink.o
 *fill*         0x0000000000023733        0x1 
 .rodata        0x0000000000023734       0x64 mm/main.o
 .rodata        0x0000000000023798       0x9b mm/vmalloc.o
 .rodata        0x0000000000023833       0x31 mm/vmfree.o
 .rodata        0x0000000000023864       0x34 mm/misc.o
 .rodata        0x0000000000023898       0x7f mm/brk.o
 *fill*         0x0000000000023917        0x1 
 .rodata        0x0000000000023918      0x12e mm/malloc/malloc.o
 *fill*         0x0000000000023a46        0x2 
 .rodata        0x0000000000023a48       0x50 exe/main.o
 .rodata        0x0000000000023a98       0xc2 exe/fork.o

.rodata1
 *(.rodata1)

.eh_frame_hdr
 *(.eh_frame_hdr)

.eh_frame       0x0000000000023b5c     0x1340
 *(.eh_frame)
 .eh_frame      0x0000000000023b5c       0x38 kernel/start.o
 .eh_frame      0x0000000000023b94       0x1c kernel/main.o
                                         0x34 (size before relaxing)
 .eh_frame      0x0000000000023bb0       0xc0 kernel/protect.o
                                         0xd8 (size before relaxing)
 .eh_frame      0x0000000000023c70       0x70 kernel/clock.o
                                         0x88 (size before relaxing)
 .eh_frame      0x0000000000023ce0      0x3d4 kernel/proc.o
                                        0x3ec (size before relaxing)
 .eh_frame      0x00000000000240b4       0x68 kernel/irq.o
                                         0x80 (size before relaxing)
 .eh_frame      0x000000000002411c       0x78 kernel/exception.o
                                         0x90 (size before relaxing)
 .eh_frame      0x0000000000024194       0xa8 kernel/test.o
                                         0xc0 (size before relaxing)
 .eh_frame      0x000000000002423c       0x60 driver/keyboard.o
                                         0x78 (size before relaxing)
 .eh_frame      0x000000000002429c      0x19c driver/tty.o
                                        0x1b4 (size before relaxing)
 .eh_frame      0x0000000000024438      0x1ac driver/hd.o
                                        0x1c4 (size before relaxing)
 .eh_frame      0x00000000000245e4       0x40 driver/console.o
                                         0x58 (size before relaxing)
 .eh_frame      0x0000000000024624       0xc0 lib/string.o
                                         0xd8 (size before relaxing)
 .eh_frame      0x00000000000246e4       0x48 lib/printf.o
                                         0x60 (size before relaxing)
 .eh_frame      0x000000000002472c       0x64 lib/vsprintf.o
                                         0x7c (size before relaxing)
 .eh_frame      0x0000000000024790       0x60 lib/io.o
                                         0x78 (size before relaxing)
 .eh_frame      0x00000000000247f0       0x64 fs/main.o
                                         0x7c (size before relaxing)
 .eh_frame      0x0000000000024854       0xf8 fs/open.o
                                        0x110 (size before relaxing)
 .eh_frame      0x000000000002494c       0x40 fs/misc.o
                                         0x58 (size before relaxing)
 .eh_frame      0x000000000002498c       0x60 fs/close.o
                                         0x78 (size before relaxing)
 .eh_frame      0x00000000000249ec       0x60 fs/rdwt.o
                                         0x78 (size before relaxing)
 .eh_frame      0x0000000000024a4c       0x48 fs/unlink.o
                                         0x60 (size before relaxing)
 .eh_frame      0x0000000000024a94       0x3c mm/main.o
                                         0x54 (size before relaxing)
 .eh_frame      0x0000000000024ad0       0x60 mm/vmalloc.o
                                         0x78 (size before relaxing)
 .eh_frame      0x0000000000024b30       0x40 mm/vmfree.o
                                         0x58 (size before relaxing)
 .eh_frame      0x0000000000024b70      0x120 mm/misc.o
                                        0x138 (size before relaxing)
 .eh_frame      0x0000000000024c90       0x80 mm/brk.o
                                         0x98 (size before relaxing)
 .eh_frame      0x0000000000024d10      0x124 mm/malloc/malloc.o
                                        0x13c (size before relaxing)
 .eh_frame      0x0000000000024e34       0x1c exe/main.o
                                         0x34 (size before relaxing)
 .eh_frame      0x0000000000024e50       0x4c exe/fork.o
                                         0x64 (size before relaxing)

.gcc_except_table
 *(.gcc_except_table .gcc_except_table.*)

.exception_ranges
 *(.exception_ranges .exception_ranges*)
                0x0000000000024e9c                . = (ALIGN (0x1000) - ((0x1000 - .) & 0xfff))
                0x0000000000025000                . = DATA_SEGMENT_ALIGN (0x1000, 0x1000)

.eh_frame
 *(.eh_frame)

.gcc_except_table
 *(.gcc_except_table .gcc_except_table.*)

.exception_ranges
 *(.exception_ranges .exception_ranges*)

.tdata
 *(.tdata .tdata.* .gnu.linkonce.td.*)

.tbss
 *(.tbss .tbss.* .gnu.linkonce.tb.*)
 *(.tcommon)

.preinit_array  0x0000000000025000        0x0
                0x0000000000025000                PROVIDE (__preinit_array_start, .)
 *(.preinit_array)
                0x0000000000025000                PROVIDE (__preinit_array_end, .)

.init_array     0x0000000000025000        0x0
                0x0000000000025000                PROVIDE (__init_array_start, .)
 *(SORT(.init_array.*) SORT(.ctors.*))
 *(.init_array EXCLUDE_FILE(*crtend?.o *crtend.o *crtbegin?.o *crtbegin.o) .ctors)
                0x0000000000025000                PROVIDE (__init_array_end, .)

.fini_array     0x0000000000025000        0x0
                0x0000000000025000                PROVIDE (__fini_array_start, .)
 *(SORT(.fini_array.*) SORT(.dtors.*))
 *(.fini_array EXCLUDE_FILE(*crtend?.o *crtend.o *crtbegin?.o *crtbegin.o) .dtors)
                0x0000000000025000                PROVIDE (__fini_array_end, .)

.ctors
 *crtbegin.o(.ctors)
 *crtbegin?.o(.ctors)
 *(EXCLUDE_FILE(*crtend?.o *crtend.o) .ctors)
 *(SORT(.ctors.*))
 *(.ctors)

.dtors
 *crtbegin.o(.dtors)
 *crtbegin?.o(.dtors)
 *(EXCLUDE_FILE(*crtend?.o *crtend.o) .dtors)
 *(SORT(.dtors.*))
 *(.dtors)

.jcr
 *(.jcr)

.data.rel.ro
 *(.data.rel.ro.local* .gnu.linkonce.d.rel.ro.local.*)
 *(.data.rel.ro .data.rel.ro.* .gnu.linkonce.d.rel.ro.*)

.dynamic
 *(.dynamic)

.got
 *(.got)
 *(.igot)
                0x0000000000025000                . = DATA_SEGMENT_RELRO_END (., (SIZEOF (.got.plt) >= 0xc)?0xc:0x0)

.got.plt        0x0000000000025000        0x0
 *(.got.plt)
 *(.igot.plt)
 .igot.plt      0x0000000000000000        0x0 kernel/kernel.o

.data           0x0000000000025000     0x1190
 *(.data .data.* .gnu.linkonce.d.*)
 .data          0x0000000000025000     0x1074 kernel/kernel.o
                0x0000000000025000                GDT
                0x0000000000025806                IDT
                0x000000000002600c                TSS
 .data          0x0000000000026074        0x0 kernel/start.o
 .data          0x0000000000026074        0x0 kernel/main.o
 .data          0x0000000000026074        0x0 kernel/protect.o
 .data          0x0000000000026074        0x0 kernel/clock.o
 *fill*         0x0000000000026074        0xc 
 .data          0x0000000000026080       0xb4 kernel/proc.o
                0x0000000000026080                task_table
                0x0000000000026100                syscall_table
 .data          0x0000000000026134        0x0 kernel/irq.o
 .data          0x0000000000026134        0x0 kernel/exception.o
 .data          0x0000000000026134        0x0 kernel/test.o
 *fill*         0x0000000000026134        0xc 
 .data          0x0000000000026140       0x45 driver/keyboard.o
                0x0000000000026140                keymap
 .data          0x0000000000026185        0x0 driver/tty.o
 .data          0x0000000000026185        0x0 driver/hd.o
 .data          0x0000000000026185        0x0 driver/console.o
 *fill*         0x0000000000026185        0x3 
 .data          0x0000000000026188        0x8 lib/klib.o
                0x0000000000026188                print_pos
                0x000000000002618c                main_print_pos
 .data          0x0000000000026190        0x0 lib/string.o
 .data          0x0000000000026190        0x0 lib/printf.o
 .data          0x0000000000026190        0x0 lib/vsprintf.o
 .data          0x0000000000026190        0x0 lib/io.o
 .data          0x0000000000026190        0x0 fs/main.o
 .data          0x0000000000026190        0x0 fs/open.o
 .data          0x0000000000026190        0x0 fs/misc.o
 .data          0x0000000000026190        0x0 fs/close.o
 .data          0x0000000000026190        0x0 fs/rdwt.o
 .data          0x0000000000026190        0x0 fs/unlink.o
 .data          0x0000000000026190        0x0 mm/main.o
 .data          0x0000000000026190        0x0 mm/vmalloc.o
 .data          0x0000000000026190        0x0 mm/vmfree.o
 .data          0x0000000000026190        0x0 mm/misc.o
 .data          0x0000000000026190        0x0 mm/brk.o
 .data          0x0000000000026190        0x0 mm/malloc/malloc.o
 .data          0x0000000000026190        0x0 exe/main.o
 .data          0x0000000000026190        0x0 exe/fork.o

.data1
 *(.data1)
                0x0000000000026190                _edata = .
                0x0000000000026190                PROVIDE (edata, .)
                0x0000000000026190                . = .
                0x0000000000026190                __bss_start = .

.bss            0x00000000000261a0    0x3f28c
 *(.dynbss)
 *(.bss .bss.* .gnu.linkonce.b.*)
 .bss           0x00000000000261a0      0x800 kernel/kernel.o
 .bss           0x00000000000269a0        0x0 kernel/start.o
 .bss           0x00000000000269a0        0x0 kernel/main.o
 .bss           0x00000000000269a0        0x0 kernel/protect.o
 .bss           0x00000000000269a0        0x0 kernel/clock.o
 .bss           0x00000000000269a0        0x0 kernel/proc.o
 .bss           0x00000000000269a0        0x0 kernel/irq.o
 .bss           0x00000000000269a0        0x0 kernel/exception.o
 .bss           0x00000000000269a0        0x0 kernel/test.o
 .bss           0x00000000000269a0        0x0 driver/keyboard.o
 .bss           0x00000000000269a0        0x0 driver/tty.o
 .bss           0x00000000000269a0        0x0 driver/hd.o
 .bss           0x00000000000269a0        0x0 driver/console.o
 .bss           0x00000000000269a0        0x0 lib/string.o
 .bss           0x00000000000269a0        0x0 lib/printf.o
 .bss           0x00000000000269a0        0x0 lib/vsprintf.o
 .bss           0x00000000000269a0        0x0 lib/io.o
 .bss           0x00000000000269a0        0x0 fs/main.o
 .bss           0x00000000000269a0        0x0 fs/open.o
 .bss           0x00000000000269a0        0x0 fs/misc.o
 .bss           0x00000000000269a0        0x0 fs/close.o
 .bss           0x00000000000269a0        0x0 fs/rdwt.o
 .bss           0x00000000000269a0        0x0 fs/unlink.o
 .bss           0x00000000000269a0        0x0 mm/main.o
 .bss           0x00000000000269a0        0x0 mm/vmalloc.o
 .bss           0x00000000000269a0        0x0 mm/vmfree.o
 .bss           0x00000000000269a0        0x0 mm/misc.o
 .bss           0x00000000000269a0        0x0 mm/brk.o
 .bss           0x00000000000269a0        0x0 mm/malloc/malloc.o
 .bss           0x00000000000269a0        0x0 exe/main.o
 .bss           0x00000000000269a0        0x0 exe/fork.o
 *(COMMON)
 COMMON         0x00000000000269a0     0x4284 kernel/proc.o
                0x00000000000269a0                task_stack_mm
                0x0000000000026da0                task_stack_hd
                0x00000000000271a0                task_stack_init
                0x00000000000275a0                task_stack_c
                0x00000000000279a0                task_stack_b
                0x0000000000027da0                task_stack_exe
                0x00000000000281a0                p_current_proc
                0x00000000000281c0                task_stack_d
                0x00000000000285c0                task_stack_tty
                0x00000000000289c0                ticks
                0x00000000000289e0                task_stack_fs
                0x0000000000028de0                task_stack_e
                0x00000000000291e0                proc_table
                0x000000000002a820                task_stack_a
                0x000000000002ac20                re_enter
 *fill*         0x000000000002ac24       0x1c 
 COMMON         0x000000000002ac40       0x40 kernel/irq.o
                0x000000000002ac40                irq_table
 COMMON         0x000000000002ac80       0x50 kernel/exception.o
                0x000000000002ac80                exception_table
 COMMON         0x000000000002acd0        0x4 driver/keyboard.o
                0x000000000002acd0                p_current_tty
 *fill*         0x000000000002acd4        0xc 
 COMMON         0x000000000002ace0      0x250 driver/tty.o
                0x000000000002ace0                tty_table
 *fill*         0x000000000002af30       0x10 
 COMMON         0x000000000002af40      0x440 driver/hd.o
                0x000000000002af40                hd_msg
                0x000000000002af80                hd_buf
 COMMON         0x000000000002b380       0x60 driver/console.o
                0x000000000002b380                nr_current_console
                0x000000000002b3a0                console_table
 COMMON         0x000000000002b3e0    0x39fc0 fs/main.o
                0x000000000002b3e0                inode_table
                0x00000000000433e0                dirent_buf
                0x00000000000435e0                inode_buf
                0x00000000000535e0                fs_msg
                0x0000000000053620                f_desc_table
                0x00000000000537a0                fsbuf
                0x00000000000647a0                smap_buf
                0x00000000000651a0                imap_buf
 COMMON         0x00000000000653a0       0x4c mm/main.o
                0x00000000000653a0                pf_list
                0x00000000000653a4                mi
                0x00000000000653c0                mm_msg
 *fill*         0x00000000000653ec       0x14 
 COMMON         0x0000000000065400       0x2c exe/main.o
                0x0000000000065400                exe_msg
                0x000000000006542c                . = ALIGN ((. != 0x0)?0x4:0x1)
                0x000000000006542c                . = ALIGN (0x4)
                0x000000000006542c                . = SEGMENT_START ("ldata-segment", .)
                0x000000000006542c                . = ALIGN (0x4)
                0x000000000006542c                _end = .
                0x000000000006542c                PROVIDE (end, .)
                0x000000000006542c                . = DATA_SEGMENT_END (.)

.stab
 *(.stab)

.stabstr
 *(.stabstr)

.stab.excl
 *(.stab.excl)

.stab.exclstr
 *(.stab.exclstr)

.stab.index
 *(.stab.index)

.stab.indexstr
 *(.stab.indexstr)

.comment        0x0000000000000000       0x2b
 *(.comment)
 .comment       0x0000000000000000       0x2b kernel/start.o
                                         0x2c (size before relaxing)
 .comment       0x0000000000000000       0x2c kernel/main.o
 .comment       0x0000000000000000       0x2c kernel/protect.o
 .comment       0x0000000000000000       0x2c kernel/clock.o
 .comment       0x0000000000000000       0x2c kernel/proc.o
 .comment       0x0000000000000000       0x2c kernel/irq.o
 .comment       0x0000000000000000       0x2c kernel/exception.o
 .comment       0x0000000000000000       0x2c kernel/test.o
 .comment       0x0000000000000000       0x2c driver/keyboard.o
 .comment       0x0000000000000000       0x2c driver/tty.o
 .comment       0x0000000000000000       0x2c driver/hd.o
 .comment       0x0000000000000000       0x2c driver/console.o
 .comment       0x0000000000000000       0x2c lib/string.o
 .comment       0x0000000000000000       0x2c lib/printf.o
 .comment       0x0000000000000000       0x2c lib/vsprintf.o
 .comment       0x0000000000000000       0x2c lib/io.o
 .comment       0x0000000000000000       0x2c fs/main.o
 .comment       0x0000000000000000       0x2c fs/open.o
 .comment       0x0000000000000000       0x2c fs/misc.o
 .comment       0x0000000000000000       0x2c fs/close.o
 .comment       0x0000000000000000       0x2c fs/rdwt.o
 .comment       0x0000000000000000       0x2c fs/unlink.o
 .comment       0x0000000000000000       0x2c mm/main.o
 .comment       0x0000000000000000       0x2c mm/vmalloc.o
 .comment       0x0000000000000000       0x2c mm/vmfree.o
 .comment       0x0000000000000000       0x2c mm/misc.o
 .comment       0x0000000000000000       0x2c mm/brk.o
 .comment       0x0000000000000000       0x2c mm/malloc/malloc.o
 .comment       0x0000000000000000       0x2c exe/main.o
 .comment       0x0000000000000000       0x2c exe/fork.o

.debug
 *(.debug)

.line
 *(.line)

.debug_srcinfo
 *(.debug_srcinfo)

.debug_sfnames
 *(.debug_sfnames)

.debug_aranges
 *(.debug_aranges)

.debug_pubnames
 *(.debug_pubnames)

.debug_info
 *(.debug_info .gnu.linkonce.wi.*)

.debug_abbrev
 *(.debug_abbrev)

.debug_line
 *(.debug_line .debug_line.* .debug_line_end)

.debug_frame
 *(.debug_frame)

.debug_str
 *(.debug_str)

.debug_loc
 *(.debug_loc)

.debug_macinfo
 *(.debug_macinfo)

.debug_weaknames
 *(.debug_weaknames)

.debug_funcnames
 *(.debug_funcnames)

.debug_typenames
 *(.debug_typenames)

.debug_varnames
 *(.debug_varnames)

.debug_pubtypes
 *(.debug_pubtypes)

.debug_ranges
 *(.debug_ranges)

.debug_macro
 *(.debug_macro)

.gnu.attributes
 *(.gnu.attributes)

/DISCARD/
 *(.note.GNU-stack)
 *(.gnu_debuglink)
 *(.gnu.lto_*)
OUTPUT(kernel.bin elf32-i386)
